Component: ARM Compiler 5.06 update 7 (build 960) Tool: armlink [4d3601]

==============================================================================

Section Cross References

    main.o(i.HAL_GetTick) refers to rtx_kernel.o(.text.osKernelGetState) for osKernelGetState
    main.o(i.HAL_GetTick) refers to rtx_kernel.o(.text.osKernelGetTickCount) for osKernelGetTickCount
    main.o(i.HAL_GetTick) refers to system_stm32f4xx.o(.data) for SystemCoreClock
    main.o(i.HAL_GetTick) refers to main.o(.data) for ticks
    main.o(i.SystemClock_Config) refers to stm32f4xx_hal_rcc.o(i.HAL_RCC_OscConfig) for HAL_RCC_OscConfig
    main.o(i.SystemClock_Config) refers to main.o(i.Error_Handler) for Error_Handler
    main.o(i.SystemClock_Config) refers to stm32f4xx_hal_rcc.o(i.HAL_RCC_ClockConfig) for HAL_RCC_ClockConfig
    main.o(i.SystemClock_Config) refers to stm32f4xx_hal.o(i.HAL_GetREVID) for HAL_GetREVID
    main.o(i.main) refers to stm32f4xx_hal.o(i.HAL_Init) for HAL_Init
    main.o(i.main) refers to main.o(i.SystemClock_Config) for SystemClock_Config
    main.o(i.main) refers to system_stm32f4xx.o(i.SystemCoreClockUpdate) for SystemCoreClockUpdate
    main.o(i.main) refers to rtx_kernel.o(.text.osKernelInitialize) for osKernelInitialize
    main.o(i.main) refers to rtx_kernel.o(.text.osKernelStart) for osKernelStart
    principal.o(i.principal_deinit) refers to rtx_msgqueue.o(.text.osMessageQueueDelete) for osMessageQueueDelete
    principal.o(i.principal_init) refers to calloc.o(.text) for calloc
    principal.o(i.principal_init) refers to rtx_msgqueue.o(.text.osMessageQueueNew) for osMessageQueueNew
    principal.o(i.principal_init) refers to hora.o(i.Init_Th_clk) for Init_Th_clk
    principal.o(i.principal_init) refers to temperatura.o(i.temp_init) for temp_init
    principal.o(i.principal_init) refers to principal.o(i.principal_deinit) for principal_deinit
    principal.o(i.principal_init) refers to principal.o(.constdata) for module_size
    hora.o(i.Init_Th_clk) refers to rtx_thread.o(.text.osThreadNew) for osThreadNew
    hora.o(i.Init_Th_clk) refers to hora.o(i.Th_clk) for Th_clk
    hora.o(i.Init_Th_clk) refers to hora.o(.data) for tid_Th_clk
    hora.o(i.Th_clk) refers to rtx_timer.o(.text.osTimerNew) for osTimerNew
    hora.o(i.Th_clk) refers to rtx_timer.o(.text.osTimerStart) for osTimerStart
    hora.o(i.Th_clk) refers to rtx_thread.o(.text.osThreadYield) for osThreadYield
    hora.o(i.Th_clk) refers to hora.o(i.Timer_clk_Callback) for Timer_clk_Callback
    hora.o(i.Th_clk) refers to hora.o(.data) for tim_clk
    hora.o(i.Timer_clk_Callback) refers to hora.o(.data) for seconds
    hora.o(i.set_clock) refers to hora.o(.data) for hours
    joystick.o(i.EXTI15_10_IRQHandler) refers to stm32f4xx_hal_gpio.o(i.HAL_GPIO_EXTI_IRQHandler) for HAL_GPIO_EXTI_IRQHandler
    joystick.o(i.HAL_GPIO_EXTI_Callback) refers to rtx_thread.o(.text.osThreadFlagsSet) for osThreadFlagsSet
    joystick.o(i.HAL_GPIO_EXTI_Callback) refers to joystick.o(.data) for valida
    joystick.o(i.Init_MsgQueue_joy) refers to rtx_msgqueue.o(.text.osMessageQueueNew) for osMessageQueueNew
    joystick.o(i.Init_MsgQueue_joy) refers to joystick.o(.data) for mid_MsgQueue_joy
    joystick.o(i.Init_Th_joy) refers to rtx_thread.o(.text.osThreadNew) for osThreadNew
    joystick.o(i.Init_Th_joy) refers to joystick.o(i.conf_pinout) for conf_pinout
    joystick.o(i.Init_Th_joy) refers to joystick.o(i.Init_MsgQueue_joy) for Init_MsgQueue_joy
    joystick.o(i.Init_Th_joy) refers to joystick.o(i.Th_joy) for Th_joy
    joystick.o(i.Init_Th_joy) refers to joystick.o(.data) for tid_Th_joy
    joystick.o(i.Th_joy) refers to rtx_timer.o(.text.osTimerNew) for osTimerNew
    joystick.o(i.Th_joy) refers to rtx_thread.o(.text.osThreadFlagsWait) for osThreadFlagsWait
    joystick.o(i.Th_joy) refers to rtx_timer.o(.text.osTimerStart) for osTimerStart
    joystick.o(i.Th_joy) refers to stm32f4xx_hal_gpio.o(i.HAL_GPIO_ReadPin) for HAL_GPIO_ReadPin
    joystick.o(i.Th_joy) refers to rtx_timer.o(.text.osTimerStop) for osTimerStop
    joystick.o(i.Th_joy) refers to rtx_msgqueue.o(.text.osMessageQueuePut) for osMessageQueuePut
    joystick.o(i.Th_joy) refers to rtx_thread.o(.text.osThreadYield) for osThreadYield
    joystick.o(i.Th_joy) refers to joystick.o(i.tmr_rebote_Callback) for tmr_rebote_Callback
    joystick.o(i.Th_joy) refers to joystick.o(.data) for Tmr_rebote_50ms
    joystick.o(i.Th_joy) refers to joystick.o(i.tmr_ciclos_Callback) for tmr_ciclos_Callback
    joystick.o(i.conf_pinout) refers to stm32f4xx_hal_gpio.o(i.HAL_GPIO_Init) for HAL_GPIO_Init
    joystick.o(i.conf_pinout) refers to stm32f4xx_hal_cortex.o(i.HAL_NVIC_EnableIRQ) for HAL_NVIC_EnableIRQ
    joystick.o(i.tmr_ciclos_Callback) refers to rtx_thread.o(.text.osThreadFlagsSet) for osThreadFlagsSet
    joystick.o(i.tmr_ciclos_Callback) refers to joystick.o(.data) for tid_Th_joy
[...]
    __arm_cp.1_0                             0x08001328   Number         4  rtx_timer.o(.text.osRtxTimerTick)
    [Anonymous Symbol]                       0x0800132c   Section        0  rtx_thread.o(.text.osThreadExit)
    __arm_cp.30_0                            0x08001334   Number         4  rtx_thread.o(.text.osThreadExit)
    [Anonymous Symbol]                       0x08001338   Section        0  rtx_thread.o(.text.osThreadFlagsSet)
    __arm_cp.34_0                            0x0800138c   Number         4  rtx_thread.o(.text.osThreadFlagsSet)
    [Anonymous Symbol]                       0x08001390   Section        0  rtx_kernel.o(.text.svcRtxKernelGetState)
    svcRtxKernelGetState                     0x08001391   Thumb Code     8  rtx_kernel.o(.text.svcRtxKernelGetState)
    __arm_cp.6_0                             0x08001398   Number         4  rtx_kernel.o(.text.svcRtxKernelGetState)
    [Anonymous Symbol]                       0x0800139c   Section        0  rtx_kernel.o(.text.svcRtxKernelGetTickCount)
    svcRtxKernelGetTickCount                 0x0800139d   Thumb Code     8  rtx_kernel.o(.text.svcRtxKernelGetTickCount)
    __arm_cp.14_0                            0x080013a4   Number         4  rtx_kernel.o(.text.svcRtxKernelGetTickCount)
    [Anonymous Symbol]                       0x080013a8   Section        0  rtx_kernel.o(.text.svcRtxKernelInitialize)
    svcRtxKernelInitialize                   0x080013a9   Thumb Code   244  rtx_kernel.o(.text.svcRtxKernelInitialize)
    __arm_cp.21_0                            0x0800149c   Number         4  rtx_kernel.o(.text.svcRtxKernelInitialize)
    __arm_cp.21_1                            0x080014a0   Number         4  rtx_kernel.o(.text.svcRtxKernelInitialize)
    __arm_cp.21_2                            0x080014a4   Number         4  rtx_kernel.o(.text.svcRtxKernelInitialize)
    [Anonymous Symbol]                       0x080014a8   Section        0  rtx_kernel.o(.text.svcRtxKernelStart)
    svcRtxKernelStart                        0x080014a9   Thumb Code   124  rtx_kernel.o(.text.svcRtxKernelStart)
    __arm_cp.22_0                            0x08001524   Number         4  rtx_kernel.o(.text.svcRtxKernelStart)
    __arm_cp.22_1                            0x08001528   Number         4  rtx_kernel.o(.text.svcRtxKernelStart)
    __arm_cp.22_2                            0x0800152c   Number         4  rtx_kernel.o(.text.svcRtxKernelStart)
    __arm_cp.22_3                            0x08001530   Number         4  rtx_kernel.o(.text.svcRtxKernelStart)
    [Anonymous Symbol]                       0x08001534   Section        0  rtx_msgqueue.o(.text.svcRtxMessageQueueGet)
    svcRtxMessageQueueGet                    0x08001535   Thumb Code   200  rtx_msgqueue.o(.text.svcRtxMessageQueueGet)
    __arm_cp.22_0                            0x080015fc   Number         4  rtx_msgqueue.o(.text.svcRtxMessageQueueGet)
    [Anonymous Symbol]                       0x08001600   Section        0  rtx_msgqueue.o(.text.svcRtxMessageQueueNew)
    svcRtxMessageQueueNew                    0x08001601   Thumb Code   272  rtx_msgqueue.o(.text.svcRtxMessageQueueNew)
    __arm_cp.1_0                             0x08001710   Number         4  rtx_msgqueue.o(.text.svcRtxMessageQueueNew)
    __arm_cp.1_1                             0x08001714   Number         4  rtx_msgqueue.o(.text.svcRtxMessageQueueNew)
    [Anonymous Symbol]                       0x08001718   Section        0  rtx_msgqueue.o(.text.svcRtxMessageQueuePut)
    svcRtxMessageQueuePut                    0x08001719   Thumb Code   168  rtx_msgqueue.o(.text.svcRtxMessageQueuePut)
    __arm_cp.20_0                            0x080017c0   Number         4  rtx_msgqueue.o(.text.svcRtxMessageQueuePut)
    [Anonymous Symbol]                       0x080017c4   Section        0  rtx_mutex.o(.text.svcRtxMutexAcquire)
    svcRtxMutexAcquire                       0x080017c5   Thumb Code   140  rtx_mutex.o(.text.svcRtxMutexAcquire)
    __arm_cp.10_0                            0x08001850   Number         4  rtx_mutex.o(.text.svcRtxMutexAcquire)
    [Anonymous Symbol]                       0x08001854   Section        0  rtx_mutex.o(.text.svcRtxMutexDelete)
    svcRtxMutexDelete                        0x08001855   Thumb Code   172  rtx_mutex.o(.text.svcRtxMutexDelete)
    __arm_cp.13_0                            0x08001900   Number         4  rtx_mutex.o(.text.svcRtxMutexDelete)
    [Anonymous Symbol]                       0x08001904   Section        0  rtx_mutex.o(.text.svcRtxMutexNew)
    svcRtxMutexNew                           0x08001905   Thumb Code   100  rtx_mutex.o(.text.svcRtxMutexNew)
    __arm_cp.8_0                             0x08001968   Number         4  rtx_mutex.o(.text.svcRtxMutexNew)
    [Anonymous Symbol]                       0x0800196c   Section        0  rtx_mutex.o(.text.svcRtxMutexRelease)
    svcRtxMutexRelease                       0x0800196d   Thumb Code   176  rtx_mutex.o(.text.svcRtxMutexRelease)
    __arm_cp.11_0                            0x08001a1c   Number         4  rtx_mutex.o(.text.svcRtxMutexRelease)
    [Anonymous Symbol]                       0x08001a20   Section        0  rtx_thread.o(.text.svcRtxThreadExit)
    svcRtxThreadExit                         0x08001a21   Thumb Code    72  rtx_thread.o(.text.svcRtxThreadExit)
    __arm_cp.53_0                            0x08001a68   Number         4  rtx_thread.o(.text.svcRtxThreadExit)
    [Anonymous Symbol]                       0x08001a6c   Section        0  rtx_thread.o(.text.svcRtxThreadFlagsSet)
    svcRtxThreadFlagsSet                     0x08001a6d   Thumb Code   102  rtx_thread.o(.text.svcRtxThreadFlagsSet)
    [Anonymous Symbol]                       0x08001ad4   Section        0  rtx_thread.o(.text.svcRtxThreadNew)
    svcRtxThreadNew                          0x08001ad5   Thumb Code   472  rtx_thread.o(.text.svcRtxThreadNew)
    __arm_cp.15_0                            0x08001cac   Number         4  rtx_thread.o(.text.svcRtxThreadNew)
    __arm_cp.15_1                            0x08001cb0   Number         4  rtx_thread.o(.text.svcRtxThreadNew)
    __arm_cp.15_2                            0x08001cb4   Number         4  rtx_thread.o(.text.svcRtxThreadNew)
    __arm_cp.15_3                            0x08001cb8   Number         4  rtx_thread.o(.text.svcRtxThreadNew)
    __arm_cp.15_4                            0x08001cbc   Number         4  rtx_thread.o(.text.svcRtxThreadNew)
    i.BusFault_Handler                       0x08001cc0   Section        0  stm32f4xx_it.o(i.BusFault_Handler)
    i.DMA_CalcBaseAndBitshift                0x08001cc4   Section        0  stm32f4xx_hal_dma.o(i.DMA_CalcBaseAndBitshift)
    DMA_CalcBaseAndBitshift                  0x08001cc5   Thumb Code    46  stm32f4xx_hal_dma.o(i.DMA_CalcBaseAndBitshift)
    i.DMA_CheckFifoParam                     0x08001cf8   Section        0  stm32f4xx_hal_dma.o(i.DMA_CheckFifoParam)
    DMA_CheckFifoParam                       0x08001cf9   Thumb Code   170  stm32f4xx_hal_dma.o(i.DMA_CheckFifoParam)
    i.DMA_SetConfig                          0x08001da2   Section        0  stm32f4xx_hal_dma.o(i.DMA_SetConfig)
    DMA_SetConfig                            0x08001da3   Thumb Code    44  stm32f4xx_hal_dma.o(i.DMA_SetConfig)
    i.DebugMon_Handler                       0x08001dce   Section        0  stm32f4xx_it.o(i.DebugMon_Handler)
    i.EXTI15_10_IRQHandler                   0x08001dd0   Section        0  joystick.o(i.EXTI15_10_IRQHandler)
    i.Enable_GPIO_Clock                      0x08001de4   Section        0  i2c_stm32f4xx.o(i.Enable_GPIO_Clock)
    Enable_GPIO_Clock                        0x08001de5   Thumb Code   422  i2c_stm32f4xx.o(i.Enable_GPIO_Clock)
    i.Error_Handler                          0x08001fbc   Section        0  main.o(i.Error_Handler)
    Error_Handler                            0x08001fbd   Thumb Code     6  main.o(i.Error_Handler)
    i.HAL_DMA_Abort                          0x08001fc2   Section        0  stm32f4xx_hal_dma.o(i.HAL_DMA_Abort)
    i.HAL_DMA_Init                           0x08002070   Section        0  stm32f4xx_hal_dma.o(i.HAL_DMA_Init)
    i.HAL_DMA_Start_IT                       0x0800215c   Section        0  stm32f4xx_hal_dma.o(i.HAL_DMA_Start_IT)
    i.HAL_Delay                              0x080021f0   Section        0  stm32f4xx_hal.o(i.HAL_Delay)
    i.HAL_GPIO_DeInit                        0x08002218   Section        0  stm32f4xx_hal_gpio.o(i.HAL_GPIO_DeInit)
    i.HAL_GPIO_EXTI_Callback                 0x0800239c   Section        0  joystick.o(i.HAL_GPIO_EXTI_Callback)
    i.HAL_GPIO_EXTI_IRQHandler               0x080023d4   Section        0  stm32f4xx_hal_gpio.o(i.HAL_GPIO_EXTI_IRQHandler)
    i.HAL_GPIO_Init                          0x080023f0   Section        0  stm32f4xx_hal_gpio.o(i.HAL_GPIO_Init)
    i.HAL_GPIO_ReadPin                       0x08002600   Section        0  stm32f4xx_hal_gpio.o(i.HAL_GPIO_ReadPin)
    i.HAL_GPIO_WritePin                      0x08002610   Section        0  stm32f4xx_hal_gpio.o(i.HAL_GPIO_WritePin)
    i.HAL_GetREVID                           0x0800261c   Section        0  stm32f4xx_hal.o(i.HAL_GetREVID)
    i.HAL_GetTick                            0x08002628   Section        0  main.o(i.HAL_GetTick)
    i.HAL_Init                               0x08002674   Section        0  stm32f4xx_hal.o(i.HAL_Init)
    i.HAL_InitTick                           0x080026a4   Section        0  stm32f4xx_hal.o(i.HAL_InitTick)
    i.HAL_MspInit                            0x080026f0   Section        0  stm32f4xx_hal.o(i.HAL_MspInit)
    i.HAL_NVIC_ClearPendingIRQ               0x080026f4   Section        0  stm32f4xx_hal_cortex.o(i.HAL_NVIC_ClearPendingIRQ)
    i.HAL_NVIC_DisableIRQ                    0x08002718   Section        0  stm32f4xx_hal_cortex.o(i.HAL_NVIC_DisableIRQ)
    i.HAL_NVIC_EnableIRQ                     0x08002744   Section        0  stm32f4xx_hal_cortex.o(i.HAL_NVIC_EnableIRQ)
    i.HAL_NVIC_SetPriority                   0x0800276c   Section        0  stm32f4xx_hal_cortex.o(i.HAL_NVIC_SetPriority)
    i.HAL_NVIC_SetPriorityGrouping           0x080027e8   Section        0  stm32f4xx_hal_cortex.o(i.HAL_NVIC_SetPriorityGrouping)
    i.HAL_RCC_ClockConfig                    0x08002810   Section        0  stm32f4xx_hal_rcc.o(i.HAL_RCC_ClockConfig)
    i.HAL_RCC_GetHCLKFreq                    0x08002994   Section        0  stm32f4xx_hal_rcc.o(i.HAL_RCC_GetHCLKFreq)
    i.HAL_RCC_GetPCLK1Freq                   0x080029a0   Section        0  stm32f4xx_hal_rcc.o(i.HAL_RCC_GetPCLK1Freq)
    i.HAL_RCC_GetSysClockFreq                0x080029c0   Section        0  stm32f4xx_hal_rcc.o(i.HAL_RCC_GetSysClockFreq)
    i.HAL_RCC_OscConfig                      0x08002a70   Section        0  stm32f4xx_hal_rcc.o(i.HAL_RCC_OscConfig)
    i.HAL_SYSTICK_Config                     0x08002f0c   Section        0  stm32f4xx_hal_cortex.o(i.HAL_SYSTICK_Config)
    i.HardFault_Handler                      0x08002f40   Section        0  stm32f4xx_it.o(i.HardFault_Handler)
    i.I2C1_Control                           0x08002f44   Section        0  i2c_stm32f4xx.o(i.I2C1_Control)
    I2C1_Control                             0x08002f45   Thumb Code    18  i2c_stm32f4xx.o(i.I2C1_Control)
    i.I2C1_ER_IRQHandler                     0x08002f5c   Section        0  i2c_stm32f4xx.o(i.I2C1_ER_IRQHandler)
    i.I2C1_EV_IRQHandler                     0x08002f6c   Section        0  i2c_stm32f4xx.o(i.I2C1_EV_IRQHandler)
    i.I2C1_GetDataCount                      0x08002f7c   Section        0  i2c_stm32f4xx.o(i.I2C1_GetDataCount)
    I2C1_GetDataCount                        0x08002f7d   Thumb Code    10  i2c_stm32f4xx.o(i.I2C1_GetDataCount)
    i.I2C1_GetStatus                         0x08002f8c   Section        0  i2c_stm32f4xx.o(i.I2C1_GetStatus)
    I2C1_GetStatus                           0x08002f8d   Thumb Code    12  i2c_stm32f4xx.o(i.I2C1_GetStatus)
    i.I2C1_Initialize                        0x08002f9c   Section        0  i2c_stm32f4xx.o(i.I2C1_Initialize)
    I2C1_Initialize                          0x08002f9d   Thumb Code    14  i2c_stm32f4xx.o(i.I2C1_Initialize)
    i.I2C1_MasterReceive                     0x08002fb0   Section        0  i2c_stm32f4xx.o(i.I2C1_MasterReceive)
    I2C1_MasterReceive                       0x08002fb1   Thumb Code    28  i2c_stm32f4xx.o(i.I2C1_MasterReceive)
    i.I2C1_MasterTransmit                    0x08002fd0   Section        0  i2c_stm32f4xx.o(i.I2C1_MasterTransmit)
    I2C1_MasterTransmit                      0x08002fd1   Thumb Code    28  i2c_stm32f4xx.o(i.I2C1_MasterTransmit)
    i.I2C1_PowerControl                      0x08002ff0   Section        0  i2c_stm32f4xx.o(i.I2C1_PowerControl)
    I2C1_PowerControl                        0x08002ff1   Thumb Code    14  i2c_stm32f4xx.o(i.I2C1_PowerControl)
    i.I2C1_SlaveReceive                      0x08003004   Section        0  i2c_stm32f4xx.o(i.I2C1_SlaveReceive)
    I2C1_SlaveReceive                        0x08003005   Thumb Code    18  i2c_stm32f4xx.o(i.I2C1_SlaveReceive)
    i.I2C1_SlaveTransmit                     0x0800301c   Section        0  i2c_stm32f4xx.o(i.I2C1_SlaveTransmit)
    I2C1_SlaveTransmit                       0x0800301d   Thumb Code    18  i2c_stm32f4xx.o(i.I2C1_SlaveTransmit)
    i.I2C1_Uninitialize                      0x08003034   Section        0  i2c_stm32f4xx.o(i.I2C1_Uninitialize)
    I2C1_Uninitialize                        0x08003035   Thumb Code    10  i2c_stm32f4xx.o(i.I2C1_Uninitialize)
    i.I2CX_GetCapabilities                   0x08003044   Section        0  i2c_stm32f4xx.o(i.I2CX_GetCapabilities)
    I2CX_GetCapabilities                     0x08003045   Thumb Code     6  i2c_stm32f4xx.o(i.I2CX_GetCapabilities)
    i.I2CX_GetVersion                        0x08003050   Section        0  i2c_stm32f4xx.o(i.I2CX_GetVersion)
    I2CX_GetVersion                          0x08003051   Thumb Code    10  i2c_stm32f4xx.o(i.I2CX_GetVersion)
    i.I2C_Control                            0x08003060   Section        0  i2c_stm32f4xx.o(i.I2C_Control)
    I2C_Control                              0x08003061   Thumb Code   816  i2c_stm32f4xx.o(i.I2C_Control)
    i.I2C_ER_IRQHandler                      0x080033ac   Section        0  i2c_stm32f4xx.o(i.I2C_ER_IRQHandler)
    I2C_ER_IRQHandler                        0x080033ad   Thumb Code   518  i2c_stm32f4xx.o(i.I2C_ER_IRQHandler)
    i.I2C_EV_IRQHandler                      0x080035b2   Section        0  i2c_stm32f4xx.o(i.I2C_EV_IRQHandler)
    I2C_EV_IRQHandler                        0x080035b3   Thumb Code  1724  i2c_stm32f4xx.o(i.I2C_EV_IRQHandler)
    i.I2C_GetDataCount                       0x08003c6e   Section        0  i2c_stm32f4xx.o(i.I2C_GetDataCount)
    I2C_GetDataCount                         0x08003c6f   Thumb Code    52  i2c_stm32f4xx.o(i.I2C_GetDataCount)
    i.I2C_GetStatus                          0x08003ca2   Section        0  i2c_stm32f4xx.o(i.I2C_GetStatus)
    I2C_GetStatus                            0x08003ca3   Thumb Code     8  i2c_stm32f4xx.o(i.I2C_GetStatus)
    i.I2C_Initialize                         0x08003cac   Section        0  i2c_stm32f4xx.o(i.I2C_Initialize)
    I2C_Initialize                           0x08003cad   Thumb Code   444  i2c_stm32f4xx.o(i.I2C_Initialize)
    i.I2C_MasterReceive                      0x08003e6c   Section        0  i2c_stm32f4xx.o(i.I2C_MasterReceive)
    I2C_MasterReceive                        0x08003e6d   Thumb Code   324  i2c_stm32f4xx.o(i.I2C_MasterReceive)
    i.I2C_MasterTransmit                     0x08003fb0   Section        0  i2c_stm32f4xx.o(i.I2C_MasterTransmit)
    I2C_MasterTransmit                       0x08003fb1   Thumb Code   298  i2c_stm32f4xx.o(i.I2C_MasterTransmit)
    i.I2C_PowerControl                       0x080040dc   Section        0  i2c_stm32f4xx.o(i.I2C_PowerControl)
    I2C_PowerControl                         0x080040dd   Thumb Code   650  i2c_stm32f4xx.o(i.I2C_PowerControl)
    i.I2C_SlaveReceive                       0x08004374   Section        0  i2c_stm32f4xx.o(i.I2C_SlaveReceive)
    I2C_SlaveReceive                         0x08004375   Thumb Code   136  i2c_stm32f4xx.o(i.I2C_SlaveReceive)
    i.I2C_SlaveTransmit                      0x080043fc   Section        0  i2c_stm32f4xx.o(i.I2C_SlaveTransmit)
    I2C_SlaveTransmit                        0x080043fd   Thumb Code   136  i2c_stm32f4xx.o(i.I2C_SlaveTransmit)
    i.I2C_Uninitialize                       0x08004484   Section        0  i2c_stm32f4xx.o(i.I2C_Uninitialize)
    I2C_Uninitialize                         0x08004485   Thumb Code    52  i2c_stm32f4xx.o(i.I2C_Uninitialize)
    i.MemManage_Handler                      0x080044b8   Section        0  stm32f4xx_it.o(i.MemManage_Handler)
    i.NMI_Handler                            0x080044bc   Section        0  stm32f4xx_it.o(i.NMI_Handler)
    i.SystemClock_Config                     0x080044c0   Section        0  main.o(i.SystemClock_Config)
    SystemClock_Config                       0x080044c1   Thumb Code   180  main.o(i.SystemClock_Config)
    i.SystemCoreClockUpdate                  0x08004580   Section        0  system_stm32f4xx.o(i.SystemCoreClockUpdate)
    i.SystemInit                             0x08004640   Section        0  system_stm32f4xx.o(i.SystemInit)
    i.UsageFault_Handler                     0x08004650   Section        0  stm32f4xx_it.o(i.UsageFault_Handler)
    i.__NVIC_GetPriorityGrouping             0x08004654   Section        0  stm32f4xx_hal_cortex.o(i.__NVIC_GetPriorityGrouping)
    __NVIC_GetPriorityGrouping               0x08004655   Thumb Code    10  stm32f4xx_hal_cortex.o(i.__NVIC_GetPriorityGrouping)
    i.__NVIC_SetPriority                     0x08004664   Section        0  stm32f4xx_hal_cortex.o(i.__NVIC_SetPriority)
    __NVIC_SetPriority                       0x08004665   Thumb Code    32  stm32f4xx_hal_cortex.o(i.__NVIC_SetPriority)
    i._mutex_acquire                         0x0800468c   Section        0  rtx_lib.o(i._mutex_acquire)
    __tagsym$$used                           0x0800468d   Number         0  rtx_lib.o(i._mutex_acquire)
    i._mutex_free                            0x080046a2   Section        0  rtx_lib.o(i._mutex_free)
    __tagsym$$used                           0x080046a3   Number         0  rtx_lib.o(i._mutex_free)
    i._mutex_initialize                      0x080046ae   Section        0  rtx_lib.o(i._mutex_initialize)
    __tagsym$$used                           0x080046af   Number         0  rtx_lib.o(i._mutex_initialize)
    i._mutex_release                         0x080046d0   Section        0  rtx_lib.o(i._mutex_release)
    __tagsym$$used                           0x080046d1   Number         0  rtx_lib.o(i._mutex_release)
    i._platform_post_stackheap_init          0x080046e2   Section        0  rtx_lib.o(i._platform_post_stackheap_init)
    i.main                                   0x080046ea   Section        0  main.o(i.main)
    i.osRtxErrorNotify                       0x08004702   Section        0  rtx_config.o(i.osRtxErrorNotify)
    i.osRtxIdleThread                        0x08004722   Section        0  rtx_config.o(i.osRtxIdleThread)
    i.os_kernel_is_active                    0x08004728   Section        0  rtx_lib.o(i.os_kernel_is_active)
    os_kernel_is_active                      0x08004729   Thumb Code    28  rtx_lib.o(i.os_kernel_is_active)
    .constdata                               0x08004748   Section      104  rtx_lib.o(.constdata)
    os_idle_thread_attr                      0x08004748   Data          36  rtx_lib.o(.constdata)
    os_timer_thread_attr                     0x0800476c   Data          36  rtx_lib.o(.constdata)
    os_timer_mq_attr                         0x08004790   Data          24  rtx_lib.o(.constdata)
    .constdata                               0x080047b0   Section      104  i2c_stm32f4xx.o(.constdata)
    DriverVersion                            0x080047b0   Data           4  i2c_stm32f4xx.o(.constdata)
    DriverCapabilities                       0x080047b4   Data           4  i2c_stm32f4xx.o(.constdata)
    I2C1_Resources                           0x080047b8   Data          48  i2c_stm32f4xx.o(.constdata)
    .constdata                               0x08004818   Section        8  stm32f4xx_hal_dma.o(.constdata)
    flagBitshiftOffset                       0x08004818   Data           8  stm32f4xx_hal_dma.o(.constdata)
    .constdata                               0x08004820   Section       24  system_stm32f4xx.o(.constdata)
    .rodata                                  0x08004838   Section      168  rtx_lib.o(.rodata)
    __tagsym$$used                           0x08004838   Number         0  rtx_lib.o(.rodata)
    __tagsym$$used                           0x080048a8   Number         0  rtx_lib.o(.rodata)
    [Anonymous Symbol]                       0x080048e4   Section        0  rtx_kernel.o(.rodata.str1.4)
    .bss.os                                  0x20000000   Section    32832  rtx_lib.o(.bss.os)
    os_mem                                   0x20000000   Data       32768  rtx_lib.o(.bss.os)
    os_isr_queue                             0x20008000   Data          64  rtx_lib.o(.bss.os)
    .bss.os.msgqueue.cb                      0x20008040   Section       52  rtx_lib.o(.bss.os.msgqueue.cb)
    os_timer_mq_cb                           0x20008040   Data          52  rtx_lib.o(.bss.os.msgqueue.cb)
    .bss.os.msgqueue.mem                     0x20008074   Section       80  rtx_lib.o(.bss.os.msgqueue.mem)
    os_timer_mq_data                         0x20008074   Data          80  rtx_lib.o(.bss.os.msgqueue.mem)
    .bss.os.thread.cb                        0x200080c4   Section      136  rtx_lib.o(.bss.os.thread.cb)
    os_idle_thread_cb                        0x200080c4   Data          68  rtx_lib.o(.bss.os.thread.cb)
    os_timer_thread_cb                       0x20008108   Data          68  rtx_lib.o(.bss.os.thread.cb)
    .bss.os.thread.idle.stack                0x20008150   Section      512  rtx_lib.o(.bss.os.thread.idle.stack)
    os_idle_thread_stack                     0x20008150   Data         512  rtx_lib.o(.bss.os.thread.idle.stack)
    .bss.os.thread.timer.stack               0x20008350   Section      512  rtx_lib.o(.bss.os.thread.timer.stack)
    os_timer_thread_stack                    0x20008350   Data         512  rtx_lib.o(.bss.os.thread.timer.stack)
    .data                                    0x20008550   Section        4  main.o(.data)
    ticks                                    0x20008550   Data           4  main.o(.data)
    .data                                    0x20008554   Section       26  joystick.o(.data)
    msg                                      0x2000855c   Data           2  joystick.o(.data)
    Tmr_rebote_50ms                          0x20008560   Data           4  joystick.o(.data)
    Tmr_ciclos_50ms                          0x20008564   Data           4  joystick.o(.data)
    flags                                    0x20008568   Data           4  joystick.o(.data)
    .data                                    0x2000856e   Section        1  rtx_lib.o(.data)
    os_kernel_active                         0x2000856e   Data           1  rtx_lib.o(.data)
    .data                                    0x20008570   Section        9  stm32f4xx_hal.o(.data)
    .data                                    0x2000857c   Section        4  system_stm32f4xx.o(.data)
    .bss                                     0x20008624   Section       40  i2c_stm32f4xx.o(.bss)
    I2C1_Info                                0x20008624   Data          40  i2c_stm32f4xx.o(.bss)
    .bss                                     0x2000864c   Section       96  libspace.o(.bss)
    [Anonymous Symbol]                       0x200086ac   Section        0  os_systick.o(.bss.os)
    PendST                                   0x200086ac   Data           1  os_systick.o(.bss.os)
    HEAP                                     0x200086b0   Section      512  startup_stm32f429xx.o(HEAP)
    Heap_Mem                                 0x200086b0   Data         512  startup_stm32f429xx.o(HEAP)
    STACK                                    0x200088b0   Section     1024  startup_stm32f429xx.o(STACK)
    Stack_Mem                                0x200088b0   Data        1024  startup_stm32f429xx.o(STACK)
    __initial_sp                             0x20008cb0   Data           0  startup_stm32f429xx.o(STACK)
    FPCCR                                    0xe000ef34   Number         0  irq_armv7m.o ABSOLUTE

    Global Symbols

    Symbol Name                              Value     Ov Type        Size  Object(Section)

    BuildAttributes$$THM_ISAv4$E$P$D$K$B$S$7EM$PE$A:L22UL41UL21$X:L11$S22US41US21$IEEE1$IW$USESV6$~STKCKD$USESV7$~SHL$OTIME$ROPI$EBA8$UX$STANDARDLIB$REQ8$PRES8$EABIv2 0x00000000   Number         0  anon$$obj.o ABSOLUTE
    __ARM_use_no_argv                        0x00000000   Number         0  main.o ABSOLUTE
    .bss.os.evflags.cb$$Base                  - Undefined Weak Reference
    .bss.os.evflags.cb$$Limit                 - Undefined Weak Reference
    .bss.os.mempool.cb$$Base                  - Undefined Weak Reference
    .bss.os.mempool.cb$$Limit                 - Undefined Weak Reference
    .bss.os.mutex.cb$$Base                    - Undefined Weak Reference
    .bss.os.mutex.cb$$Limit                   - Undefined Weak Reference
    .bss.os.semaphore.cb$$Base                - Undefined Weak Reference
    .bss.os.semaphore.cb$$Limit               - Undefined Weak Reference
    .bss.os.timer.cb$$Base                    - Undefined Weak Reference
    .bss.os.timer.cb$$Limit                   - Undefined Weak Reference
    __ARM_exceptions_init                     - Undefined Weak Reference
    __alloca_initialize                       - Undefined Weak Reference
    __arm_fini_                               - Undefined Weak Reference
    __arm_preinit_                            - Undefined Weak Reference
    __cpp_initialize__aeabi_                  - Undefined Weak Reference
    __cxa_finalize                            - Undefined Weak Reference
    __rt_locale                               - Undefined Weak Reference
    __sigvec_lookup                           - Undefined Weak Reference
    __user_heap_extent                        - Undefined Weak Reference
    _atexit_init                              - Undefined Weak Reference
    _call_atexit_fns                          - Undefined Weak Reference
    _clock_init                               - Undefined Weak Reference
    _fp_trap_init                             - Undefined Weak Reference
    _fp_trap_shutdown                         - Undefined Weak Reference
    _get_lc_collate                           - Undefined Weak Reference
    _get_lc_ctype                             - Undefined Weak Reference
    _get_lc_monetary                          - Undefined Weak Reference
    _get_lc_numeric                           - Undefined Weak Reference
    _get_lc_time                              - Undefined Weak Reference
    _getenv_init                              - Undefined Weak Reference
    _handle_redirection                       - Undefined Weak Reference
    _initio                                   - Undefined Weak Reference
    _rand_init                                - Undefined Weak Reference
    _signal_finish                            - Undefined Weak Reference
    _signal_init                              - Undefined Weak Reference
    _terminateio                              - Undefined Weak Reference
    __Vectors_Size                           0x000001ac   Number         0  startup_stm32f429xx.o ABSOLUTE
    __Vectors                                0x08000000   Data           4  startup_stm32f429xx.o(RESET)
    __Vectors_End                            0x080001ac   Data           0  startup_stm32f429xx.o(RESET)
    __main                                   0x080001ad   Thumb Code     8  __main.o(!!!main)
    __scatterload                            0x080001b5   Thumb Code     0  __scatter.o(!!!scatter)
    __scatterload_rt2                        0x080001b5   Thumb Code    44  __scatter.o(!!!scatter)
    __scatterload_rt2_thumb_only             0x080001b5   Thumb Code     0  __scatter.o(!!!scatter)
    __scatterload_null                       0x080001c3   Thumb Code     0  __scatter.o(!!!scatter)
    __decompress                             0x080001e9   Thumb Code    58  __dczerorl.o(!!dczerorl)
    __decompress0                            0x080001e9   Thumb Code     0  __dczerorl.o(!!dczerorl)
    __scatterload_zeroinit                   0x08000225   Thumb Code    28  __scatter_zi.o(!!handler_zi)
    __rt_lib_init                            0x08000241   Thumb Code     0  libinit.o(.ARM.Collect$$libinit$$00000000)
    __rt_lib_init_alloca_1                   0x08000243   Thumb Code     0  libinit2.o(.ARM.Collect$$libinit$$0000002E)
    __rt_lib_init_argv_1                     0x08000243   Thumb Code     0  libinit2.o(.ARM.Collect$$libinit$$0000002C)
    __rt_lib_init_atexit_1                   0x08000243   Thumb Code     0  libinit2.o(.ARM.Collect$$libinit$$0000001B)
    __rt_lib_init_clock_1                    0x08000243   Thumb Code     0  libinit2.o(.ARM.Collect$$libinit$$00000021)
    __rt_lib_init_cpp_1                      0x08000243   Thumb Code     0  libinit2.o(.ARM.Collect$$libinit$$00000032)
    __rt_lib_init_exceptions_1               0x08000243   Thumb Code     0  libinit2.o(.ARM.Collect$$libinit$$00000030)
    __rt_lib_init_fp_1                       0x08000243   Thumb Code     0  libinit2.o(.ARM.Collect$$libinit$$00000002)
    __rt_lib_init_fp_trap_1                  0x08000243   Thumb Code     0  libinit2.o(.ARM.Collect$$libinit$$0000001F)
    __rt_lib_init_getenv_1                   0x08000243   Thumb Code     0  libinit2.o(.ARM.Collect$$libinit$$00000023)
    __rt_lib_init_heap_1                     0x08000243   Thumb Code     0  libinit2.o(.ARM.Collect$$libinit$$0000000A)
    __rt_lib_init_lc_collate_1               0x08000243   Thumb Code     0  libinit2.o(.ARM.Collect$$libinit$$00000011)
    __rt_lib_init_lc_ctype_1                 0x08000243   Thumb Code     0  libinit2.o(.ARM.Collect$$libinit$$00000013)
    __rt_lib_init_lc_monetary_1              0x08000243   Thumb Code     0  libinit2.o(.ARM.Collect$$libinit$$00000015)
    __rt_lib_init_lc_numeric_1               0x08000243   Thumb Code     0  libinit2.o(.ARM.Collect$$libinit$$00000017)
    __rt_lib_init_lc_time_1                  0x08000243   Thumb Code     0  libinit2.o(.ARM.Collect$$libinit$$00000019)
    __rt_lib_init_preinit_1                  0x08000243   Thumb Code     0  libinit2.o(.ARM.Collect$$libinit$$00000004)
    __rt_lib_init_rand_1                     0x08000243   Thumb Code     0  libinit2.o(.ARM.Collect$$libinit$$0000000E)
    __rt_lib_init_return                     0x08000243   Thumb Code     0  libinit2.o(.ARM.Collect$$libinit$$00000033)
    __rt_lib_init_signal_1                   0x08000243   Thumb Code     0  libinit2.o(.ARM.Collect$$libinit$$0000001D)
    __rt_lib_init_stdio_1                    0x08000243   Thumb Code     0  libinit2.o(.ARM.Collect$$libinit$$00000025)
    __rt_lib_init_user_alloc_1               0x08000243   Thumb Code     0  libinit2.o(.ARM.Collect$$libinit$$0000000C)
    __rt_lib_shutdown                        0x08000245   Thumb Code     0  libshutdown.o(.ARM.Collect$$libshutdown$$00000000)
    __rt_lib_shutdown_cpp_1                  0x08000247   Thumb Code     0  libshutdown2.o(.ARM.Collect$$libshutdown$$00000004)
    __rt_lib_shutdown_fini_1                 0x08000247   Thumb Code     0  libshutdown2.o(.ARM.Collect$$libshutdown$$00000002)
    __rt_lib_shutdown_fp_trap_1              0x08000247   Thumb Code     0  libshutdown2.o(.ARM.Collect$$libshutdown$$00000009)
    __rt_lib_shutdown_heap_1                 0x08000247   Thumb Code     0  libshutdown2.o(.ARM.Collect$$libshutdown$$00000011)
    __rt_lib_shutdown_return                 0x08000247   Thumb Code     0  libshutdown2.o(.ARM.Collect$$libshutdown$$00000012)
    __rt_lib_shutdown_signal_1               0x08000247   Thumb Code     0  libshutdown2.o(.ARM.Collect$$libshutdown$$0000000C)
    __rt_lib_shutdown_stdio_1                0x08000247   Thumb Code     0  libshutdown2.o(.ARM.Collect$$libshutdown$$00000006)
    __rt_lib_shutdown_user_alloc_1           0x08000247   Thumb Code     0  libshutdown2.o(.ARM.Collect$$libshutdown$$0000000E)
    __rt_entry                               0x08000249   Thumb Code     0  __rtentry.o(.ARM.Collect$$rtentry$$00000000)
    __rt_entry_presh_1                       0x08000249   Thumb Code     0  __rtentry2.o(.ARM.Collect$$rtentry$$00000002)
    __rt_entry_sh                            0x08000249   Thumb Code     0  __rtentry4.o(.ARM.Collect$$rtentry$$00000004)
    __rt_entry_postsh_1                      0x0800024f   Thumb Code     0  __rtentry2.o(.ARM.Collect$$rtentry$$00000008)
    __rt_entry_li                            0x08000257   Thumb Code     0  __rtentry2.o(.ARM.Collect$$rtentry$$0000000A)
    __rt_entry_main                          0x0800025b   Thumb Code     0  __rtentry2.o(.ARM.Collect$$rtentry$$0000000D)
    __rt_entry_postli_1                      0x0800025b   Thumb Code     0  __rtentry2.o(.ARM.Collect$$rtentry$$0000000C)
    __rt_exit                                0x08000263   Thumb Code     0  rtexit.o(.ARM.Collect$$rtexit$$00000000)
    __rt_exit_ls                             0x08000265   Thumb Code     0  rtexit2.o(.ARM.Collect$$rtexit$$00000003)
    __rt_exit_prels_1                        0x08000265   Thumb Code     0  rtexit2.o(.ARM.Collect$$rtexit$$00000002)
    __rt_exit_exit                           0x08000269   Thumb Code     0  rtexit2.o(.ARM.Collect$$rtexit$$00000004)
    Reset_Handler                            0x08000271   Thumb Code     8  startup_stm32f429xx.o(.text)
    ADC_IRQHandler                           0x0800028b   Thumb Code     0  startup_stm32f429xx.o(.text)
    CAN1_RX0_IRQHandler                      0x0800028b   Thumb Code     0  startup_stm32f429xx.o(.text)
    CAN1_RX1_IRQHandler                      0x0800028b   Thumb Code     0  startup_stm32f429xx.o(.text)
    CAN1_SCE_IRQHandler                      0x0800028b   Thumb Code     0  startup_stm32f429xx.o(.text)
    CAN1_TX_IRQHandler                       0x0800028b   Thumb Code     0  startup_stm32f429xx.o(.text)
    CAN2_RX0_IRQHandler                      0x0800028b   Thumb Code     0  startup_stm32f429xx.o(.text)
    CAN2_RX1_IRQHandler                      0x0800028b   Thumb Code     0  startup_stm32f429xx.o(.text)
    CAN2_SCE_IRQHandler                      0x0800028b   Thumb Code     0  startup_stm32f429xx.o(.text)
    CAN2_TX_IRQHandler                       0x0800028b   Thumb Code     0  startup_stm32f429xx.o(.text)
    DCMI_IRQHandler                          0x0800028b   Thumb Code     0  startup_stm32f429xx.o(.text)
    DMA1_Stream0_IRQHandler                  0x0800028b   Thumb Code     0  startup_stm32f429xx.o(.text)
    DMA1_Stream1_IRQHandler                  0x0800028b   Thumb Code     0  startup_stm32f429xx.o(.text)
    DMA1_Stream2_IRQHandler                  0x0800028b   Thumb Code     0  startup_stm32f429xx.o(.text)
    DMA1_Stream3_IRQHandler                  0x0800028b   Thumb Code     0  startup_stm32f429xx.o(.text)
    DMA1_Stream4_IRQHandler                  0x0800028b   Thumb Code     0  startup_stm32f429xx.o(.text)
    DMA1_Stream5_IRQHandler                  0x0800028b   Thumb Code     0  startup_stm32f429xx.o(.text)
    DMA1_Stream6_IRQHandler                  0x0800028b   Thumb Code     0  startup_stm32f429xx.o(.text)
    DMA1_Stream7_IRQHandler                  0x0800028b   Thumb Code     0  startup_stm32f429xx.o(.text)
    DMA2D_IRQHandler                         0x0800028b   Thumb Code     0  startup_stm32f429xx.o(.text)
    DMA2_Stream0_IRQHandler                  0x0800028b   Thumb Code     0  startup_stm32f429xx.o(.text)
    DMA2_Stream1_IRQHandler                  0x0800028b   Thumb Code     0  startup_stm32f429xx.o(.text)
    DMA2_Stream2_IRQHandler                  0x0800028b   Thumb Code     0  startup_stm32f429xx.o(.text)
    DMA2_Stream3_IRQHandler                  0x0800028b   Thumb Code     0  startup_stm32f429xx.o(.text)
    DMA2_Stream4_IRQHandler                  0x0800028b   Thumb Code     0  startup_stm32f429xx.o(.text)
    DMA2_Stream5_IRQHandler                  0x0800028b   Thumb Code     0  startup_stm32f429xx.o(.text)
    DMA2_Stream6_IRQHandler                  0x0800028b   Thumb Code     0  startup_stm32f429xx.o(.text)
    DMA2_Stream7_IRQHandler                  0x0800028b   Thumb Code     0  startup_stm32f429xx.o(.text)
    ETH_IRQHandler                           0x0800028b   Thumb Code     0  startup_stm32f429xx.o(.text)
    ETH_WKUP_IRQHandler                      0x0800028b   Thumb Code     0  startup_stm32f429xx.o(.text)
    EXTI0_IRQHandler                         0x0800028b   Thumb Code     0  startup_stm32f429xx.o(.text)
    EXTI1_IRQHandler                         0x0800028b   Thumb Code     0  startup_stm32f429xx.o(.text)
    EXTI2_IRQHandler                         0x0800028b   Thumb Code     0  startup_stm32f429xx.o(.text)
    EXTI3_IRQHandler                         0x0800028b   Thumb Code     0  startup_stm32f429xx.o(.text)
    EXTI4_IRQHandler                         0x0800028b   Thumb Code     0  startup_stm32f429xx.o(.text)
    EXTI9_5_IRQHandler                       0x0800028b   Thumb Code     0  startup_stm32f429xx.o(.text)
    FLASH_IRQHandler                         0x0800028b   Thumb Code     0  startup_stm32f429xx.o(.text)
    FMC_IRQHandler                           0x0800028b   Thumb Code     0  startup_stm32f429xx.o(.text)
    FPU_IRQHandler                           0x0800028b   Thumb Code     0  startup_stm32f429xx.o(.text)
    HASH_RNG_IRQHandler                      0x0800028b   Thumb Code     0  startup_stm32f429xx.o(.text)
    I2C2_ER_IRQHandler                       0x0800028b   Thumb Code     0  startup_stm32f429xx.o(.text)
    I2C2_EV_IRQHandler                       0x0800028b   Thumb Code     0  startup_stm32f429xx.o(.text)
    I2C3_ER_IRQHandler                       0x0800028b   Thumb Code     0  startup_stm32f429xx.o(.text)
    I2C3_EV_IRQHandler                       0x0800028b   Thumb Code     0  startup_stm32f429xx.o(.text)
    LTDC_ER_IRQHandler                       0x0800028b   Thumb Code     0  startup_stm32f429xx.o(.text)
    LTDC_IRQHandler                          0x0800028b   Thumb Code     0  startup_stm32f429xx.o(.text)
    OTG_FS_IRQHandler                        0x0800028b   Thumb Code     0  startup_stm32f429xx.o(.text)
    OTG_FS_WKUP_IRQHandler                   0x0800028b   Thumb Code     0  startup_stm32f429xx.o(.text)
    OTG_HS_EP1_IN_IRQHandler                 0x0800028b   Thumb Code     0  startup_stm32f429xx.o(.text)
    OTG_HS_EP1_OUT_IRQHandler                0x0800028b   Thumb Code     0  startup_stm32f429xx.o(.text)
    OTG_HS_IRQHandler                        0x0800028b   Thumb Code     0  startup_stm32f429xx.o(.text)
    OTG_HS_WKUP_IRQHandler                   0x0800028b   Thumb Code     0  startup_stm32f429xx.o(.text)
    PVD_IRQHandler                           0x0800028b   Thumb Code     0  startup_stm32f429xx.o(.text)
    RCC_IRQHandler                           0x0800028b   Thumb Code     0  startup_stm32f429xx.o(.text)
    RTC_Alarm_IRQHandler                     0x0800028b   Thumb Code     0  startup_stm32f429xx.o(.text)
    RTC_WKUP_IRQHandler                      0x0800028b   Thumb Code     0  startup_stm32f429xx.o(.text)
    SAI1_IRQHandler                          0x0800028b   Thumb Code     0  startup_stm32f429xx.o(.text)
    SDIO_IRQHandler                          0x0800028b   Thumb Code     0  startup_stm32f429xx.o(.text)
    SPI1_IRQHandler                          0x0800028b   Thumb Code     0  startup_stm32f429xx.o(.text)
    SPI2_IRQHandler                          0x0800028b   Thumb Code     0  startup_stm32f429xx.o(.text)
    SPI3_IRQHandler                          0x0800028b   Thumb Code     0  startup_stm32f429xx.o(.text)
    SPI4_IRQHandler                          0x0800028b   Thumb Code     0  startup_stm32f429xx.o(.text)
    SPI5_IRQHandler                          0x0800028b   Thumb Code     0  startup_stm32f429xx.o(.text)
    SPI6_IRQHandler                          0x0800028b   Thumb Code     0  startup_stm32f429xx.o(.text)
    TAMP_STAMP_IRQHandler                    0x0800028b   Thumb Code     0  startup_stm32f429xx.o(.text)
    TIM1_BRK_TIM9_IRQHandler                 0x0800028b   Thumb Code     0  startup_stm32f429xx.o(.text)
    TIM1_CC_IRQHandler                       0x0800028b   Thumb Code     0  startup_stm32f429xx.o(.text)
    TIM1_TRG_COM_TIM11_IRQHandler            0x0800028b   Thumb Code     0  startup_stm32f429xx.o(.text)
    TIM1_UP_TIM10_IRQHandler                 0x0800028b   Thumb Code     0  startup_stm32f429xx.o(.text)
    TIM2_IRQHandler                          0x0800028b   Thumb Code     0  startup_stm32f429xx.o(.text)
    TIM3_IRQHandler                          0x0800028b   Thumb Code     0  startup_stm32f429xx.o(.text)
    TIM4_IRQHandler                          0x0800028b   Thumb Code     0  startup_stm32f429xx.o(.text)
    TIM5_IRQHandler                          0x0800028b   Thumb Code     0  startup_stm32f429xx.o(.text)
    TIM6_DAC_IRQHandler                      0x0800028b   Thumb Code     0  startup_stm32f429xx.o(.text)
    TIM7_IRQHandler                          0x0800028b   Thumb Code     0  startup_stm32f429xx.o(.text)
    TIM8_BRK_TIM12_IRQHandler                0x0800028b   Thumb Code     0  startup_stm32f429xx.o(.text)
    TIM8_CC_IRQHandler                       0x0800028b   Thumb Code     0  startup_stm32f429xx.o(.text)
    TIM8_TRG_COM_TIM14_IRQHandler            0x0800028b   Thumb Code     0  startup_stm32f429xx.o(.text)
    TIM8_UP_TIM13_IRQHandler                 0x0800028b   Thumb Code     0  startup_stm32f429xx.o(.text)
    UART4_IRQHandler                         0x0800028b   Thumb Code     0  startup_stm32f429xx.o(.text)
    UART5_IRQHandler                         0x0800028b   Thumb Code     0  startup_stm32f429xx.o(.text)
    UART7_IRQHandler                         0x0800028b   Thumb Code     0  startup_stm32f429xx.o(.text)
    UART8_IRQHandler                         0x0800028b   Thumb Code     0  startup_stm32f429xx.o(.text)
    USART1_IRQHandler                        0x0800028b   Thumb Code     0  startup_stm32f429xx.o(.text)
    USART2_IRQHandler                        0x0800028b   Thumb Code     0  startup_stm32f429xx.o(.text)
    USART3_IRQHandler                        0x0800028b   Thumb Code     0  startup_stm32f429xx.o(.text)
    USART6_IRQHandler                        0x0800028b   Thumb Code     0  startup_stm32f429xx.o(.text)
    WWDG_IRQHandler                          0x0800028b   Thumb Code     0  startup_stm32f429xx.o(.text)
    __user_initial_stackheap                 0x0800028d   Thumb Code     0  startup_stm32f429xx.o(.text)
    SVC_Handler                              0x080002b1   Thumb Code   108  irq_armv7m.o(.text)
    PendSV_Handler                           0x0800031d   Thumb Code    16  irq_armv7m.o(.text)
    SysTick_Handler                          0x0800032d   Thumb Code    16  irq_armv7m.o(.text)
    __aeabi_uldivmod                         0x08000345   Thumb Code     0  lludivv7m.o(.text)
    _ll_udiv                                 0x08000345   Thumb Code   238  lludivv7m.o(.text)
    __aeabi_memcpy                           0x08000433   Thumb Code     0  rt_memcpy_v6.o(.text)
    __rt_memcpy                              0x08000433   Thumb Code   138  rt_memcpy_v6.o(.text)
    _memcpy_lastbytes                        0x08000499   Thumb Code     0  rt_memcpy_v6.o(.text)
    __aeabi_memclr                           0x080004bd   Thumb Code     0  rt_memclr.o(.text)
    __rt_memclr                              0x080004bd   Thumb Code    68  rt_memclr.o(.text)
    _memset                                  0x080004c1   Thumb Code     0  rt_memclr.o(.text)
    __aeabi_memclr4                          0x08000501   Thumb Code     0  rt_memclr_w.o(.text)
    __aeabi_memclr8                          0x08000501   Thumb Code     0  rt_memclr_w.o(.text)
    __rt_memclr_w                            0x08000501   Thumb Code    78  rt_memclr_w.o(.text)
    _memset_w                                0x08000505   Thumb Code     0  rt_memclr_w.o(.text)
    __use_two_region_memory                  0x0800054f   Thumb Code     2  heapauxi.o(.text)
    __rt_heap_escrow                         0x08000551   Thumb Code     2  heapauxi.o(.text)
    __rt_heap_expand                         0x08000553   Thumb Code     2  heapauxi.o(.text)
    __aeabi_memcpy4                          0x08000555   Thumb Code     0  rt_memcpy_w.o(.text)
    __aeabi_memcpy8                          0x08000555   Thumb Code     0  rt_memcpy_w.o(.text)
    __rt_memcpy_w                            0x08000555   Thumb Code   100  rt_memcpy_w.o(.text)
    _memcpy_lastbytes_aligned                0x0800059d   Thumb Code     0  rt_memcpy_w.o(.text)
    __user_libspace                          0x080005b9   Thumb Code     8  libspace.o(.text)
    __user_perproc_libspace                  0x080005b9   Thumb Code     0  libspace.o(.text)
    __user_setup_stackheap                   0x080005c1   Thumb Code    74  sys_stackheap_outer.o(.text)
    exit                                     0x0800060b   Thumb Code    18  exit.o(.text)
    _sys_exit                                0x0800061d   Thumb Code     8  sys_exit.o(.text)
    __I$use$semihosting                      0x08000629   Thumb Code     0  use_no_semi.o(.text)
    __use_no_semihosting_swi                 0x08000629   Thumb Code     2  use_no_semi.o(.text)
    __semihosting_library_function           0x0800062b   Thumb Code     0  indicate_semi.o(.text)
    OS_Tick_AcknowledgeIRQ                   0x080006e1   Thumb Code     8  os_systick.o(.text.OS_Tick_AcknowledgeIRQ)
    OS_Tick_Enable                           0x080006ed   Thumb Code    32  os_systick.o(.text.OS_Tick_Enable)
    OS_Tick_GetIRQn                          0x08000719   Thumb Code     6  os_systick.o(.text.OS_Tick_GetIRQn)
    OS_Tick_Setup                            0x08000721   Thumb Code    48  os_systick.o(.text.OS_Tick_Setup)
    osKernelGetState                         0x08000831   Thumb Code    40  rtx_kernel.o(.text.osKernelGetState)
    osKernelGetTickCount                     0x08000861   Thumb Code    32  rtx_kernel.o(.text.osKernelGetTickCount)
    osKernelInitialize                       0x08000889   Thumb Code    40  rtx_kernel.o(.text.osKernelInitialize)
    osKernelStart                            0x080008b5   Thumb Code    32  rtx_kernel.o(.text.osKernelStart)
    osMessageQueueGet                        0x080008d9   Thumb Code   108  rtx_msgqueue.o(.text.osMessageQueueGet)
    osMessageQueuePut                        0x08000949   Thumb Code   124  rtx_msgqueue.o(.text.osMessageQueuePut)
    osMutexAcquire                           0x080009c9   Thumb Code    32  rtx_mutex.o(.text.osMutexAcquire)
    osMutexDelete                            0x080009ed   Thumb Code    32  rtx_mutex.o(.text.osMutexDelete)
    osMutexNew                               0x08000a11   Thumb Code    32  rtx_mutex.o(.text.osMutexNew)
    osMutexRelease                           0x08000a35   Thumb Code    32  rtx_mutex.o(.text.osMutexRelease)
    osRtxKernelErrorNotify                   0x08000a59   Thumb Code     4  rtx_kernel.o(.text.osRtxKernelErrorNotify)
    osRtxKernelPreInit                       0x08000a5d   Thumb Code     2  rtx_kernel.o(.text.osRtxKernelPreInit)
    osRtxMemoryAlloc                         0x08000a5f   Thumb Code   108  rtx_memory.o(.text.osRtxMemoryAlloc)
    osRtxMemoryFree                          0x08000acb   Thumb Code    66  rtx_memory.o(.text.osRtxMemoryFree)
    osRtxMemoryInit                          0x08000b0d   Thumb Code    54  rtx_memory.o(.text.osRtxMemoryInit)
    osRtxMemoryPoolAlloc                     0x08000b43   Thumb Code    58  rtx_mempool.o(.text.osRtxMemoryPoolAlloc)
    osRtxMemoryPoolFree                      0x08000b7d   Thumb Code    74  rtx_mempool.o(.text.osRtxMemoryPoolFree)
    osRtxMemoryPoolInit                      0x08000bc7   Thumb Code    56  rtx_mempool.o(.text.osRtxMemoryPoolInit)
    osRtxMessageQueueTimerSetup              0x08000ca9   Thumb Code    32  rtx_msgqueue.o(.text.osRtxMessageQueueTimerSetup)
    osRtxMutexOwnerRelease                   0x08000cd1   Thumb Code    72  rtx_mutex.o(.text.osRtxMutexOwnerRelease)
    osRtxMutexOwnerRestore                   0x08000d19   Thumb Code    72  rtx_mutex.o(.text.osRtxMutexOwnerRestore)
    osRtxPendSV_Handler                      0x08000d61   Thumb Code   136  rtx_system.o(.text.osRtxPendSV_Handler)
    osRtxPostProcess                         0x08000ded   Thumb Code   108  rtx_system.o(.text.osRtxPostProcess)
    osRtxThreadDelayTick                     0x08000f59   Thumb Code    80  rtx_thread.o(.text.osRtxThreadDelayTick)
    osRtxThreadDispatch                      0x08000fd1   Thumb Code    80  rtx_thread.o(.text.osRtxThreadDispatch)
    osRtxThreadListGet                       0x0800109b   Thumb Code    18  rtx_thread.o(.text.osRtxThreadListGet)
    osRtxThreadListPut                       0x080010ad   Thumb Code    44  rtx_thread.o(.text.osRtxThreadListPut)
    osRtxThreadListRemove                    0x080010d9   Thumb Code    20  rtx_thread.o(.text.osRtxThreadListRemove)
    osRtxThreadListSort                      0x080010ed   Thumb Code    38  rtx_thread.o(.text.osRtxThreadListSort)
    osRtxThreadReadyPut                      0x0800113d   Thumb Code    16  rtx_thread.o(.text.osRtxThreadReadyPut)
    osRtxThreadRegPtr                        0x08001151   Thumb Code     6  rtx_thread.o(.text.osRtxThreadRegPtr)
    osRtxThreadStartup                       0x08001159   Thumb Code    48  rtx_thread.o(.text.osRtxThreadStartup)
    osRtxThreadSwitch                        0x08001195   Thumb Code    12  rtx_thread.o(.text.osRtxThreadSwitch)
    osRtxThreadWaitEnter                     0x080011a5   Thumb Code    56  rtx_thread.o(.text.osRtxThreadWaitEnter)
    osRtxThreadWaitExit                      0x080011e1   Thumb Code    34  rtx_thread.o(.text.osRtxThreadWaitExit)
    osRtxTick_Handler                        0x08001205   Thumb Code   116  rtx_system.o(.text.osRtxTick_Handler)
    osRtxTimerSetup                          0x0800127d   Thumb Code    24  rtx_timer.o(.text.osRtxTimerSetup)
    osRtxTimerThread                         0x0800129d   Thumb Code    32  rtx_timer.o(.text.osRtxTimerThread)
    osThreadExit                             0x0800132d   Thumb Code     8  rtx_thread.o(.text.osThreadExit)
    osThreadFlagsSet                         0x08001339   Thumb Code    84  rtx_thread.o(.text.osThreadFlagsSet)
    BusFault_Handler                         0x08001cc1   Thumb Code     4  stm32f4xx_it.o(i.BusFault_Handler)
    DebugMon_Handler                         0x08001dcf   Thumb Code     2  stm32f4xx_it.o(i.DebugMon_Handler)
    EXTI15_10_IRQHandler                     0x08001dd1   Thumb Code    20  joystick.o(i.EXTI15_10_IRQHandler)
    HAL_DMA_Abort                            0x08001fc3   Thumb Code   172  stm32f4xx_hal_dma.o(i.HAL_DMA_Abort)
    HAL_DMA_Init                             0x08002071   Thumb Code   232  stm32f4xx_hal_dma.o(i.HAL_DMA_Init)
    HAL_DMA_Start_IT                         0x0800215d   Thumb Code   146  stm32f4xx_hal_dma.o(i.HAL_DMA_Start_IT)
    HAL_Delay                                0x080021f1   Thumb Code    36  stm32f4xx_hal.o(i.HAL_Delay)
    HAL_GPIO_DeInit                          0x08002219   Thumb Code   340  stm32f4xx_hal_gpio.o(i.HAL_GPIO_DeInit)
    HAL_GPIO_EXTI_Callback                   0x0800239d   Thumb Code    44  joystick.o(i.HAL_GPIO_EXTI_Callback)
    HAL_GPIO_EXTI_IRQHandler                 0x080023d5   Thumb Code    24  stm32f4xx_hal_gpio.o(i.HAL_GPIO_EXTI_IRQHandler)
    HAL_GPIO_Init                            0x080023f1   Thumb Code   474  stm32f4xx_hal_gpio.o(i.HAL_GPIO_Init)
    HAL_GPIO_ReadPin                         0x08002601   Thumb Code    16  stm32f4xx_hal_gpio.o(i.HAL_GPIO_ReadPin)
    HAL_GPIO_WritePin                        0x08002611   Thumb Code    12  stm32f4xx_hal_gpio.o(i.HAL_GPIO_WritePin)
    HAL_GetREVID                             0x0800261d   Thumb Code     8  stm32f4xx_hal.o(i.HAL_GetREVID)
    HAL_GetTick                              0x08002629   Thumb Code    66  main.o(i.HAL_GetTick)
    HAL_Init                                 0x08002675   Thumb Code    44  stm32f4xx_hal.o(i.HAL_Init)
    HAL_InitTick                             0x080026a5   Thumb Code    64  stm32f4xx_hal.o(i.HAL_InitTick)
    HAL_MspInit                              0x080026f1   Thumb Code     2  stm32f4xx_hal.o(i.HAL_MspInit)
    HAL_NVIC_ClearPendingIRQ                 0x080026f5   Thumb Code    30  stm32f4xx_hal_cortex.o(i.HAL_NVIC_ClearPendingIRQ)
    HAL_NVIC_DisableIRQ                      0x08002719   Thumb Code    38  stm32f4xx_hal_cortex.o(i.HAL_NVIC_DisableIRQ)
    HAL_NVIC_EnableIRQ                       0x08002745   Thumb Code    40  stm32f4xx_hal_cortex.o(i.HAL_NVIC_EnableIRQ)
    HAL_NVIC_SetPriority                     0x0800276d   Thumb Code   124  stm32f4xx_hal_cortex.o(i.HAL_NVIC_SetPriority)
    HAL_NVIC_SetPriorityGrouping             0x080027e9   Thumb Code    32  stm32f4xx_hal_cortex.o(i.HAL_NVIC_SetPriorityGrouping)
    HAL_RCC_ClockConfig                      0x08002811   Thumb Code   368  stm32f4xx_hal_rcc.o(i.HAL_RCC_ClockConfig)
    HAL_RCC_GetHCLKFreq                      0x08002995   Thumb Code     6  stm32f4xx_hal_rcc.o(i.HAL_RCC_GetHCLKFreq)
    HAL_RCC_GetPCLK1Freq                     0x080029a1   Thumb Code    22  stm32f4xx_hal_rcc.o(i.HAL_RCC_GetPCLK1Freq)
    HAL_RCC_GetSysClockFreq                  0x080029c1   Thumb Code   162  stm32f4xx_hal_rcc.o(i.HAL_RCC_GetSysClockFreq)
    HAL_RCC_OscConfig                        0x08002a71   Thumb Code  1172  stm32f4xx_hal_rcc.o(i.HAL_RCC_OscConfig)
    HAL_SYSTICK_Config                       0x08002f0d   Thumb Code    52  stm32f4xx_hal_cortex.o(i.HAL_SYSTICK_Config)
    HardFault_Handler                        0x08002f41   Thumb Code     4  stm32f4xx_it.o(i.HardFault_Handler)
    I2C1_ER_IRQHandler                       0x08002f5d   Thumb Code    10  i2c_stm32f4xx.o(i.I2C1_ER_IRQHandler)
    I2C1_EV_IRQHandler                       0x08002f6d   Thumb Code    10  i2c_stm32f4xx.o(i.I2C1_EV_IRQHandler)
    MemManage_Handler                        0x080044b9   Thumb Code     4  stm32f4xx_it.o(i.MemManage_Handler)
    NMI_Handler                              0x080044bd   Thumb Code     2  stm32f4xx_it.o(i.NMI_Handler)
    SystemCoreClockUpdate                    0x08004581   Thumb Code   170  system_stm32f4xx.o(i.SystemCoreClockUpdate)
    SystemInit                               0x08004641   Thumb Code    10  system_stm32f4xx.o(i.SystemInit)
    UsageFault_Handler                       0x08004651   Thumb Code     4  stm32f4xx_it.o(i.UsageFault_Handler)
    _mutex_acquire                           0x0800468d   Thumb Code    22  rtx_lib.o(i._mutex_acquire)
    _mutex_free                              0x080046a3   Thumb Code    12  rtx_lib.o(i._mutex_free)
    _mutex_initialize                        0x080046af   Thumb Code    34  rtx_lib.o(i._mutex_initialize)
    _mutex_release                           0x080046d1   Thumb Code    18  rtx_lib.o(i._mutex_release)
    _platform_post_stackheap_init            0x080046e3   Thumb Code     8  rtx_lib.o(i._platform_post_stackheap_init)
    main                                     0x080046eb   Thumb Code    24  main.o(i.main)
    osRtxErrorNotify                         0x08004703   Thumb Code    32  rtx_config.o(i.osRtxErrorNotify)
    osRtxIdleThread                          0x08004723   Thumb Code     4  rtx_config.o(i.osRtxIdleThread)
    irqRtxLibRef                             0x080047a8   Data           4  rtx_lib.o(.constdata)
    osRtxUserSVC                             0x080047ac   Data           4  rtx_lib.o(.constdata)
    Driver_I2C1                              0x080047e8   Data          48  i2c_stm32f4xx.o(.constdata)
    AHBPrescTable                            0x08004820   Data          16  system_stm32f4xx.o(.constdata)
    APBPrescTable                            0x08004830   Data           8  system_stm32f4xx.o(.constdata)
    osRtxConfig                              0x08004838   Data         112  rtx_lib.o(.rodata)
    os_cb_sections                           0x080048a8   Data          56  rtx_lib.o(.rodata)
    irqRtxLib                                0x080048e0   Number         0  irq_armv7m.o(.rodata)
    Region$$Table$$Base                      0x080048f0   Number         0  anon$$obj.o(Region$$Table)
    Region$$Table$$Limit                     0x08004910   Number         0  anon$$obj.o(Region$$Table)
    .bss.os.msgqueue.cb$$Base                0x20008040   Number         0  rtx_lib.o(.bss.os.msgqueue.cb)
    .bss.os.msgqueue.cb$$Limit               0x20008074   Number         0  rtx_lib.o(.bss.os.msgqueue.cb)
    .bss.os.thread.cb$$Base                  0x200080c4   Number         0  rtx_lib.o(.bss.os.thread.cb)
    .bss.os.thread.cb$$Limit                 0x2000814c   Number         0  rtx_lib.o(.bss.os.thread.cb)
    tid_Th_joy                               0x20008554   Data           4  joystick.o(.data)
    mid_MsgQueue_joy                         0x20008558   Data           4  joystick.o(.data)
    valida                                   0x2000856c   Data           1  joystick.o(.data)
    ciclos                                   0x2000856d   Data           1  joystick.o(.data)
    uwTick                                   0x20008570   Data           4  stm32f4xx_hal.o(.data)
    uwTickPrio                               0x20008574   Data           4  stm32f4xx_hal.o(.data)
    uwTickFreq                               0x20008578   Data           1  stm32f4xx_hal.o(.data)
    SystemCoreClock                          0x2000857c   Data           4  system_stm32f4xx.o(.data)
    osRtxInfo                                0x20008580   Data         164  rtx_kernel.o(.data.os)
    __libspace_start                         0x2000864c   Data          96  libspace.o(.bss)
    __temporary_stack_top$libspace           0x200086ac   Data           0  libspace.o(.bss)



==============================================================================

Memory Map of the image

  Image Entry point : 0x080001ad

  Load Region LR_IROM1 (Base: 0x08000000, Size: 0x0000cf34, Max: 0x00200000, ABSOLUTE, COMPRESSED[0x00004a30])

    Execution Region ER_IROM1 (Exec base: 0x08000000, Load base: 0x08000000, Size: 0x00004910, Max: 0x00200000, ABSOLUTE)

    Exec Addr    Load Addr    Size         Type   Attr      Idx    E Section Name        Object

    0x08000000   0x08000000   0x000001ac   Data   RO         2156    RESET               startup_stm32f429xx.o
    0x080001ac   0x080001ac   0x00000008   Code   RO         2738  * !!!main             c_w.l(__main.o)
    0x080001b4   0x080001b4   0x00000034   Code   RO         2974    !!!scatter          c_w.l(__scatter.o)
    0x080001e8   0x080001e8   0x0000003a   Code   RO         2972    !!dczerorl          c_w.l(__dczerorl.o)
    0x08000222   0x08000222   0x00000002   PAD
    0x08000224   0x08000224   0x0000001c   Code   RO         2976    !!handler_zi        c_w.l(__scatter_zi.o)
    0x08000240   0x08000240   0x00000002   Code   RO         2900    .ARM.Collect$$libinit$$00000000  c_w.l(libinit.o)
    0x08000242   0x08000242   0x00000000   Code   RO         2831    .ARM.Collect$$libinit$$00000002  c_w.l(libinit2.o)
    0x08000242   0x08000242   0x00000000   Code   RO         2833    .ARM.Collect$$libinit$$00000004  c_w.l(libinit2.o)
    0x08000242   0x08000242   0x00000000   Code   RO         2836    .ARM.Collect$$libinit$$0000000A  c_w.l(libinit2.o)
    0x08000242   0x08000242   0x00000000   Code   RO         2838    .ARM.Collect$$libinit$$0000000C  c_w.l(libinit2.o)
    0x08000242   0x08000242   0x00000000   Code   RO         2840    .ARM.Collect$$libinit$$0000000E  c_w.l(libinit2.o)
    0x08000242   0x08000242   0x00000000   Code   RO         2843    .ARM.Collect$$libinit$$00000011  c_w.l(libinit2.o)
    0x08000242   0x08000242   0x00000000   Code   RO         2845    .ARM.Collect$$libinit$$00000013  c_w.l(libinit2.o)
    0x08000242   0x08000242   0x00000000   Code   RO         2847    .ARM.Collect$$libinit$$00000015  c_w.l(libinit2.o)
    0x08000242   0x08000242   0x00000000   Code   RO         2849    .ARM.Collect$$libinit$$00000017  c_w.l(libinit2.o)
    0x08000242   0x08000242   0x00000000   Code   RO         2851    .ARM.Collect$$libinit$$00000019  c_w.l(libinit2.o)
    0x08000242   0x08000242   0x00000000   Code   RO         2853    .ARM.Collect$$libinit$$0000001B  c_w.l(libinit2.o)
    0x08000242   0x08000242   0x00000000   Code   RO         2855    .ARM.Collect$$libinit$$0000001D  c_w.l(libinit2.o)
    0x08000242   0x08000242   0x00000000   Code   RO         2857    .ARM.Collect$$libinit$$0000001F  c_w.l(libinit2.o)
    0x08000242   0x08000242   0x00000000   Code   RO         2859    .ARM.Collect$$libinit$$00000021  c_w.l(libinit2.o)
    0x08000242   0x08000242   0x00000000   Code   RO         2861    .ARM.Collect$$libinit$$00000023  c_w.l(libinit2.o)
    0x08000242   0x08000242   0x00000000   Code   RO         2863    .ARM.Collect$$libinit$$00000025  c_w.l(libinit2.o)
    0x08000242   0x08000242   0x00000000   Code   RO         2867    .ARM.Collect$$libinit$$0000002C  c_w.l(libinit2.o)
    0x08000242   0x08000242   0x00000000   Code   RO         2869    .ARM.Collect$$libinit$$0000002E  c_w.l(libinit2.o)
    0x08000242   0x08000242   0x00000000   Code   RO         2871    .ARM.Collect$$libinit$$00000030  c_w.l(libinit2.o)
    0x08000242   0x08000242   0x00000000   Code   RO         2873    .ARM.Collect$$libinit$$00000032  c_w.l(libinit2.o)
    0x08000242   0x08000242   0x00000002   Code   RO         2874    .ARM.Collect$$libinit$$00000033  c_w.l(libinit2.o)
    0x08000244   0x08000244   0x00000002   Code   RO         2969    .ARM.Collect$$libshutdown$$00000000  c_w.l(libshutdown.o)
    0x08000246   0x08000246   0x00000000   Code   RO         2925    .ARM.Collect$$libshutdown$$00000002  c_w.l(libshutdown2.o)
    0x08000246   0x08000246   0x00000000   Code   RO         2927    .ARM.Collect$$libshutdown$$00000004  c_w.l(libshutdown2.o)
    0x08000246   0x08000246   0x00000000   Code   RO         2929    .ARM.Collect$$libshutdown$$00000006  c_w.l(libshutdown2.o)
    0x08000246   0x08000246   0x00000000   Code   RO         2932    .ARM.Collect$$libshutdown$$00000009  c_w.l(libshutdown2.o)
    0x08000246   0x08000246   0x00000000   Code   RO         2935    .ARM.Collect$$libshutdown$$0000000C  c_w.l(libshutdown2.o)
    0x08000246   0x08000246   0x00000000   Code   RO         2937    .ARM.Collect$$libshutdown$$0000000E  c_w.l(libshutdown2.o)
    0x08000246   0x08000246   0x00000000   Code   RO         2940    .ARM.Collect$$libshutdown$$00000011  c_w.l(libshutdown2.o)
    0x08000246   0x08000246   0x00000002   Code   RO         2941    .ARM.Collect$$libshutdown$$00000012  c_w.l(libshutdown2.o)
    0x08000248   0x08000248   0x00000000   Code   RO         2750    .ARM.Collect$$rtentry$$00000000  c_w.l(__rtentry.o)
    0x08000248   0x08000248   0x00000000   Code   RO         2795    .ARM.Collect$$rtentry$$00000002  c_w.l(__rtentry2.o)
    0x08000248   0x08000248   0x00000006   Code   RO         2807    .ARM.Collect$$rtentry$$00000004  c_w.l(__rtentry4.o)
    0x0800024e   0x0800024e   0x00000008   Code   RO         2796    .ARM.Collect$$rtentry$$00000008  c_w.l(__rtentry2.o)
    0x08000256   0x08000256   0x00000004   Code   RO         2798    .ARM.Collect$$rtentry$$0000000A  c_w.l(__rtentry2.o)
    0x0800025a   0x0800025a   0x00000000   Code   RO         2800    .ARM.Collect$$rtentry$$0000000C  c_w.l(__rtentry2.o)
    0x0800025a   0x0800025a   0x00000008   Code   RO         2801    .ARM.Collect$$rtentry$$0000000D  c_w.l(__rtentry2.o)
    0x08000262   0x08000262   0x00000002   Code   RO         2908    .ARM.Collect$$rtexit$$00000000  c_w.l(rtexit.o)
    0x08000264   0x08000264   0x00000000   Code   RO         2945    .ARM.Collect$$rtexit$$00000002  c_w.l(rtexit2.o)
    0x08000264   0x08000264   0x00000004   Code   RO         2946    .ARM.Collect$$rtexit$$00000003  c_w.l(rtexit2.o)
    0x08000268   0x08000268   0x00000006   Code   RO         2947    .ARM.Collect$$rtexit$$00000004  c_w.l(rtexit2.o)
    0x0800026e   0x0800026e   0x00000002   PAD
    0x08000270   0x08000270   0x00000040   Code   RO         2157    .text               startup_stm32f429xx.o
    0x080002b0   0x080002b0   0x00000094   Code   RO         2554    .text               RTX_CM3.lib(irq_armv7m.o)
    0x08000344   0x08000344   0x000000ee   Code   RO         2728    .text               c_w.l(lludivv7m.o)
    0x08000432   0x08000432   0x0000008a   Code   RO         2730    .text               c_w.l(rt_memcpy_v6.o)
    0x080004bc   0x080004bc   0x00000044   Code   RO         2732    .text               c_w.l(rt_memclr.o)
    0x08000500   0x08000500   0x0000004e   Code   RO         2734    .text               c_w.l(rt_memclr_w.o)
    0x0800054e   0x0800054e   0x00000006   Code   RO         2736    .text               c_w.l(heapauxi.o)
    0x08000554   0x08000554   0x00000064   Code   RO         2784    .text               c_w.l(rt_memcpy_w.o)
    0x080005b8   0x080005b8   0x00000008   Code   RO         2791    .text               c_w.l(libspace.o)
    0x080005c0   0x080005c0   0x0000004a   Code   RO         2877    .text               c_w.l(sys_stackheap_outer.o)
    0x0800060a   0x0800060a   0x00000012   Code   RO         2885    .text               c_w.l(exit.o)
    0x0800061c   0x0800061c   0x0000000c   Code   RO         2903    .text               c_w.l(sys_exit.o)
    0x08000628   0x08000628   0x00000002   Code   RO         2905    .text               c_w.l(use_no_semi.o)
    0x0800062a   0x0800062a   0x00000000   Code   RO         2907    .text               c_w.l(indicate_semi.o)
    0x0800062a   0x0800062a   0x00000040   Code   RO         2535    .text.MessageQueueGet  RTX_CM3.lib(rtx_msgqueue.o)
    0x0800066a   0x0800066a   0x00000058   Code   RO         2529    .text.MessageQueuePut  RTX_CM3.lib(rtx_msgqueue.o)
    0x080006c2   0x080006c2   0x0000001c   Code   RO         2527    .text.MessageQueueRemove  RTX_CM3.lib(rtx_msgqueue.o)
    0x080006de   0x080006de   0x00000002   PAD
    0x080006e0   0x080006e0   0x0000000c   Code   RO         2648    .text.OS_Tick_AcknowledgeIRQ  RTX_CM3.lib(os_systick.o)
    0x080006ec   0x080006ec   0x0000002c   Code   RO         2644    .text.OS_Tick_Enable  RTX_CM3.lib(os_systick.o)
    0x08000718   0x08000718   0x00000006   Code   RO         2650    .text.OS_Tick_GetIRQn  RTX_CM3.lib(os_systick.o)
    0x0800071e   0x0800071e   0x00000002   PAD
    0x08000720   0x08000720   0x00000040   Code   RO         2642    .text.OS_Tick_Setup  RTX_CM3.lib(os_systick.o)
    0x08000760   0x08000760   0x0000000c   Code   RO         2257    .text.OUTLINED_FUNCTION_0  RTX_CM3.lib(rtx_kernel.o)
    0x0800076c   0x0800076c   0x0000000c   Code   RO         2543    .text.OUTLINED_FUNCTION_0  RTX_CM3.lib(rtx_msgqueue.o)
    0x08000778   0x08000778   0x00000006   Code   RO         2259    .text.OUTLINED_FUNCTION_1  RTX_CM3.lib(rtx_kernel.o)
    0x0800077e   0x0800077e   0x00000006   Code   RO         2545    .text.OUTLINED_FUNCTION_1  RTX_CM3.lib(rtx_msgqueue.o)
    0x08000784   0x08000784   0x00000064   Code   RO         2349    .text.ThreadFlagsCheck  RTX_CM3.lib(rtx_thread.o)
    0x080007e8   0x080007e8   0x00000048   Code   RO         2433    .text.TimerInsert   RTX_CM3.lib(rtx_timer.o)
    0x08000830   0x08000830   0x00000030   Code   RO         2209    .text.osKernelGetState  RTX_CM3.lib(rtx_kernel.o)
    0x08000860   0x08000860   0x00000028   Code   RO         2225    .text.osKernelGetTickCount  RTX_CM3.lib(rtx_kernel.o)
    0x08000888   0x08000888   0x0000002c   Code   RO         2203    .text.osKernelInitialize  RTX_CM3.lib(rtx_kernel.o)
    0x080008b4   0x080008b4   0x00000024   Code   RO         2213    .text.osKernelStart  RTX_CM3.lib(rtx_kernel.o)
    0x080008d8   0x080008d8   0x00000070   Code   RO         2503    .text.osMessageQueueGet  RTX_CM3.lib(rtx_msgqueue.o)
    0x08000948   0x08000948   0x00000080   Code   RO         2501    .text.osMessageQueuePut  RTX_CM3.lib(rtx_msgqueue.o)
    0x080009c8   0x080009c8   0x00000024   Code   RO         2465    .text.osMutexAcquire  RTX_CM3.lib(rtx_mutex.o)
    0x080009ec   0x080009ec   0x00000024   Code   RO         2471    .text.osMutexDelete  RTX_CM3.lib(rtx_mutex.o)
    0x08000a10   0x08000a10   0x00000024   Code   RO         2461    .text.osMutexNew    RTX_CM3.lib(rtx_mutex.o)
    0x08000a34   0x08000a34   0x00000024   Code   RO         2467    .text.osMutexRelease  RTX_CM3.lib(rtx_mutex.o)
    0x08000a58   0x08000a58   0x00000004   Code   RO         2201    .text.osRtxKernelErrorNotify  RTX_CM3.lib(rtx_kernel.o)
    0x08000a5c   0x08000a5c   0x00000002   Code   RO         2199    .text.osRtxKernelPreInit  RTX_CM3.lib(rtx_kernel.o)
    0x08000a5e   0x08000a5e   0x0000006c   Code   RO         2564    .text.osRtxMemoryAlloc  RTX_CM3.lib(rtx_memory.o)
    0x08000aca   0x08000aca   0x00000042   Code   RO         2566    .text.osRtxMemoryFree  RTX_CM3.lib(rtx_memory.o)
    0x08000b0c   0x08000b0c   0x00000036   Code   RO         2562    .text.osRtxMemoryInit  RTX_CM3.lib(rtx_memory.o)
    0x08000b42   0x08000b42   0x0000003a   Code   RO         2578    .text.osRtxMemoryPoolAlloc  RTX_CM3.lib(rtx_mempool.o)
    0x08000b7c   0x08000b7c   0x0000004a   Code   RO         2580    .text.osRtxMemoryPoolFree  RTX_CM3.lib(rtx_mempool.o)
    0x08000bc6   0x08000bc6   0x00000038   Code   RO         2576    .text.osRtxMemoryPoolInit  RTX_CM3.lib(rtx_mempool.o)
    0x08000bfe   0x08000bfe   0x000000aa   Code   RO         2525    .text.osRtxMessageQueuePostProcess  RTX_CM3.lib(rtx_msgqueue.o)
    0x08000ca8   0x08000ca8   0x00000028   Code   RO         2493    .text.osRtxMessageQueueTimerSetup  RTX_CM3.lib(rtx_msgqueue.o)
    0x08000cd0   0x08000cd0   0x00000048   Code   RO         2457    .text.osRtxMutexOwnerRelease  RTX_CM3.lib(rtx_mutex.o)
    0x08000d18   0x08000d18   0x00000048   Code   RO         2459    .text.osRtxMutexOwnerRestore  RTX_CM3.lib(rtx_mutex.o)
    0x08000d60   0x08000d60   0x0000008c   Code   RO         2630    .text.osRtxPendSV_Handler  RTX_CM3.lib(rtx_system.o)
    0x08000dec   0x08000dec   0x00000074   Code   RO         2632    .text.osRtxPostProcess  RTX_CM3.lib(rtx_system.o)
    0x08000e60   0x08000e60   0x00000038   Code   RO         2289    .text.osRtxThreadBlock  RTX_CM3.lib(rtx_thread.o)
    0x08000e98   0x08000e98   0x00000080   Code   RO         2297    .text.osRtxThreadDelayInsert  RTX_CM3.lib(rtx_thread.o)
    0x08000f18   0x08000f18   0x00000040   Code   RO         2293    .text.osRtxThreadDelayRemove  RTX_CM3.lib(rtx_thread.o)
    0x08000f58   0x08000f58   0x00000054   Code   RO         2281    .text.osRtxThreadDelayTick  RTX_CM3.lib(rtx_thread.o)
    0x08000fac   0x08000fac   0x00000024   Code   RO         2381    .text.osRtxThreadDestroy  RTX_CM3.lib(rtx_thread.o)
    0x08000fd0   0x08000fd0   0x00000054   Code   RO         2287    .text.osRtxThreadDispatch  RTX_CM3.lib(rtx_thread.o)
    0x08001024   0x08001024   0x00000058   Code   RO         2373    .text.osRtxThreadFree  RTX_CM3.lib(rtx_thread.o)
    0x0800107c   0x0800107c   0x0000001e   Code   RO         2379    .text.osRtxThreadJoinWakeup  RTX_CM3.lib(rtx_thread.o)
    0x0800109a   0x0800109a   0x00000012   Code   RO         2273    .text.osRtxThreadListGet  RTX_CM3.lib(rtx_thread.o)
    0x080010ac   0x080010ac   0x0000002c   Code   RO         2271    .text.osRtxThreadListPut  RTX_CM3.lib(rtx_thread.o)
    0x080010d8   0x080010d8   0x00000014   Code   RO         2277    .text.osRtxThreadListRemove  RTX_CM3.lib(rtx_thread.o)
    0x080010ec   0x080010ec   0x00000026   Code   RO         2275    .text.osRtxThreadListSort  RTX_CM3.lib(rtx_thread.o)
    0x08001112   0x08001112   0x00000028   Code   RO         2347    .text.osRtxThreadPostProcess  RTX_CM3.lib(rtx_thread.o)
    0x0800113a   0x0800113a   0x00000002   PAD
    0x0800113c   0x0800113c   0x00000014   Code   RO         2279    .text.osRtxThreadReadyPut  RTX_CM3.lib(rtx_thread.o)
    0x08001150   0x08001150   0x00000006   Code   RO         2283    .text.osRtxThreadRegPtr  RTX_CM3.lib(rtx_thread.o)
    0x08001156   0x08001156   0x00000002   PAD
    0x08001158   0x08001158   0x0000003c   Code   RO         2299    .text.osRtxThreadStartup  RTX_CM3.lib(rtx_thread.o)
    0x08001194   0x08001194   0x00000010   Code   RO         2285    .text.osRtxThreadSwitch  RTX_CM3.lib(rtx_thread.o)
    0x080011a4   0x080011a4   0x0000003c   Code   RO         2295    .text.osRtxThreadWaitEnter  RTX_CM3.lib(rtx_thread.o)
    0x080011e0   0x080011e0   0x00000022   Code   RO         2291    .text.osRtxThreadWaitExit  RTX_CM3.lib(rtx_thread.o)
    0x08001202   0x08001202   0x00000002   PAD
    0x08001204   0x08001204   0x00000078   Code   RO         2628    .text.osRtxTick_Handler  RTX_CM3.lib(rtx_system.o)
    0x0800127c   0x0800127c   0x00000020   Code   RO         2415    .text.osRtxTimerSetup  RTX_CM3.lib(rtx_timer.o)
    0x0800129c   0x0800129c   0x00000020   Code   RO         2419    .text.osRtxTimerThread  RTX_CM3.lib(rtx_timer.o)
    0x080012bc   0x080012bc   0x00000070   Code   RO         2417    .text.osRtxTimerTick  RTX_CM3.lib(rtx_timer.o)
    0x0800132c   0x0800132c   0x0000000c   Code   RO         2331    .text.osThreadExit  RTX_CM3.lib(rtx_thread.o)
    0x08001338   0x08001338   0x00000058   Code   RO         2339    .text.osThreadFlagsSet  RTX_CM3.lib(rtx_thread.o)
    0x08001390   0x08001390   0x0000000c   Code   RO         2211    .text.svcRtxKernelGetState  RTX_CM3.lib(rtx_kernel.o)
    0x0800139c   0x0800139c   0x0000000c   Code   RO         2227    .text.svcRtxKernelGetTickCount  RTX_CM3.lib(rtx_kernel.o)
    0x080013a8   0x080013a8   0x00000100   Code   RO         2241    .text.svcRtxKernelInitialize  RTX_CM3.lib(rtx_kernel.o)
    0x080014a8   0x080014a8   0x0000008c   Code   RO         2243    .text.svcRtxKernelStart  RTX_CM3.lib(rtx_kernel.o)
    0x08001534   0x08001534   0x000000cc   Code   RO         2537    .text.svcRtxMessageQueueGet  RTX_CM3.lib(rtx_msgqueue.o)
    0x08001600   0x08001600   0x00000118   Code   RO         2495    .text.svcRtxMessageQueueNew  RTX_CM3.lib(rtx_msgqueue.o)
    0x08001718   0x08001718   0x000000ac   Code   RO         2533    .text.svcRtxMessageQueuePut  RTX_CM3.lib(rtx_msgqueue.o)
    0x080017c4   0x080017c4   0x00000090   Code   RO         2477    .text.svcRtxMutexAcquire  RTX_CM3.lib(rtx_mutex.o)
    0x08001854   0x08001854   0x000000b0   Code   RO         2483    .text.svcRtxMutexDelete  RTX_CM3.lib(rtx_mutex.o)
    0x08001904   0x08001904   0x00000068   Code   RO         2473    .text.svcRtxMutexNew  RTX_CM3.lib(rtx_mutex.o)
    0x0800196c   0x0800196c   0x000000b4   Code   RO         2479    .text.svcRtxMutexRelease  RTX_CM3.lib(rtx_mutex.o)
    0x08001a20   0x08001a20   0x0000004c   Code   RO         2377    .text.svcRtxThreadExit  RTX_CM3.lib(rtx_thread.o)
    0x08001a6c   0x08001a6c   0x00000066   Code   RO         2389    .text.svcRtxThreadFlagsSet  RTX_CM3.lib(rtx_thread.o)
    0x08001ad2   0x08001ad2   0x00000002   PAD
    0x08001ad4   0x08001ad4   0x000001ec   Code   RO         2301    .text.svcRtxThreadNew  RTX_CM3.lib(rtx_thread.o)
    0x08001cc0   0x08001cc0   0x00000004   Code   RO          147    i.BusFault_Handler  stm32f4xx_it.o
    0x08001cc4   0x08001cc4   0x00000034   Code   RO         1082    i.DMA_CalcBaseAndBitshift  stm32f4xx_hal_dma.o
    0x08001cf8   0x08001cf8   0x000000aa   Code   RO         1083    i.DMA_CheckFifoParam  stm32f4xx_hal_dma.o
    0x08001da2   0x08001da2   0x0000002c   Code   RO         1084    i.DMA_SetConfig     stm32f4xx_hal_dma.o
    0x08001dce   0x08001dce   0x00000002   Code   RO          148    i.DebugMon_Handler  stm32f4xx_it.o
    0x08001dd0   0x08001dd0   0x00000014   Code   RO          315    i.EXTI15_10_IRQHandler  joystick.o
    0x08001de4   0x08001de4   0x000001d8   Code   RO          573    i.Enable_GPIO_Clock  i2c_stm32f4xx.o
    0x08001fbc   0x08001fbc   0x00000006   Code   RO            4    i.Error_Handler     main.o
    0x08001fc2   0x08001fc2   0x000000ac   Code   RO         1085    i.HAL_DMA_Abort     stm32f4xx_hal_dma.o
    0x0800206e   0x0800206e   0x00000002   PAD
    0x08002070   0x08002070   0x000000ec   Code   RO         1091    i.HAL_DMA_Init      stm32f4xx_hal_dma.o
    0x0800215c   0x0800215c   0x00000092   Code   RO         1095    i.HAL_DMA_Start_IT  stm32f4xx_hal_dma.o
    0x080021ee   0x080021ee   0x00000002   PAD
    0x080021f0   0x080021f0   0x00000028   Code   RO          751    i.HAL_Delay         stm32f4xx_hal.o
    0x08002218   0x08002218   0x00000184   Code   RO         1229    i.HAL_GPIO_DeInit   stm32f4xx_hal_gpio.o
    0x0800239c   0x0800239c   0x00000038   Code   RO          316    i.HAL_GPIO_EXTI_Callback  joystick.o
    0x080023d4   0x080023d4   0x0000001c   Code   RO         1231    i.HAL_GPIO_EXTI_IRQHandler  stm32f4xx_hal_gpio.o
    0x080023f0   0x080023f0   0x00000210   Code   RO         1232    i.HAL_GPIO_Init     stm32f4xx_hal_gpio.o
    0x08002600   0x08002600   0x00000010   Code   RO         1234    i.HAL_GPIO_ReadPin  stm32f4xx_hal_gpio.o
    0x08002610   0x08002610   0x0000000c   Code   RO         1236    i.HAL_GPIO_WritePin  stm32f4xx_hal_gpio.o
    0x0800261c   0x0800261c   0x0000000c   Code   RO          758    i.HAL_GetREVID      stm32f4xx_hal.o
    0x08002628   0x08002628   0x0000004c   Code   RO            5    i.HAL_GetTick       main.o
    0x08002674   0x08002674   0x00000030   Code   RO          766    i.HAL_Init          stm32f4xx_hal.o
    0x080026a4   0x080026a4   0x0000004c   Code   RO          767    i.HAL_InitTick      stm32f4xx_hal.o
    0x080026f0   0x080026f0   0x00000002   Code   RO          769    i.HAL_MspInit       stm32f4xx_hal.o
    0x080026f2   0x080026f2   0x00000002   PAD
    0x080026f4   0x080026f4   0x00000024   Code   RO          945    i.HAL_NVIC_ClearPendingIRQ  stm32f4xx_hal_cortex.o
    0x08002718   0x08002718   0x0000002c   Code   RO          946    i.HAL_NVIC_DisableIRQ  stm32f4xx_hal_cortex.o
    0x08002744   0x08002744   0x00000028   Code   RO          947    i.HAL_NVIC_EnableIRQ  stm32f4xx_hal_cortex.o
    0x0800276c   0x0800276c   0x0000007c   Code   RO          953    i.HAL_NVIC_SetPriority  stm32f4xx_hal_cortex.o
    0x080027e8   0x080027e8   0x00000028   Code   RO          954    i.HAL_NVIC_SetPriorityGrouping  stm32f4xx_hal_cortex.o
    0x08002810   0x08002810   0x00000184   Code   RO         1990    i.HAL_RCC_ClockConfig  stm32f4xx_hal_rcc.o
    0x08002994   0x08002994   0x0000000c   Code   RO         1995    i.HAL_RCC_GetHCLKFreq  stm32f4xx_hal_rcc.o
    0x080029a0   0x080029a0   0x00000020   Code   RO         1997    i.HAL_RCC_GetPCLK1Freq  stm32f4xx_hal_rcc.o
    0x080029c0   0x080029c0   0x000000b0   Code   RO         1999    i.HAL_RCC_GetSysClockFreq  stm32f4xx_hal_rcc.o
    0x08002a70   0x08002a70   0x0000049c   Code   RO         2002    i.HAL_RCC_OscConfig  stm32f4xx_hal_rcc.o
    0x08002f0c   0x08002f0c   0x00000034   Code   RO          958    i.HAL_SYSTICK_Config  stm32f4xx_hal_cortex.o
    0x08002f40   0x08002f40   0x00000004   Code   RO          149    i.HardFault_Handler  stm32f4xx_it.o
    0x08002f44   0x08002f44   0x00000018   Code   RO          574    i.I2C1_Control      i2c_stm32f4xx.o
    0x08002f5c   0x08002f5c   0x00000010   Code   RO          575    i.I2C1_ER_IRQHandler  i2c_stm32f4xx.o
    0x08002f6c   0x08002f6c   0x00000010   Code   RO          576    i.I2C1_EV_IRQHandler  i2c_stm32f4xx.o
    0x08002f7c   0x08002f7c   0x00000010   Code   RO          577    i.I2C1_GetDataCount  i2c_stm32f4xx.o
    0x08002f8c   0x08002f8c   0x00000010   Code   RO          578    i.I2C1_GetStatus    i2c_stm32f4xx.o
    0x08002f9c   0x08002f9c   0x00000014   Code   RO          579    i.I2C1_Initialize   i2c_stm32f4xx.o
    0x08002fb0   0x08002fb0   0x00000020   Code   RO          580    i.I2C1_MasterReceive  i2c_stm32f4xx.o
    0x08002fd0   0x08002fd0   0x00000020   Code   RO          581    i.I2C1_MasterTransmit  i2c_stm32f4xx.o
    0x08002ff0   0x08002ff0   0x00000014   Code   RO          582    i.I2C1_PowerControl  i2c_stm32f4xx.o
    0x08003004   0x08003004   0x00000018   Code   RO          583    i.I2C1_SlaveReceive  i2c_stm32f4xx.o
    0x0800301c   0x0800301c   0x00000018   Code   RO          584    i.I2C1_SlaveTransmit  i2c_stm32f4xx.o
    0x08003034   0x08003034   0x00000010   Code   RO          585    i.I2C1_Uninitialize  i2c_stm32f4xx.o
    0x08003044   0x08003044   0x0000000c   Code   RO          586    i.I2CX_GetCapabilities  i2c_stm32f4xx.o
    0x08003050   0x08003050   0x00000010   Code   RO          587    i.I2CX_GetVersion   i2c_stm32f4xx.o
    0x08003060   0x08003060   0x0000034c   Code   RO          588    i.I2C_Control       i2c_stm32f4xx.o
    0x080033ac   0x080033ac   0x00000206   Code   RO          589    i.I2C_ER_IRQHandler  i2c_stm32f4xx.o
    0x080035b2   0x080035b2   0x000006bc   Code   RO          590    i.I2C_EV_IRQHandler  i2c_stm32f4xx.o
    0x08003c6e   0x08003c6e   0x00000034   Code   RO          591    i.I2C_GetDataCount  i2c_stm32f4xx.o
    0x08003ca2   0x08003ca2   0x00000008   Code   RO          592    i.I2C_GetStatus     i2c_stm32f4xx.o
    0x08003caa   0x08003caa   0x00000002   PAD
    0x08003cac   0x08003cac   0x000001c0   Code   RO          593    i.I2C_Initialize    i2c_stm32f4xx.o
    0x08003e6c   0x08003e6c   0x00000144   Code   RO          594    i.I2C_MasterReceive  i2c_stm32f4xx.o
    0x08003fb0   0x08003fb0   0x0000012a   Code   RO          595    i.I2C_MasterTransmit  i2c_stm32f4xx.o
    0x080040da   0x080040da   0x00000002   PAD
    0x080040dc   0x080040dc   0x00000298   Code   RO          596    i.I2C_PowerControl  i2c_stm32f4xx.o
    0x08004374   0x08004374   0x00000088   Code   RO          597    i.I2C_SlaveReceive  i2c_stm32f4xx.o
    0x080043fc   0x080043fc   0x00000088   Code   RO          598    i.I2C_SlaveTransmit  i2c_stm32f4xx.o
    0x08004484   0x08004484   0x00000034   Code   RO          599    i.I2C_Uninitialize  i2c_stm32f4xx.o
    0x080044b8   0x080044b8   0x00000004   Code   RO          150    i.MemManage_Handler  stm32f4xx_it.o
    0x080044bc   0x080044bc   0x00000002   Code   RO          151    i.NMI_Handler       stm32f4xx_it.o
    0x080044be   0x080044be   0x00000002   PAD
    0x080044c0   0x080044c0   0x000000c0   Code   RO            6    i.SystemClock_Config  main.o
    0x08004580   0x08004580   0x000000c0   Code   RO         2164    i.SystemCoreClockUpdate  system_stm32f4xx.o
    0x08004640   0x08004640   0x00000010   Code   RO         2165    i.SystemInit        system_stm32f4xx.o
    0x08004650   0x08004650   0x00000004   Code   RO          152    i.UsageFault_Handler  stm32f4xx_it.o
    0x08004654   0x08004654   0x00000010   Code   RO          960    i.__NVIC_GetPriorityGrouping  stm32f4xx_hal_cortex.o
    0x08004664   0x08004664   0x00000028   Code   RO          961    i.__NVIC_SetPriority  stm32f4xx_hal_cortex.o
    0x0800468c   0x0800468c   0x00000016   Code   RO          455    i._mutex_acquire    rtx_lib.o
    0x080046a2   0x080046a2   0x0000000c   Code   RO          456    i._mutex_free       rtx_lib.o
    0x080046ae   0x080046ae   0x00000022   Code   RO          457    i._mutex_initialize  rtx_lib.o
    0x080046d0   0x080046d0   0x00000012   Code   RO          458    i._mutex_release    rtx_lib.o
    0x080046e2   0x080046e2   0x00000008   Code   RO          459    i._platform_post_stackheap_init  rtx_lib.o
    0x080046ea   0x080046ea   0x00000018   Code   RO            7    i.main              main.o
    0x08004702   0x08004702   0x00000020   Code   RO          539    i.osRtxErrorNotify  rtx_config.o
    0x08004722   0x08004722   0x00000004   Code   RO          540    i.osRtxIdleThread   rtx_config.o
    0x08004726   0x08004726   0x00000002   PAD
    0x08004728   0x08004728   0x00000020   Code   RO          460    i.os_kernel_is_active  rtx_lib.o
    0x08004748   0x08004748   0x00000068   Data   RO          468    .constdata          rtx_lib.o
    0x080047b0   0x080047b0   0x00000068   Data   RO          601    .constdata          i2c_stm32f4xx.o
    0x08004818   0x08004818   0x00000008   Data   RO         1097    .constdata          stm32f4xx_hal_dma.o
    0x08004820   0x08004820   0x00000018   Data   RO         2166    .constdata          system_stm32f4xx.o
    0x08004838   0x08004838   0x000000a8   Data   RO          470    .rodata             rtx_lib.o
    0x080048e0   0x080048e0   0x00000001   Data   RO         2555    .rodata             RTX_CM3.lib(irq_armv7m.o)
    0x080048e1   0x080048e1   0x00000003   PAD
    0x080048e4   0x080048e4   0x0000000b   Data   RO         2261    .rodata.str1.4      RTX_CM3.lib(rtx_kernel.o)
    0x080048ef   0x080048ef   0x00000001   PAD
    0x080048f0   0x080048f0   0x00000020   Data   RO         2970    Region$$Table       anon$$obj.o


    Execution Region RW_IRAM1 (Exec base: 0x20000000, Load base: 0x08004910, Size: 0x00008cb0, Max: 0x00030000, ABSOLUTE, COMPRESSED[0x00000120])

    Exec Addr    Load Addr    Size         Type   Attr      Idx    E Section Name        Object

    0x20000000   COMPRESSED   0x00008040   Data   RW          461    .bss.os             rtx_lib.o
    0x20008040   COMPRESSED   0x00000034   Data   RW          463    .bss.os.msgqueue.cb  rtx_lib.o
    0x20008074   COMPRESSED   0x00000050   Data   RW          464    .bss.os.msgqueue.mem  rtx_lib.o
    0x200080c4   COMPRESSED   0x00000088   Data   RW          465    .bss.os.thread.cb   rtx_lib.o
    0x2000814c   COMPRESSED   0x00000004   PAD
    0x20008150   COMPRESSED   0x00000200   Data   RW          466    .bss.os.thread.idle.stack  rtx_lib.o
    0x20008350   COMPRESSED   0x00000200   Data   RW          467    .bss.os.thread.timer.stack  rtx_lib.o
    0x20008550   COMPRESSED   0x00000004   Data   RW            8    .data               main.o
    0x20008554   COMPRESSED   0x0000001a   Data   RW          323    .data               joystick.o
    0x2000856e   COMPRESSED   0x00000001   Data   RW          469    .data               rtx_lib.o
    0x2000856f   COMPRESSED   0x00000001   PAD
    0x20008570   COMPRESSED   0x00000009   Data   RW          773    .data               stm32f4xx_hal.o
    0x20008579   COMPRESSED   0x00000003   PAD
    0x2000857c   COMPRESSED   0x00000004   Data   RW         2167    .data               system_stm32f4xx.o
    0x20008580   COMPRESSED   0x000000a4   Data   RW         2262    .data.os            RTX_CM3.lib(rtx_kernel.o)
    0x20008624        -       0x00000028   Zero   RW          600    .bss                i2c_stm32f4xx.o
    0x2000864c        -       0x00000060   Zero   RW         2792    .bss                c_w.l(libspace.o)
    0x200086ac        -       0x00000001   Zero   RW         2660    .bss.os             RTX_CM3.lib(os_systick.o)
    0x200086ad   COMPRESSED   0x00000003   PAD
    0x200086b0        -       0x00000200   Zero   RW         2155    HEAP                startup_stm32f429xx.o
    0x200088b0        -       0x00000400   Zero   RW         2154    STACK               startup_stm32f429xx.o


==============================================================================

Image component sizes


      Code (inc. data)   RO Data    RW Data    ZI Data      Debug   Object Name

      5960        174        104          0         40      25224   i2c_stm32f4xx.o
        76         12          0         26          0       2040   joystick.o
       298         22          0          4          0     712833   main.o
         0          0          0          0          0       6704   principal.o
        36          6          0          0          0        973   rtx_config.o
       126          4        272      34125          0      12874   rtx_lib.o
        64         26        428          0       1536        820   startup_stm32f429xx.o
       178         24          0          9          0       9938   stm32f4xx_hal.o
       392         34          0          0          0      36488   stm32f4xx_hal_cortex.o
       820         10          8          0          0       5702   stm32f4xx_hal_dma.o
       972        106          0          0          0       4616   stm32f4xx_hal_gpio.o
      1788         74          0          0          0       5309   stm32f4xx_hal_rcc.o
        20          0          0          0          0       2401   stm32f4xx_it.o
       208         28         24          4          0       1907   system_stm32f4xx.o

    ----------------------------------------------------------------------
     10952        520        868      34176       1576     827829   Object Totals
         0          0         32          0          0          0   (incl. Generated)
        14          0          0          8          0          0   (incl. Padding)

    ----------------------------------------------------------------------

      Code (inc. data)   RO Data    RW Data    ZI Data      Debug   Library Member Name

       148          8          1          0          0        591   irq_armv7m.o
       126         32          0          0          1       3196   os_systick.o
       612         60         11        164          0      16781   rtx_kernel.o
       228          0          0          0          0       2590   rtx_memory.o
       188          0          0          0          0      16188   rtx_mempool.o
      1304         32          0          0          0      18765   rtx_msgqueue.o
       892         32          0          0          0      10068   rtx_mutex.o
       376         26          0          0          0       5444   rtx_system.o
      1796         84          0          0          0      32441   rtx_thread.o
       248         16          0          0          0      10433   rtx_timer.o
        58          0          0          0          0          0   __dczerorl.o
         8          0          0          0          0         68   __main.o
         0          0          0          0          0          0   __rtentry.o
        20          0          0          0          0          0   __rtentry2.o
         6          0          0          0          0          0   __rtentry4.o
        52          8          0          0          0          0   __scatter.o
        28          0          0          0          0          0   __scatter_zi.o
        18          0          0          0          0         80   exit.o
         6          0          0          0          0        152   heapauxi.o
         0          0          0          0          0          0   indicate_semi.o
         2          0          0          0          0          0   libinit.o
         2          0          0          0          0          0   libinit2.o
         2          0          0          0          0          0   libshutdown.o
         2          0          0          0          0          0   libshutdown2.o
         8          4          0          0         96         68   libspace.o
       238          0          0          0          0        100   lludivv7m.o
        68          0          0          0          0         68   rt_memclr.o
        78          0          0          0          0         80   rt_memclr_w.o
       138          0          0          0          0         68   rt_memcpy_v6.o
       100          0          0          0          0         80   rt_memcpy_w.o
         2          0          0          0          0          0   rtexit.o
        10          0          0          0          0          0   rtexit2.o
        12          4          0          0          0         68   sys_exit.o
        74          0          0          0          0         80   sys_stackheap_outer.o
         2          0          0          0          0         68   use_no_semi.o

    ----------------------------------------------------------------------
      6868        306         16        164        100     117477   Library Totals
        16          0          4          0          3          0   (incl. Padding)

    ----------------------------------------------------------------------

      Code (inc. data)   RO Data    RW Data    ZI Data      Debug   Library Name

      5918        290         12        164          1     116497   RTX_CM3.lib
       934         16          0          0         96        980   c_w.l

    ----------------------------------------------------------------------
      6868        306         16        164        100     117477   Library Totals

    ----------------------------------------------------------------------

==============================================================================


      Code (inc. data)   RO Data    RW Data    ZI Data      Debug   

     17820        826        884      34340       1676     940930   Grand Totals
     17820        826        884        288       1676     940930   ELF Image Totals (compressed)
     17820        826        884        288          0          0   ROM Totals

==============================================================================

    Total RO  Size (Code + RO Data)                18704 (  18.27kB)
    Total RW  Size (RW Data + ZI Data)             36016 (  35.17kB)
    Total ROM Size (Code + RO Data + RW Data)      18992 (  18.55kB)

==============================================================================

