<html>
<body>
<pre>
<h1>µVision Build Log</h1>
<h2>Tool Versions:</h2>
IDE-Version: µVision V5.34.0.0
Copyright (C) 2021 ARM Ltd and ARM Germany GmbH. All rights reserved.
License Information: Lukas Gdanietz UPM Flex license: MDK Professional 5.34 (Flex) (mdk_pro) Operation stops: 24 Jan 2027
 
Tool Versions:
Toolchain:       MDK Professional 5.34 (Flex)  Version: 5.34.0.0
Toolchain Path:  C:\Keil_v5\ARM\ARMCC\Bin
C Compiler:      Armcc.exe V5.06 update 7 (build 960)
Assembler:       Armasm.exe V5.06 update 7 (build 960)
Linker/Locator:  ArmLink.exe V5.06 update 7 (build 960)
Library Manager: ArmAr.exe V5.06 update 7 (build 960)
Hex Converter:   FromElf.exe V5.06 update 7 (build 960)
CPU DLL:         SARMCM3.DLL V5.34.0.0
Dialog DLL:      DCM.DLL V1.17.3.0
Target DLL:      STLink\ST-LINKIII-KEIL_SWO.dll V3.0.8.0
Dialog DLL:      TCM.DLL V1.48.0.0
 
<h2>Project:</h2>
\\vmware-host\Shared Folders\SBM\2024\PF_Diciembre\PF_Diciembre.uvprojx
Project File Date:  12/17/2024

<h2>Output:</h2>
*** Using Compiler 'V5.06 update 7 (build 960)', folder: 'C:\Keil_v5\ARM\ARMCC\Bin'
Rebuild target 'STM32F429_Nucleo'
compiling clock.c...
compiling main.c...
compiling lcd.c...
LCD\lcd.c(297): warning:  #1-D: last line of file ends without a newline
  */
LCD\lcd.c(10): warning:  #177-D: variable "id_Th_Test_Th_lcd"  was declared but never referenced
  static osThreadId_t id_Th_Test_Th_lcd;
LCD\lcd.c(23): warning:  #177-D: function "Test_Th_lcd"  was declared but never referenced
  static void Test_Th_lcd(void *arguments);
LCD\lcd.c: 3 warnings, 0 errors
compiling joystick.c...
Joystick\joystick.c(37): warning:  #47-D: incompatible redefinition of macro "_LOG_LEVEL"  (declared at line 22 of "Joystick\../stm_log.h")
  #define _LOG_LEVEL 3
Joystick\joystick.c(55): warning:  #188-D: enumerated type mixed with another type
  	osStatus_t status = 0;
Joystick\joystick.c(71): warning:  #188-D: enumerated type mixed with another type
  	status = osThreadFlagsSet(joystick_th_id, flag);						//Notificamos al hilo del proceso de la interrupcion
Joystick\joystick.c(55): warning:  #550-D: variable "status"  was set but never used
  	osStatus_t status = 0;
Joystick\joystick.c(113): warning:  #188-D: enumerated type mixed with another type
  	osStatus_t osstatus = 0;
Joystick\joystick.c(155): warning:  #111-D: statement is unreachable
  	return;
Joystick\joystick.c(113): warning:  #550-D: variable "osstatus"  was set but never used
  	osStatus_t osstatus = 0;
Joystick\joystick.c: 7 warnings, 0 errors
compiling leds_nucleo.c...
compiling circ_buf.c...
circ_buf.c(30): warning:  #1254-D: arithmetic on pointer to void or function type
  	memcpy(&buffer->i_buffer_circ[buffer->ultima_entrada*buffer->data_size], dato, buffer->data_size);		//Shifteamos el tamano del dato
circ_buf.c(31): warning:  #1254-D: arithmetic on pointer to void or function type
  	STM_LOGI(__func__, "En el buf tenemos: %s", (char *)&buffer->i_buffer_circ[buffer->ultima_entrada*buffer->data_size]);
circ_buf.c(51): warning:  #1254-D: arithmetic on pointer to void or function type
  	STM_LOGI(__func__, &buffer->i_buffer_circ[n_elemento]);
circ_buf.c(52): warning:  #1254-D: arithmetic on pointer to void or function type
  	memcpy(dato, &buffer->i_buffer_circ[n_elemento*buffer->data_size], buffer->data_size);
circ_buf.c: 4 warnings, 0 errors
compiling stm_log.c...
compiling accel&temp.c...
Acelerometro\accel&temp.c(94): warning:  #188-D: enumerated type mixed with another type
  	stm_err_t ret = 0;
Acelerometro\accel&temp.c(102): warning:  #144-D: a value of type "void *" cannot be used to initialize an entity of type "int32_t (*)(void *, uint8_t, void *, size_t)"
  		.read = (void *)i2c_read,
Acelerometro\accel&temp.c(103): warning:  #144-D: a value of type "void *" cannot be used to initialize an entity of type "int32_t (*)(void *, uint8_t, const void *, size_t)"
  		.write = (void *)i2c_write,
Acelerometro\accel&temp.c(94): warning:  #177-D: variable "ret"  was declared but never referenced
  	stm_err_t ret = 0;
Acelerometro\accel&temp.c(95): warning:  #550-D: variable "osstatus"  was set but never used
  	static osStatus_t osstatus;
Acelerometro\accel&temp.c(96): warning:  #550-D: variable "thread_flags"  was set but never used
  	uint32_t thread_flags = 0;
Acelerometro\accel&temp.c(128): warning:  #177-D: label "thread_fail_cleanup"  was declared but never referenced
  	thread_fail_cleanup:
Acelerometro\accel&temp.c(144): warning:  #144-D: a value of type "void *" cannot be used to initialize an entity of type "int32_t (*)(void *, uint8_t, void *, size_t)"
  		.read = (void *)i2c_read,
Acelerometro\accel&temp.c(145): warning:  #144-D: a value of type "void *" cannot be used to initialize an entity of type "int32_t (*)(void *, uint8_t, const void *, size_t)"
  		.write = (void *)i2c_write,
Acelerometro\accel&temp.c(160): warning:  #513-D: a value of type "const adxl34x_t *" cannot be assigned to an entity of type "adxl34x_t *"
  	accel_temp_hndl.adxl34x_hndl = &adxl34x_hndl;
Acelerometro\accel&temp.c(35): warning:  #550-D: variable "accel_temp_hndl"  was set but never used
  static accel_temp_t accel_temp_hndl;
Acelerometro\accel&temp.c: 11 warnings, 0 errors
compiling adxl34x.c...
compiling RTX_Config.c...
compiling principal.c...
principal\principal.c(244): warning:  #167-D: argument of type "uint8_t *" is incompatible with parameter of type "const char *"
  		STM_LOGI(__func__, msg.data);
principal\principal.c(245): warning:  #167-D: argument of type "uint8_t *" is incompatible with parameter of type "const char *"
  		msg.size = (strchr(msg.data, '\n') - msg.data);
principal\principal.c(245): warning:  #42-D: operand types are incompatible ("char *" and "uint8_t *")
  		msg.size = (strchr(msg.data, '\n') - msg.data);
principal\principal.c(245): warning:  #993-D: subtraction of pointer types "char *" and "uint8_t *" is nonstandard
  		msg.size = (strchr(msg.data, '\n') - msg.data);
principal\principal.c(255): warning:  #3170-D: use of a const variable in a constant expression is nonstandard in C
  		case SET_hour:
principal\principal.c(258): warning:  #3170-D: use of a const variable in a constant expression is nonstandard in C
  		case SET_Ax_r:
principal\principal.c(262): warning:  #3170-D: use of a const variable in a constant expression is nonstandard in C
  		case SET_Ay_r:				
principal\principal.c(266): warning:  #3170-D: use of a const variable in a constant expression is nonstandard in C
  		case SET_Az_r:
principal\principal.c(270): warning:  #3170-D: use of a const variable in a constant expression is nonstandard in C
  		case GET_buf:
principal\principal.c(273): warning:  #3170-D: use of a const variable in a constant expression is nonstandard in C
  		case DEL_buf:				// Borrar medidas
principal\principal.c(298): warning:  #550-D: variable "osstatus"  was set but never used
  	static osStatus_t osstatus; 
principal\principal.c(338): warning:  #550-D: variable "ret"  was set but never used
  	stm_err_t ret = STM_OK;
principal\principal.c: 12 warnings, 0 errors
compiling I2C_STM32F4xx.c...
compiling stm32f4xx_hal.c...
compiling SPI_STM32F4xx.c...
compiling rtx_lib.c...
compiling com.c...
COM\com.c(12): warning:  #47-D: incompatible redefinition of macro "_LOG_LEVEL"  (declared at line 22 of "COM\../stm_log.h")
  #define _LOG_LEVEL 0
COM\com.c(106): warning:  #940-D: missing return statement at end of non-void function "com_send_sbm_msg" 
  }
COM\com.c(110): warning:  #188-D: enumerated type mixed with another type
  	static osStatus_t flags = 0;
COM\com.c(114): warning:  #188-D: enumerated type mixed with another type
  		flags = osThreadFlagsWait(UART_EVENT_MASK, osFlagsWaitAny, 100);//1000);		// ttl set to 1 s
COM\com.c: 4 warnings, 0 errors
compiling USART_STM32F4xx.c...
compiling stm32f4xx_hal_cortex.c...
compiling stm32f4xx_hal_dma_ex.c...
compiling stm32f4xx_hal_gpio.c...
compiling stm32f4xx_hal_dma.c...
compiling stm32f4xx_hal_i2c.c...
compiling stm32f4xx_hal_i2c_ex.c...
compiling stm32f4xx_hal_pwr.c...
compiling stm32f4xx_hal_rcc.c...
compiling stm32f4xx_hal_rcc_ex.c...
assembling startup_stm32f429xx.s...
compiling stm32f4xx_hal_pwr_ex.c...
compiling stm32f4xx_hal_spi.c...
compiling stm32f4xx_hal_tim.c...
compiling stm32f4xx_hal_tim_ex.c...
compiling system_stm32f4xx.c...
compiling stm32f4xx_hal_usart.c...
linking...
Program Size: Code=52400 RO-data=6304 RW-data=35028 ZI-data=3028  
FromELF: creating hex file...
".\Objects\PF_Diciembre.axf" - 0 Error(s), 41 Warning(s).

<h2>Software Packages used:</h2>

Package Vendor: ARM
                http://www.keil.com/pack/ARM.CMSIS.5.9.0.pack
                ARM.CMSIS.5.9.0
                CMSIS (Common Microcontroller Software Interface Standard)
   * Component: I2C Version: 2.4.0
   * Component: SPI Version: 2.3.0
   * Component: USART Version: 2.4.0
   * Component: RTOS2 Version: 2.1.3
   * Component: CORE Version: 5.6.0
   * Component: Keil RTX5 Variant: Library Version: 5.5.4

Package Vendor: Keil
                https://www.keil.com/pack/Keil.STM32F4xx_DFP.2.17.1.pack
                Keil.STM32F4xx_DFP.2.17.1
                STMicroelectronics STM32F4 Series Device Support, Drivers and Examples
   * Component: STM32Cube Framework Version: 1.0.0
   * Component: I2C Version: 2.12
   * Component: SPI Version: 2.18
   * Component: USART Version: 2.16
   * Component: Classic Version: 1.8.1
   * Component: Common Version: 1.8.1
   * Component: Cortex Version: 1.8.1
   * Component: DMA Version: 1.8.1
   * Component: GPIO Version: 1.8.1
   * Component: I2C Version: 1.8.1
   * Component: PWR Version: 1.8.1
   * Component: RCC Version: 1.8.1
   * Component: SPI Version: 1.8.1
   * Component: TIM Version: 1.8.1
   * Component: USART Version: 1.8.1
   * Component: Startup Version: 2.6.3

<h2>Collection of Component include folders:</h2>
  .\RTE\CMSIS
  .\RTE\Device\STM32F429ZITx
  .\RTE\_STM32F429_Nucleo
  C:\Users\gdanietzlu\AppData\Local\Arm\Packs\ARM\CMSIS\5.9.0\CMSIS\Core\Include
  C:\Users\gdanietzlu\AppData\Local\Arm\Packs\ARM\CMSIS\5.9.0\CMSIS\Driver\Include
  C:\Users\gdanietzlu\AppData\Local\Arm\Packs\ARM\CMSIS\5.9.0\CMSIS\RTOS2\Include
  C:\Users\gdanietzlu\AppData\Local\Arm\Packs\ARM\CMSIS\5.9.0\CMSIS\RTOS2\RTX\Include
  C:\Users\gdanietzlu\AppData\Local\Arm\Packs\Keil\STM32F4xx_DFP\2.17.1\Drivers\CMSIS\Device\ST\STM32F4xx\Include
  C:\Users\gdanietzlu\AppData\Local\Arm\Packs\Keil\STM32F4xx_DFP\2.17.1\Drivers\STM32F4xx_HAL_Driver\Inc

<h2>Collection of Component Files used:</h2>

   * Component: ::CMSIS Driver:I2C:2.4.0 (API)
      Include file:  CMSIS\Driver\Include\Driver_I2C.h

   * Component: ::CMSIS Driver:SPI:2.3.0 (API)
      Include file:  CMSIS\Driver\Include\Driver_SPI.h

   * Component: ::CMSIS Driver:USART:2.4.0 (API)
      Include file:  CMSIS\Driver\Include\Driver_USART.h

   * Component: ::CMSIS:RTOS2:2.1.3 (API)
      Include file:  CMSIS\RTOS2\Include\cmsis_os2.h

   * Component: ::Device:STM32Cube Framework:1.0.0 (API)

   * Component: ARM::CMSIS:CORE:5.6.0

   * Component: ARM::CMSIS:RTOS2:Keil RTX5:Library:5.5.4
      Source file:   CMSIS\RTOS2\RTX\Template\svc_user.c
      Source file:   CMSIS\RTOS2\RTX\Source\rtx_lib.c
      Source file:   CMSIS\RTOS2\RTX\Template\main.c
      Source file:   CMSIS\RTOS2\RTX\Template\Timer.c
      Source file:   CMSIS\RTOS2\RTX\Template\Events.c
      Include file:  CMSIS\RTOS2\RTX\Config\RTX_Config.h
      Include file:  CMSIS\RTOS2\RTX\Include\rtx_os.h
      Source file:   CMSIS\RTOS2\RTX\Template\MemPool.c
      Library file:  CMSIS\RTOS2\RTX\Library\ARM\RTX_CM4F.lib
      Source file:   CMSIS\RTOS2\RTX\Config\RTX_Config.c
      Source file:   CMSIS\RTOS2\RTX\Template\Semaphore.c
      Source file:   CMSIS\RTOS2\RTX\Template\Thread.c
      Source file:   CMSIS\RTOS2\RTX\Template\Mutex.c
      Source file:   CMSIS\RTOS2\RTX\Template\MsgQueue.c

   * Component: Keil::CMSIS Driver:I2C:2.12
      Source file:   CMSIS\Driver\I2C_STM32F4xx.c

   * Component: Keil::CMSIS Driver:SPI:2.18
      Source file:   CMSIS\Driver\SPI_STM32F4xx.c

   * Component: Keil::CMSIS Driver:USART:2.16
      Source file:   CMSIS\Driver\USART_STM32F4xx.c

   * Component: Keil::Device:STM32Cube Framework:Classic:1.8.1
      Include file:  CMSIS\Driver\Config\RTE_Device.h
      Include file:  MDK\Templates\Inc\stm32f4xx_hal_conf.h
      Source file:   MDK\Templates\Src\stm32f4xx_hal_msp.c
      Include file:  MDK\Templates\Inc\stm32f4xx_it.h
      Source file:   MDK\Templates\Src\stm32f4xx_it.c
      Include file:  MDK\Templates\Inc\main.h
      Source file:   MDK\Templates_LL\Src\main.c
      Source file:   MDK\Templates\Src\main.c
      Include file:  MDK\Templates_LL\Inc\main.h

   * Component: Keil::Device:STM32Cube HAL:Common:1.8.1
      Include file:  Drivers\STM32F4xx_HAL_Driver\Inc\stm32f4xx_hal.h
      Source file:   Drivers\STM32F4xx_HAL_Driver\Src\stm32f4xx_hal.c

   * Component: Keil::Device:STM32Cube HAL:Cortex:1.8.1
      Source file:   Drivers\STM32F4xx_HAL_Driver\Src\stm32f4xx_hal_cortex.c

   * Component: Keil::Device:STM32Cube HAL:DMA:1.8.1
      Source file:   Drivers\STM32F4xx_HAL_Driver\Src\stm32f4xx_hal_dma_ex.c
      Source file:   Drivers\STM32F4xx_HAL_Driver\Src\stm32f4xx_hal_dma.c

   * Component: Keil::Device:STM32Cube HAL:GPIO:1.8.1
      Source file:   Drivers\STM32F4xx_HAL_Driver\Src\stm32f4xx_hal_gpio.c

   * Component: Keil::Device:STM32Cube HAL:I2C:1.8.1
      Source file:   Drivers\STM32F4xx_HAL_Driver\Src\stm32f4xx_hal_i2c_ex.c
      Source file:   Drivers\STM32F4xx_HAL_Driver\Src\stm32f4xx_hal_i2c.c

   * Component: Keil::Device:STM32Cube HAL:PWR:1.8.1
      Source file:   Drivers\STM32F4xx_HAL_Driver\Src\stm32f4xx_hal_pwr.c
      Source file:   Drivers\STM32F4xx_HAL_Driver\Src\stm32f4xx_hal_pwr_ex.c

   * Component: Keil::Device:STM32Cube HAL:RCC:1.8.1
      Source file:   Drivers\STM32F4xx_HAL_Driver\Src\stm32f4xx_hal_rcc_ex.c
      Source file:   Drivers\STM32F4xx_HAL_Driver\Src\stm32f4xx_hal_rcc.c

   * Component: Keil::Device:STM32Cube HAL:SPI:1.8.1
      Source file:   Drivers\STM32F4xx_HAL_Driver\Src\stm32f4xx_hal_spi.c

   * Component: Keil::Device:STM32Cube HAL:TIM:1.8.1
      Source file:   Drivers\STM32F4xx_HAL_Driver\Src\stm32f4xx_hal_tim.c
      Source file:   Drivers\STM32F4xx_HAL_Driver\Src\stm32f4xx_hal_tim_ex.c

   * Component: Keil::Device:STM32Cube HAL:USART:1.8.1
      Source file:   Drivers\STM32F4xx_HAL_Driver\Src\stm32f4xx_hal_usart.c

   * Component: Keil::Device:Startup:2.6.3
      Include file:  Drivers\CMSIS\Device\ST\STM32F4xx\Include\stm32f4xx.h
      Source file:   MDK\Device\Source\ARM\STM32F42xxx_43xxx_OPT.s
      Source file:   MDK\Device\Source\ARM\STM32F4xx_OTP.s
      Source file:   Drivers\CMSIS\Device\ST\STM32F4xx\Source\Templates\arm\startup_stm32f429xx.s
      Source file:   Drivers\CMSIS\Device\ST\STM32F4xx\Source\Templates\system_stm32f4xx.c
Build Time Elapsed:  00:00:19
</pre>
</body>
</html>
