<html>
<body>
<pre>
<h1>µVision Build Log</h1>
<h2>Tool Versions:</h2>
IDE-Version: µVision V5.37.0.0
Copyright (C) 2022 ARM Ltd and ARM Germany GmbH. All rights reserved.
License Information: Lukas Gdanietz UPM Flex license: MDK Professional 5.34 (Flex) (mdk_pro) Operation stops: 8 Mar 2024
 
Tool Versions:
Toolchain:       MDK Professional 5.34 (Flex)  Version: 5.34.0.0
Toolchain Path:  C:\Users\alumno\Desktop\Keil\ARM\ARMCC\Bin
C Compiler:      Armcc.exe V5.06 update 7 (build 960)
Assembler:       Armasm.exe V5.06 update 7 (build 960)
Linker/Locator:  ArmLink.exe V5.06 update 7 (build 960)
Library Manager: ArmAr.exe V5.06 update 7 (build 960)
Hex Converter:   FromElf.exe V5.06 update 7 (build 960)
CPU DLL:         SARMCM3.DLL V5.34.0.0
Dialog DLL:      DCM.DLL V1.17.3.0
Target DLL:      STLink\ST-LINKIII-KEIL_SWO.dll V3.0.8.0
Dialog DLL:      TCM.DLL V1.48.0.0
 
<h2>Project:</h2>
C:\Users\alumno\Desktop\SBM_JULIO\SBM\P6\P6\P6_5\P6_5.uvprojx
Project File Date:  06/29/2022

<h2>Output:</h2>
*** Using Compiler 'V5.06 update 7 (build 960)', folder: 'C:\Users\alumno\Desktop\Keil\ARM\ARMCC\Bin'
Build target 'Target 1'
compiling stm32f4xx_it.c...
compiling Thjoy.c...
compiling lcd.c...
Arial12x12.h(105): warning:  #1-D: last line of file ends without a newline
                                
lcd.c: 1 warning, 0 errors
compiling Thread2.c...
assembling irq_cm4f.s...
compiling rtx_delay.c...
compiling rtx_evflags.c...
compiling rtx_evr.c...
compiling rtx_kernel.c...
compiling rtx_lib.c...
compiling rtx_memory.c...
compiling rtx_mempool.c...
compiling rtx_msgqueue.c...
compiling rtx_mutex.c...
compiling rtx_semaphore.c...
compiling rtx_system.c...
compiling rtx_thread.c...
compiling rtx_timer.c...
compiling os_systick.c...
compiling RTX_Config.c...
compiling SPI_STM32F4xx.c...
compiling stm32f4xx_hal.c...
compiling stm32f4xx_hal_cortex.c...
compiling stm32f4xx_hal_dma.c...
compiling stm32f4xx_hal_dma_ex.c...
compiling stm32f4xx_hal_gpio.c...
compiling stm32f4xx_hal_pwr.c...
compiling stm32f4xx_hal_pwr_ex.c...
compiling stm32f4xx_hal_rcc.c...
compiling stm32f4xx_hal_rcc_ex.c...
compiling stm32f4xx_hal_spi.c...
compiling stm32f4xx_hal_tim.c...
compiling stm32f4xx_hal_tim_ex.c...
linking...
Program Size: Code=23242 RO-data=3290 RW-data=34384 ZI-data=2352  
".\Objects\P6_5.axf" - 0 Error(s), 1 Warning(s).

<h2>Software Packages used:</h2>

Package Vendor: ARM
                http://www.keil.com/pack/ARM.CMSIS.5.7.0.pack
                ARM.CMSIS.5.7.0
                CMSIS (Cortex Microcontroller Software Interface Standard)
   * Component: SPI Version: 2.3.0
   * Component: RTOS2 Version: 2.1.3
   * Component: CORE Version: 5.4.0
   * Component: Keil RTX5 Variant: Source Version: 5.5.2

Package Vendor: Keil
                http://www.keil.com/pack/Keil.STM32F4xx_DFP.2.15.0.pack
                Keil.STM32F4xx_DFP.2.15.0
                STMicroelectronics STM32F4 Series Device Support, Drivers and Examples
   * Component: STM32Cube Framework Version: 1.0.0
   * Component: SPI Version: 2.15
   * Component: Classic Version: 1.7.9
   * Component: Common Version: 1.7.9
   * Component: Cortex Version: 1.7.9
   * Component: DMA Version: 1.7.9
   * Component: GPIO Version: 1.7.9
   * Component: PWR Version: 1.7.9
   * Component: RCC Version: 1.7.9
   * Component: SPI Version: 1.7.9
   * Component: TIM Version: 1.7.9
   * Component: Startup Version: 2.6.3

<h2>Collection of Component include folders:</h2>
  ./RTE/CMSIS
  ./RTE/Device/STM32F429ZITx
  ./RTE/_Target_1
  C:/Users/alumno/Desktop/Keil/ARM/Packs/ARM/CMSIS/5.7.0/CMSIS/Core/Include
  C:/Users/alumno/Desktop/Keil/ARM/Packs/ARM/CMSIS/5.7.0/CMSIS/Driver/Include
  C:/Users/alumno/Desktop/Keil/ARM/Packs/ARM/CMSIS/5.7.0/CMSIS/RTOS2/Include
  C:/Users/alumno/Desktop/Keil/ARM/Packs/ARM/CMSIS/5.7.0/CMSIS/RTOS2/RTX/Include
  C:/Users/alumno/Desktop/Keil/ARM/Packs/Keil/STM32F4xx_DFP/2.15.0/Drivers/CMSIS/Device/ST/STM32F4xx/Include
  C:/Users/alumno/Desktop/Keil/ARM/Packs/Keil/STM32F4xx_DFP/2.15.0/Drivers/STM32F4xx_HAL_Driver/Inc

<h2>Collection of Component Files used:</h2>

   * Component: ::CMSIS Driver:SPI:2.3.0 (API)
      Include file:  CMSIS/Driver/Include/Driver_SPI.h

   * Component: ::CMSIS:RTOS2:2.1.3 (API)
      Include file:  CMSIS/RTOS2/Include/cmsis_os2.h

   * Component: ::Device:STM32Cube Framework:1.0.0 (API)

   * Component: ARM::CMSIS:CORE:5.4.0

   * Component: ARM::CMSIS:RTOS2:Keil RTX5:Source:5.5.2
      Include file:  CMSIS/RTOS2/RTX/Config/RTX_Config.h
      Source file:   CMSIS/RTOS2/RTX/Config/RTX_Config.c
      Include file:  CMSIS/RTOS2/RTX/Include/rtx_os.h
      Source file:   CMSIS/RTOS2/RTX/Template/main.c
      Source file:   CMSIS/RTOS2/RTX/Source/rtx_semaphore.c
      Source file:   CMSIS/RTOS2/RTX/Source/rtx_lib.c
      Source file:   CMSIS/RTOS2/RTX/Source/rtx_evr.c
      Source file:   CMSIS/RTOS2/RTX/Template/Thread.c
      Source file:   CMSIS/RTOS2/RTX/Source/rtx_kernel.c
      Source file:   CMSIS/RTOS2/RTX/Source/rtx_timer.c
      Source file:   CMSIS/RTOS2/RTX/Source/rtx_memory.c
      Source file:   CMSIS/RTOS2/RTX/Source/rtx_thread.c
      Source file:   CMSIS/RTOS2/RTX/Template/MemPool.c
      Source file:   CMSIS/RTOS2/RTX/Source/rtx_evflags.c
      Source file:   CMSIS/RTOS2/RTX/Template/MsgQueue.c
      Source file:   CMSIS/RTOS2/RTX/Template/Semaphore.c
      Source file:   CMSIS/RTOS2/RTX/Source/rtx_mempool.c
      Source file:   CMSIS/RTOS2/RTX/Source/ARM/irq_cm4f.s
      Source file:   CMSIS/RTOS2/RTX/Template/Mutex.c
      Source file:   CMSIS/RTOS2/RTX/Template/Timer.c
      Source file:   CMSIS/RTOS2/RTX/Template/svc_user.c
      Source file:   CMSIS/RTOS2/RTX/Source/rtx_delay.c
      Source file:   CMSIS/RTOS2/RTX/Template/Events.c
      Source file:   CMSIS/RTOS2/RTX/Source/rtx_mutex.c
      Source file:   CMSIS/RTOS2/RTX/Source/rtx_msgqueue.c
      Source file:   CMSIS/RTOS2/RTX/Source/rtx_system.c
      Source file:   CMSIS/RTOS2/Source/os_systick.c

   * Component: Keil::CMSIS Driver:SPI:2.15
      Source file:   CMSIS/Driver/SPI_STM32F4xx.c

   * Component: Keil::Device:STM32Cube Framework:Classic:1.7.9
      Include file:  MDK/Templates_LL/Inc/main.h
      Include file:  MDK/Templates/Inc/stm32f4xx_it.h
      Include file:  MDK/Templates/Inc/stm32f4xx_hal_conf.h
      Source file:   MDK/Templates/Src/stm32f4xx_hal_msp.c
      Source file:   MDK/Templates/Src/main.c
      Include file:  CMSIS/Driver/Config/RTE_Device.h
      Source file:   MDK/Templates_LL/Src/main.c
      Source file:   MDK/Templates/Src/stm32f4xx_it.c
      Include file:  MDK/Templates/Inc/main.h

   * Component: Keil::Device:STM32Cube HAL:Common:1.7.9
      Include file:  Drivers/STM32F4xx_HAL_Driver/Inc/stm32f4xx_hal.h
      Source file:   Drivers/STM32F4xx_HAL_Driver/Src/stm32f4xx_hal.c

   * Component: Keil::Device:STM32Cube HAL:Cortex:1.7.9
      Source file:   Drivers/STM32F4xx_HAL_Driver/Src/stm32f4xx_hal_cortex.c

   * Component: Keil::Device:STM32Cube HAL:DMA:1.7.9
      Source file:   Drivers/STM32F4xx_HAL_Driver/Src/stm32f4xx_hal_dma_ex.c
      Source file:   Drivers/STM32F4xx_HAL_Driver/Src/stm32f4xx_hal_dma.c

   * Component: Keil::Device:STM32Cube HAL:GPIO:1.7.9
      Source file:   Drivers/STM32F4xx_HAL_Driver/Src/stm32f4xx_hal_gpio.c

   * Component: Keil::Device:STM32Cube HAL:PWR:1.7.9
      Source file:   Drivers/STM32F4xx_HAL_Driver/Src/stm32f4xx_hal_pwr_ex.c
      Source file:   Drivers/STM32F4xx_HAL_Driver/Src/stm32f4xx_hal_pwr.c

   * Component: Keil::Device:STM32Cube HAL:RCC:1.7.9
      Source file:   Drivers/STM32F4xx_HAL_Driver/Src/stm32f4xx_hal_rcc_ex.c
      Source file:   Drivers/STM32F4xx_HAL_Driver/Src/stm32f4xx_hal_rcc.c

   * Component: Keil::Device:STM32Cube HAL:SPI:1.7.9
      Source file:   Drivers/STM32F4xx_HAL_Driver/Src/stm32f4xx_hal_spi.c

   * Component: Keil::Device:STM32Cube HAL:TIM:1.7.9
      Source file:   Drivers/STM32F4xx_HAL_Driver/Src/stm32f4xx_hal_tim_ex.c
      Source file:   Drivers/STM32F4xx_HAL_Driver/Src/stm32f4xx_hal_tim.c

   * Component: Keil::Device:Startup:2.6.3
      Source file:   Drivers/CMSIS/Device/ST/STM32F4xx/Source/Templates/system_stm32f4xx.c
      Source file:   MDK/Device/Source/ARM/STM32F42xxx_43xxx_OPT.s
      Source file:   Drivers/CMSIS/Device/ST/STM32F4xx/Source/Templates/arm/startup_stm32f429xx.s
      Include file:  Drivers/CMSIS/Device/ST/STM32F4xx/Include/stm32f4xx.h
      Source file:   MDK/Device/Source/ARM/STM32F4xx_OTP.s
Build Time Elapsed:  00:01:25
</pre>
</body>
</html>
