Component: ARM Compiler 5.06 update 7 (build 960) Tool: armlink [4d3601]

==============================================================================

Section Cross References

    main.o(i.HAL_GetTick) refers to rtx_kernel.o(.text.osKernelGetState) for osKernelGetState
    main.o(i.HAL_GetTick) refers to rtx_kernel.o(.text.osKernelGetTickCount) for osKernelGetTickCount
    main.o(i.HAL_GetTick) refers to system_stm32f4xx.o(.data) for SystemCoreClock
    main.o(i.HAL_GetTick) refers to main.o(.data) for ticks
    main.o(i.SystemClock_Config) refers to stm32f4xx_hal_rcc.o(i.HAL_RCC_OscConfig) for HAL_RCC_OscConfig
    main.o(i.SystemClock_Config) refers to main.o(i.Error_Handler) for Error_Handler
    main.o(i.SystemClock_Config) refers to stm32f4xx_hal_rcc.o(i.HAL_RCC_ClockConfig) for HAL_RCC_ClockConfig
    main.o(i.SystemClock_Config) refers to stm32f4xx_hal.o(i.HAL_GetREVID) for HAL_GetREVID
    main.o(i.main) refers to stm32f4xx_hal.o(i.HAL_Init) for HAL_Init
    main.o(i.main) refers to main.o(i.SystemClock_Config) for SystemClock_Config
    main.o(i.main) refers to system_stm32f4xx.o(i.SystemCoreClockUpdate) for SystemCoreClockUpdate
    main.o(i.main) refers to rtx_kernel.o(.text.osKernelInitialize) for osKernelInitialize
    main.o(i.main) refers to clock.o(i.Init_Th_clock_test) for Init_Th_clock_test
    main.o(i.main) refers to rtx_kernel.o(.text.osKernelStart) for osKernelStart
    clock.o(i.Init_Th_clock) refers to rtx_thread.o(.text.osThreadNew) for osThreadNew
    clock.o(i.Init_Th_clock) refers to clock.o(i.Th_clock) for Th_clock
    clock.o(i.Init_Th_clock) refers to clock.o(.data) for id_Th_clock
    clock.o(i.Init_Th_clock_test) refers to rtx_thread.o(.text.osThreadNew) for osThreadNew
    clock.o(i.Init_Th_clock_test) refers to clock.o(i.Th_clock_test) for Th_clock_test
    clock.o(i.Init_Th_clock_test) refers to clock.o(.data) for id_Th_clock_test
    clock.o(i.Th_clock) refers to clock.o(i.set_clock) for set_clock
    clock.o(i.Th_clock) refers to rtx_timer.o(.text.osTimerNew) for osTimerNew
    clock.o(i.Th_clock) refers to rtx_timer.o(.text.osTimerStart) for osTimerStart
    clock.o(i.Th_clock) refers to rtx_thread.o(.text.osThreadYield) for osThreadYield
    clock.o(i.Th_clock) refers to clock.o(i.Timer_Callback) for Timer_Callback
    clock.o(i.Th_clock) refers to clock.o(.data) for tim_clock
    clock.o(i.Th_clock_test) refers to clock.o(i.led_init) for led_init
    clock.o(i.Th_clock_test) refers to clock.o(i.Init_Th_clock) for Init_Th_clock
    clock.o(i.Th_clock_test) refers to clock.o(i.set_clock) for set_clock
    clock.o(i.Th_clock_test) refers to stm32f4xx_hal_gpio.o(i.HAL_GPIO_TogglePin) for HAL_GPIO_TogglePin
    clock.o(i.Th_clock_test) refers to rtx_thread.o(.text.osThreadYield) for osThreadYield
    clock.o(i.Th_clock_test) refers to clock.o(.data) for sec
    clock.o(i.Timer_Callback) refers to clock.o(.data) for sec
    clock.o(i.led_init) refers to stm32f4xx_hal_gpio.o(i.HAL_GPIO_Init) for HAL_GPIO_Init
    clock.o(i.led_init) refers to stm32f4xx_hal_gpio.o(i.HAL_GPIO_WritePin) for HAL_GPIO_WritePin
    clock.o(i.led_init) refers to clock.o(.bss) for GPIO_InitStruct
    clock.o(i.set_clock) refers to rtx_timer.o(.text.osTimerStop) for osTimerStop
    clock.o(i.set_clock) refers to clock.o(i.multiple_to_sec) for multiple_to_sec
    clock.o(i.set_clock) refers to rtx_timer.o(.text.osTimerStart) for osTimerStart
    clock.o(i.set_clock) refers to clock.o(.data) for tim_clock
    rtx_lib.o(i.__user_perthread_libspace) refers to rtx_lib.o(i.os_kernel_is_active) for os_kernel_is_active
    rtx_lib.o(i.__user_perthread_libspace) refers to rtx_thread.o(.text.osThreadGetId) for osThreadGetId
    rtx_lib.o(i.__user_perthread_libspace) refers to rtx_kernel.o(.text.osRtxKernelErrorNotify) for osRtxKernelErrorNotify
    rtx_lib.o(i.__user_perthread_libspace) refers to rtx_lib.o(.bss.os.libspace) for os_libspace_id
    rtx_lib.o(i._mutex_acquire) refers to rtx_lib.o(i.os_kernel_is_active) for os_kernel_is_active
    rtx_lib.o(i._mutex_acquire) refers to rtx_mutex.o(.text.osMutexAcquire) for osMutexAcquire
    rtx_lib.o(i._mutex_free) refers to rtx_mutex.o(.text.osMutexDelete) for osMutexDelete
    rtx_lib.o(i._mutex_initialize) refers to rtx_mutex.o(.text.osMutexNew) for osMutexNew
    rtx_lib.o(i._mutex_initialize) refers to rtx_kernel.o(.text.osRtxKernelErrorNotify) for osRtxKernelErrorNotify
    rtx_lib.o(i._mutex_release) refers to rtx_lib.o(i.os_kernel_is_active) for os_kernel_is_active
    rtx_lib.o(i._mutex_release) refers to rtx_mutex.o(.text.osMutexRelease) for osMutexRelease
    rtx_lib.o(i._platform_post_stackheap_init) refers to rtx_kernel.o(.text.osKernelInitialize) for osKernelInitialize
    rtx_lib.o(i.os_kernel_is_active) refers to rtx_kernel.o(.text.osKernelGetState) for osKernelGetState
    rtx_lib.o(i.os_kernel_is_active) refers to rtx_lib.o(.data) for os_kernel_active
[...]
    USART3_Transfer                          0x08005c21   Thumb Code    22  usart_stm32f4xx.o(i.USART3_Transfer)
    i.USART3_Uninitialize                    0x08005c3c   Section        0  usart_stm32f4xx.o(i.USART3_Uninitialize)
    USART3_Uninitialize                      0x08005c3d   Thumb Code    10  usart_stm32f4xx.o(i.USART3_Uninitialize)
    i.USART_Control                          0x08005c4c   Section        0  usart_stm32f4xx.o(i.USART_Control)
    USART_Control                            0x08005c4d   Thumb Code  2586  usart_stm32f4xx.o(i.USART_Control)
    i.USART_GetCapabilities                  0x08006666   Section        0  usart_stm32f4xx.o(i.USART_GetCapabilities)
    USART_GetCapabilities                    0x08006667   Thumb Code     6  usart_stm32f4xx.o(i.USART_GetCapabilities)
    i.USART_GetModemStatus                   0x0800666c   Section        0  usart_stm32f4xx.o(i.USART_GetModemStatus)
    USART_GetModemStatus                     0x0800666d   Thumb Code    82  usart_stm32f4xx.o(i.USART_GetModemStatus)
    i.USART_GetRxCount                       0x080066be   Section        0  usart_stm32f4xx.o(i.USART_GetRxCount)
    USART_GetRxCount                         0x080066bf   Thumb Code     8  usart_stm32f4xx.o(i.USART_GetRxCount)
    i.USART_GetStatus                        0x080066c6   Section        0  usart_stm32f4xx.o(i.USART_GetStatus)
    USART_GetStatus                          0x080066c7   Thumb Code   136  usart_stm32f4xx.o(i.USART_GetStatus)
    i.USART_GetTxCount                       0x0800674e   Section        0  usart_stm32f4xx.o(i.USART_GetTxCount)
    USART_GetTxCount                         0x0800674f   Thumb Code     8  usart_stm32f4xx.o(i.USART_GetTxCount)
    i.USART_IRQHandler                       0x08006756   Section        0  usart_stm32f4xx.o(i.USART_IRQHandler)
    i.USART_Initialize                       0x08006a08   Section        0  usart_stm32f4xx.o(i.USART_Initialize)
    USART_Initialize                         0x08006a09   Thumb Code   146  usart_stm32f4xx.o(i.USART_Initialize)
    i.USART_PeripheralReset                  0x08006a9c   Section        0  usart_stm32f4xx.o(i.USART_PeripheralReset)
    USART_PeripheralReset                    0x08006a9d   Thumb Code   374  usart_stm32f4xx.o(i.USART_PeripheralReset)
    i.USART_PowerControl                     0x08006c38   Section        0  usart_stm32f4xx.o(i.USART_PowerControl)
    USART_PowerControl                       0x08006c39   Thumb Code   850  usart_stm32f4xx.o(i.USART_PowerControl)
    i.USART_Receive                          0x08006fb4   Section        0  usart_stm32f4xx.o(i.USART_Receive)
    USART_Receive                            0x08006fb5   Thumb Code   162  usart_stm32f4xx.o(i.USART_Receive)
    i.USART_Send                             0x08007056   Section        0  usart_stm32f4xx.o(i.USART_Send)
    USART_Send                               0x08007057   Thumb Code   102  usart_stm32f4xx.o(i.USART_Send)
    i.USART_SetModemControl                  0x080070bc   Section        0  usart_stm32f4xx.o(i.USART_SetModemControl)
    USART_SetModemControl                    0x080070bd   Thumb Code   140  usart_stm32f4xx.o(i.USART_SetModemControl)
    i.USART_Transfer                         0x08007148   Section        0  usart_stm32f4xx.o(i.USART_Transfer)
    USART_Transfer                           0x08007149   Thumb Code   106  usart_stm32f4xx.o(i.USART_Transfer)
    i.USART_Uninitialize                     0x080071b2   Section        0  usart_stm32f4xx.o(i.USART_Uninitialize)
    USART_Uninitialize                       0x080071b3   Thumb Code   124  usart_stm32f4xx.o(i.USART_Uninitialize)
    i.USARTx_GetVersion                      0x08007230   Section        0  usart_stm32f4xx.o(i.USARTx_GetVersion)
    USARTx_GetVersion                        0x08007231   Thumb Code    10  usart_stm32f4xx.o(i.USARTx_GetVersion)
    i.UsageFault_Handler                     0x08007240   Section        0  stm32f4xx_it.o(i.UsageFault_Handler)
    i.__NVIC_GetPriorityGrouping             0x08007244   Section        0  stm32f4xx_hal_cortex.o(i.__NVIC_GetPriorityGrouping)
    __NVIC_GetPriorityGrouping               0x08007245   Thumb Code    10  stm32f4xx_hal_cortex.o(i.__NVIC_GetPriorityGrouping)
    i.__NVIC_SetPriority                     0x08007254   Section        0  stm32f4xx_hal_cortex.o(i.__NVIC_SetPriority)
    __NVIC_SetPriority                       0x08007255   Thumb Code    32  stm32f4xx_hal_cortex.o(i.__NVIC_SetPriority)
    i._mutex_acquire                         0x0800727c   Section        0  rtx_lib.o(i._mutex_acquire)
    __tagsym$$used                           0x0800727d   Number         0  rtx_lib.o(i._mutex_acquire)
    i._mutex_free                            0x08007292   Section        0  rtx_lib.o(i._mutex_free)
    __tagsym$$used                           0x08007293   Number         0  rtx_lib.o(i._mutex_free)
    i._mutex_initialize                      0x0800729e   Section        0  rtx_lib.o(i._mutex_initialize)
    __tagsym$$used                           0x0800729f   Number         0  rtx_lib.o(i._mutex_initialize)
    i._mutex_release                         0x080072c0   Section        0  rtx_lib.o(i._mutex_release)
    __tagsym$$used                           0x080072c1   Number         0  rtx_lib.o(i._mutex_release)
    i._platform_post_stackheap_init          0x080072d2   Section        0  rtx_lib.o(i._platform_post_stackheap_init)
    i.led_init                               0x080072dc   Section        0  clock.o(i.led_init)
    led_init                                 0x080072dd   Thumb Code    68  clock.o(i.led_init)
    i.main                                   0x0800732c   Section        0  main.o(i.main)
    i.multiple_to_sec                        0x08007348   Section        0  clock.o(i.multiple_to_sec)
    i.osRtxErrorNotify                       0x0800735e   Section        0  rtx_config.o(i.osRtxErrorNotify)
    i.osRtxIdleThread                        0x0800737e   Section        0  rtx_config.o(i.osRtxIdleThread)
    i.os_kernel_is_active                    0x08007384   Section        0  rtx_lib.o(i.os_kernel_is_active)
    os_kernel_is_active                      0x08007385   Thumb Code    28  rtx_lib.o(i.os_kernel_is_active)
    i.set_clock                              0x080073a4   Section        0  clock.o(i.set_clock)
    .constdata                               0x080073d8   Section      104  rtx_lib.o(.constdata)
    os_idle_thread_attr                      0x080073d8   Data          36  rtx_lib.o(.constdata)
    os_timer_thread_attr                     0x080073fc   Data          36  rtx_lib.o(.constdata)
    os_timer_mq_attr                         0x08007420   Data          24  rtx_lib.o(.constdata)
    .constdata                               0x08007440   Section      104  i2c_stm32f4xx.o(.constdata)
    DriverVersion                            0x08007440   Data           4  i2c_stm32f4xx.o(.constdata)
    DriverCapabilities                       0x08007444   Data           4  i2c_stm32f4xx.o(.constdata)
    I2C1_Resources                           0x08007448   Data          48  i2c_stm32f4xx.o(.constdata)
    .constdata                               0x080074a8   Section      128  spi_stm32f4xx.o(.constdata)
    DriverVersion                            0x080074a8   Data           4  spi_stm32f4xx.o(.constdata)
    DriverCapabilities                       0x080074ac   Data           4  spi_stm32f4xx.o(.constdata)
    SPI1_mosi                                0x080074b0   Data          16  spi_stm32f4xx.o(.constdata)
    SPI1_sck                                 0x080074c0   Data          16  spi_stm32f4xx.o(.constdata)
    SPI1_Resources                           0x080074d0   Data          44  spi_stm32f4xx.o(.constdata)
    .constdata                               0x08007528   Section      136  usart_stm32f4xx.o(.constdata)
    usart_driver_version                     0x08007528   Data           4  usart_stm32f4xx.o(.constdata)
    USART3_tx                                0x0800752c   Data          12  usart_stm32f4xx.o(.constdata)
    USART3_rx                                0x08007538   Data          12  usart_stm32f4xx.o(.constdata)
    USART3_Resources                         0x08007544   Data          52  usart_stm32f4xx.o(.constdata)
    .constdata                               0x080075b0   Section       24  eventrecorder.o(.constdata)
    __tagsym$$used                           0x080075b0   Number         0  eventrecorder.o(.constdata)
    .constdata                               0x080075c8   Section        8  stm32f4xx_hal_dma.o(.constdata)
    flagBitshiftOffset                       0x080075c8   Data           8  stm32f4xx_hal_dma.o(.constdata)
    .constdata                               0x080075d0   Section       24  system_stm32f4xx.o(.constdata)
    .rodata                                  0x080075e8   Section      168  rtx_lib.o(.rodata)
    __tagsym$$used                           0x080075e8   Number         0  rtx_lib.o(.rodata)
    __tagsym$$used                           0x08007658   Number         0  rtx_lib.o(.rodata)
    [Anonymous Symbol]                       0x08007694   Section        0  rtx_kernel.o(.rodata.str1.4)
    .bss.os                                  0x20000000   Section    32832  rtx_lib.o(.bss.os)
    os_mem                                   0x20000000   Data       32768  rtx_lib.o(.bss.os)
    os_isr_queue                             0x20008000   Data          64  rtx_lib.o(.bss.os)
    .bss.os.msgqueue.cb                      0x20008040   Section       52  rtx_lib.o(.bss.os.msgqueue.cb)
    os_timer_mq_cb                           0x20008040   Data          52  rtx_lib.o(.bss.os.msgqueue.cb)
    .bss.os.msgqueue.mem                     0x20008074   Section       80  rtx_lib.o(.bss.os.msgqueue.mem)
    os_timer_mq_data                         0x20008074   Data          80  rtx_lib.o(.bss.os.msgqueue.mem)
    .bss.os.thread.cb                        0x200080c4   Section      136  rtx_lib.o(.bss.os.thread.cb)
    os_idle_thread_cb                        0x200080c4   Data          68  rtx_lib.o(.bss.os.thread.cb)
    os_timer_thread_cb                       0x20008108   Data          68  rtx_lib.o(.bss.os.thread.cb)
    .bss.os.thread.idle.stack                0x20008150   Section      512  rtx_lib.o(.bss.os.thread.idle.stack)
    os_idle_thread_stack                     0x20008150   Data         512  rtx_lib.o(.bss.os.thread.idle.stack)
    .bss.os.thread.timer.stack               0x20008350   Section      512  rtx_lib.o(.bss.os.thread.timer.stack)
    os_timer_thread_stack                    0x20008350   Data         512  rtx_lib.o(.bss.os.thread.timer.stack)
    .data                                    0x20008550   Section        4  main.o(.data)
    ticks                                    0x20008550   Data           4  main.o(.data)
    .data                                    0x20008554   Section       16  clock.o(.data)
    tim_clock                                0x20008558   Data           4  clock.o(.data)
    id_Th_clock                              0x2000855c   Data           4  clock.o(.data)
    id_Th_clock_test                         0x20008560   Data           4  clock.o(.data)
    .data                                    0x20008564   Section        1  rtx_lib.o(.data)
    os_kernel_active                         0x20008564   Data           1  rtx_lib.o(.data)
    .data                                    0x20008568   Section        9  stm32f4xx_hal.o(.data)
    .data                                    0x20008574   Section        4  system_stm32f4xx.o(.data)
    .bss                                     0x2000861c   Section       20  clock.o(.bss)
    GPIO_InitStruct                          0x2000861c   Data          20  clock.o(.bss)
    .bss                                     0x20008630   Section       40  i2c_stm32f4xx.o(.bss)
    I2C1_Info                                0x20008630   Data          40  i2c_stm32f4xx.o(.bss)
    .bss                                     0x20008658   Section       44  spi_stm32f4xx.o(.bss)
    SPI1_Info                                0x20008658   Data          16  spi_stm32f4xx.o(.bss)
    SPI1_TransferInfo                        0x20008668   Data          28  spi_stm32f4xx.o(.bss)
    .bss                                     0x20008684   Section       56  usart_stm32f4xx.o(.bss)
    USART3_Info                              0x20008684   Data          20  usart_stm32f4xx.o(.bss)
    USART3_TransferInfo                      0x20008698   Data          36  usart_stm32f4xx.o(.bss)
    .bss                                     0x200086bc   Section       96  libspace.o(.bss)
    .bss.noinit                              0x20008740   Section     1188  eventrecorder.o(.bss.noinit)
    EventBuffer                              0x20008740   Data        1024  eventrecorder.o(.bss.noinit)
    EventFilter                              0x20008b40   Data         128  eventrecorder.o(.bss.noinit)
    EventStatus                              0x20008bc0   Data          36  eventrecorder.o(.bss.noinit)
    [Anonymous Symbol]                       0x20008be4   Section        0  os_systick.o(.bss.os)
    PendST                                   0x20008be4   Data           1  os_systick.o(.bss.os)
    HEAP                                     0x20008be8   Section      512  startup_stm32f429xx.o(HEAP)
    Heap_Mem                                 0x20008be8   Data         512  startup_stm32f429xx.o(HEAP)
    STACK                                    0x20008de8   Section     1024  startup_stm32f429xx.o(STACK)
    Stack_Mem                                0x20008de8   Data        1024  startup_stm32f429xx.o(STACK)
    __initial_sp                             0x200091e8   Data           0  startup_stm32f429xx.o(STACK)
    FPCCR                                    0xe000ef34   Number         0  irq_armv7m.o ABSOLUTE

    Global Symbols

    Symbol Name                              Value     Ov Type        Size  Object(Section)

    BuildAttributes$$THM_ISAv4$E$P$D$K$B$S$7EM$PE$A:L22UL41UL21$X:L11$S22US41US21$IEEE1$IW$USESV6$~STKCKD$USESV7$~SHL$OSPACE$ROPI$EBA8$UX$STANDARDLIB$REQ8$PRES8$EABIv2 0x00000000   Number         0  anon$$obj.o ABSOLUTE
    __ARM_use_no_argv                        0x00000000   Number         0  main.o ABSOLUTE
    .bss.os.evflags.cb$$Base                  - Undefined Weak Reference
    .bss.os.evflags.cb$$Limit                 - Undefined Weak Reference
    .bss.os.mempool.cb$$Base                  - Undefined Weak Reference
    .bss.os.mempool.cb$$Limit                 - Undefined Weak Reference
    .bss.os.mutex.cb$$Base                    - Undefined Weak Reference
    .bss.os.mutex.cb$$Limit                   - Undefined Weak Reference
    .bss.os.semaphore.cb$$Base                - Undefined Weak Reference
    .bss.os.semaphore.cb$$Limit               - Undefined Weak Reference
    .bss.os.timer.cb$$Base                    - Undefined Weak Reference
    .bss.os.timer.cb$$Limit                   - Undefined Weak Reference
    __ARM_exceptions_init                     - Undefined Weak Reference
    __alloca_initialize                       - Undefined Weak Reference
    __arm_fini_                               - Undefined Weak Reference
    __arm_preinit_                            - Undefined Weak Reference
    __cpp_initialize__aeabi_                  - Undefined Weak Reference
    __cxa_finalize                            - Undefined Weak Reference
    __rt_locale                               - Undefined Weak Reference
    __sigvec_lookup                           - Undefined Weak Reference
    _atexit_init                              - Undefined Weak Reference
    _call_atexit_fns                          - Undefined Weak Reference
    _clock_init                               - Undefined Weak Reference
    _fp_trap_init                             - Undefined Weak Reference
    _fp_trap_shutdown                         - Undefined Weak Reference
    _get_lc_collate                           - Undefined Weak Reference
    _get_lc_ctype                             - Undefined Weak Reference
    _get_lc_monetary                          - Undefined Weak Reference
    _get_lc_numeric                           - Undefined Weak Reference
    _get_lc_time                              - Undefined Weak Reference
    _getenv_init                              - Undefined Weak Reference
    _handle_redirection                       - Undefined Weak Reference
    _init_alloc                               - Undefined Weak Reference
    _init_user_alloc                          - Undefined Weak Reference
    _initio                                   - Undefined Weak Reference
    _rand_init                                - Undefined Weak Reference
    _signal_finish                            - Undefined Weak Reference
    _signal_init                              - Undefined Weak Reference
    _terminate_alloc                          - Undefined Weak Reference
    _terminate_user_alloc                     - Undefined Weak Reference
    _terminateio                              - Undefined Weak Reference
    __Vectors_Size                           0x000001ac   Number         0  startup_stm32f429xx.o ABSOLUTE
    __Vectors                                0x08000000   Data           4  startup_stm32f429xx.o(RESET)
    __Vectors_End                            0x080001ac   Data           0  startup_stm32f429xx.o(RESET)
    __main                                   0x080001ad   Thumb Code     8  __main.o(!!!main)
    __scatterload                            0x080001b5   Thumb Code     0  __scatter.o(!!!scatter)
    __scatterload_rt2                        0x080001b5   Thumb Code    44  __scatter.o(!!!scatter)
    __scatterload_rt2_thumb_only             0x080001b5   Thumb Code     0  __scatter.o(!!!scatter)
    __scatterload_null                       0x080001c3   Thumb Code     0  __scatter.o(!!!scatter)
    __decompress                             0x080001e9   Thumb Code    58  __dczerorl.o(!!dczerorl)
    __decompress0                            0x080001e9   Thumb Code     0  __dczerorl.o(!!dczerorl)
    __scatterload_zeroinit                   0x08000225   Thumb Code    28  __scatter_zi.o(!!handler_zi)
    __rt_lib_init                            0x08000241   Thumb Code     0  libinit.o(.ARM.Collect$$libinit$$00000000)
    __rt_lib_init_alloca_1                   0x08000243   Thumb Code     0  libinit2.o(.ARM.Collect$$libinit$$0000002E)
    __rt_lib_init_argv_1                     0x08000243   Thumb Code     0  libinit2.o(.ARM.Collect$$libinit$$0000002C)
    __rt_lib_init_atexit_1                   0x08000243   Thumb Code     0  libinit2.o(.ARM.Collect$$libinit$$0000001B)
    __rt_lib_init_clock_1                    0x08000243   Thumb Code     0  libinit2.o(.ARM.Collect$$libinit$$00000021)
    __rt_lib_init_cpp_1                      0x08000243   Thumb Code     0  libinit2.o(.ARM.Collect$$libinit$$00000032)
    __rt_lib_init_exceptions_1               0x08000243   Thumb Code     0  libinit2.o(.ARM.Collect$$libinit$$00000030)
    __rt_lib_init_fp_1                       0x08000243   Thumb Code     0  libinit2.o(.ARM.Collect$$libinit$$00000002)
    __rt_lib_init_fp_trap_1                  0x08000243   Thumb Code     0  libinit2.o(.ARM.Collect$$libinit$$0000001F)
    __rt_lib_init_getenv_1                   0x08000243   Thumb Code     0  libinit2.o(.ARM.Collect$$libinit$$00000023)
    __rt_lib_init_heap_1                     0x08000243   Thumb Code     0  libinit2.o(.ARM.Collect$$libinit$$0000000A)
    __rt_lib_init_lc_collate_1               0x08000243   Thumb Code     0  libinit2.o(.ARM.Collect$$libinit$$00000011)
    __rt_lib_init_lc_ctype_1                 0x08000243   Thumb Code     0  libinit2.o(.ARM.Collect$$libinit$$00000013)
    __rt_lib_init_lc_monetary_1              0x08000243   Thumb Code     0  libinit2.o(.ARM.Collect$$libinit$$00000015)
    __rt_lib_init_lc_numeric_1               0x08000243   Thumb Code     0  libinit2.o(.ARM.Collect$$libinit$$00000017)
    __rt_lib_init_lc_time_1                  0x08000243   Thumb Code     0  libinit2.o(.ARM.Collect$$libinit$$00000019)
    __rt_lib_init_preinit_1                  0x08000243   Thumb Code     0  libinit2.o(.ARM.Collect$$libinit$$00000004)
    __rt_lib_init_rand_1                     0x08000243   Thumb Code     0  libinit2.o(.ARM.Collect$$libinit$$0000000E)
    __rt_lib_init_return                     0x08000243   Thumb Code     0  libinit2.o(.ARM.Collect$$libinit$$00000033)
    __rt_lib_init_signal_1                   0x08000243   Thumb Code     0  libinit2.o(.ARM.Collect$$libinit$$0000001D)
    __rt_lib_init_stdio_1                    0x08000243   Thumb Code     0  libinit2.o(.ARM.Collect$$libinit$$00000025)
    __rt_lib_init_user_alloc_1               0x08000243   Thumb Code     0  libinit2.o(.ARM.Collect$$libinit$$0000000C)
    __rt_lib_shutdown                        0x08000245   Thumb Code     0  libshutdown.o(.ARM.Collect$$libshutdown$$00000000)
    __rt_lib_shutdown_cpp_1                  0x08000247   Thumb Code     0  libshutdown2.o(.ARM.Collect$$libshutdown$$00000004)
    __rt_lib_shutdown_fini_1                 0x08000247   Thumb Code     0  libshutdown2.o(.ARM.Collect$$libshutdown$$00000002)
    __rt_lib_shutdown_fp_trap_1              0x08000247   Thumb Code     0  libshutdown2.o(.ARM.Collect$$libshutdown$$00000009)
    __rt_lib_shutdown_heap_1                 0x08000247   Thumb Code     0  libshutdown2.o(.ARM.Collect$$libshutdown$$00000011)
    __rt_lib_shutdown_return                 0x08000247   Thumb Code     0  libshutdown2.o(.ARM.Collect$$libshutdown$$00000012)
    __rt_lib_shutdown_signal_1               0x08000247   Thumb Code     0  libshutdown2.o(.ARM.Collect$$libshutdown$$0000000C)
    __rt_lib_shutdown_stdio_1                0x08000247   Thumb Code     0  libshutdown2.o(.ARM.Collect$$libshutdown$$00000006)
    __rt_lib_shutdown_user_alloc_1           0x08000247   Thumb Code     0  libshutdown2.o(.ARM.Collect$$libshutdown$$0000000E)
    __rt_entry                               0x08000249   Thumb Code     0  __rtentry.o(.ARM.Collect$$rtentry$$00000000)
    __rt_entry_presh_1                       0x08000249   Thumb Code     0  __rtentry2.o(.ARM.Collect$$rtentry$$00000002)
    __rt_entry_sh                            0x08000249   Thumb Code     0  __rtentry4.o(.ARM.Collect$$rtentry$$00000004)
    __rt_entry_postsh_1                      0x0800024f   Thumb Code     0  __rtentry2.o(.ARM.Collect$$rtentry$$00000008)
    __rt_entry_li                            0x08000257   Thumb Code     0  __rtentry2.o(.ARM.Collect$$rtentry$$0000000A)
    __rt_entry_main                          0x0800025b   Thumb Code     0  __rtentry2.o(.ARM.Collect$$rtentry$$0000000D)
    __rt_entry_postli_1                      0x0800025b   Thumb Code     0  __rtentry2.o(.ARM.Collect$$rtentry$$0000000C)
    __rt_exit                                0x08000263   Thumb Code     0  rtexit.o(.ARM.Collect$$rtexit$$00000000)
    __rt_exit_ls                             0x08000265   Thumb Code     0  rtexit2.o(.ARM.Collect$$rtexit$$00000003)
    __rt_exit_prels_1                        0x08000265   Thumb Code     0  rtexit2.o(.ARM.Collect$$rtexit$$00000002)
    __rt_exit_exit                           0x08000269   Thumb Code     0  rtexit2.o(.ARM.Collect$$rtexit$$00000004)
    Reset_Handler                            0x08000271   Thumb Code     8  startup_stm32f429xx.o(.text)
    ADC_IRQHandler                           0x0800028b   Thumb Code     0  startup_stm32f429xx.o(.text)
    CAN1_RX0_IRQHandler                      0x0800028b   Thumb Code     0  startup_stm32f429xx.o(.text)
    CAN1_RX1_IRQHandler                      0x0800028b   Thumb Code     0  startup_stm32f429xx.o(.text)
    CAN1_SCE_IRQHandler                      0x0800028b   Thumb Code     0  startup_stm32f429xx.o(.text)
    CAN1_TX_IRQHandler                       0x0800028b   Thumb Code     0  startup_stm32f429xx.o(.text)
    CAN2_RX0_IRQHandler                      0x0800028b   Thumb Code     0  startup_stm32f429xx.o(.text)
    CAN2_RX1_IRQHandler                      0x0800028b   Thumb Code     0  startup_stm32f429xx.o(.text)
    CAN2_SCE_IRQHandler                      0x0800028b   Thumb Code     0  startup_stm32f429xx.o(.text)
    CAN2_TX_IRQHandler                       0x0800028b   Thumb Code     0  startup_stm32f429xx.o(.text)
    DCMI_IRQHandler                          0x0800028b   Thumb Code     0  startup_stm32f429xx.o(.text)
    DMA1_Stream0_IRQHandler                  0x0800028b   Thumb Code     0  startup_stm32f429xx.o(.text)
    DMA1_Stream1_IRQHandler                  0x0800028b   Thumb Code     0  startup_stm32f429xx.o(.text)
    DMA1_Stream2_IRQHandler                  0x0800028b   Thumb Code     0  startup_stm32f429xx.o(.text)
    DMA1_Stream3_IRQHandler                  0x0800028b   Thumb Code     0  startup_stm32f429xx.o(.text)
    DMA1_Stream4_IRQHandler                  0x0800028b   Thumb Code     0  startup_stm32f429xx.o(.text)
    DMA1_Stream5_IRQHandler                  0x0800028b   Thumb Code     0  startup_stm32f429xx.o(.text)
    DMA1_Stream6_IRQHandler                  0x0800028b   Thumb Code     0  startup_stm32f429xx.o(.text)
    DMA1_Stream7_IRQHandler                  0x0800028b   Thumb Code     0  startup_stm32f429xx.o(.text)
    DMA2D_IRQHandler                         0x0800028b   Thumb Code     0  startup_stm32f429xx.o(.text)
    DMA2_Stream0_IRQHandler                  0x0800028b   Thumb Code     0  startup_stm32f429xx.o(.text)
    DMA2_Stream1_IRQHandler                  0x0800028b   Thumb Code     0  startup_stm32f429xx.o(.text)
    DMA2_Stream2_IRQHandler                  0x0800028b   Thumb Code     0  startup_stm32f429xx.o(.text)
    DMA2_Stream3_IRQHandler                  0x0800028b   Thumb Code     0  startup_stm32f429xx.o(.text)
    DMA2_Stream4_IRQHandler                  0x0800028b   Thumb Code     0  startup_stm32f429xx.o(.text)
    DMA2_Stream5_IRQHandler                  0x0800028b   Thumb Code     0  startup_stm32f429xx.o(.text)
    DMA2_Stream6_IRQHandler                  0x0800028b   Thumb Code     0  startup_stm32f429xx.o(.text)
    DMA2_Stream7_IRQHandler                  0x0800028b   Thumb Code     0  startup_stm32f429xx.o(.text)
    ETH_IRQHandler                           0x0800028b   Thumb Code     0  startup_stm32f429xx.o(.text)
    ETH_WKUP_IRQHandler                      0x0800028b   Thumb Code     0  startup_stm32f429xx.o(.text)
    EXTI0_IRQHandler                         0x0800028b   Thumb Code     0  startup_stm32f429xx.o(.text)
    EXTI15_10_IRQHandler                     0x0800028b   Thumb Code     0  startup_stm32f429xx.o(.text)
    EXTI1_IRQHandler                         0x0800028b   Thumb Code     0  startup_stm32f429xx.o(.text)
    EXTI2_IRQHandler                         0x0800028b   Thumb Code     0  startup_stm32f429xx.o(.text)
    EXTI3_IRQHandler                         0x0800028b   Thumb Code     0  startup_stm32f429xx.o(.text)
    EXTI4_IRQHandler                         0x0800028b   Thumb Code     0  startup_stm32f429xx.o(.text)
    EXTI9_5_IRQHandler                       0x0800028b   Thumb Code     0  startup_stm32f429xx.o(.text)
    FLASH_IRQHandler                         0x0800028b   Thumb Code     0  startup_stm32f429xx.o(.text)
    FMC_IRQHandler                           0x0800028b   Thumb Code     0  startup_stm32f429xx.o(.text)
    FPU_IRQHandler                           0x0800028b   Thumb Code     0  startup_stm32f429xx.o(.text)
    HASH_RNG_IRQHandler                      0x0800028b   Thumb Code     0  startup_stm32f429xx.o(.text)
    I2C2_ER_IRQHandler                       0x0800028b   Thumb Code     0  startup_stm32f429xx.o(.text)
    I2C2_EV_IRQHandler                       0x0800028b   Thumb Code     0  startup_stm32f429xx.o(.text)
    I2C3_ER_IRQHandler                       0x0800028b   Thumb Code     0  startup_stm32f429xx.o(.text)
    I2C3_EV_IRQHandler                       0x0800028b   Thumb Code     0  startup_stm32f429xx.o(.text)
    LTDC_ER_IRQHandler                       0x0800028b   Thumb Code     0  startup_stm32f429xx.o(.text)
    LTDC_IRQHandler                          0x0800028b   Thumb Code     0  startup_stm32f429xx.o(.text)
    OTG_FS_IRQHandler                        0x0800028b   Thumb Code     0  startup_stm32f429xx.o(.text)
    OTG_FS_WKUP_IRQHandler                   0x0800028b   Thumb Code     0  startup_stm32f429xx.o(.text)
    OTG_HS_EP1_IN_IRQHandler                 0x0800028b   Thumb Code     0  startup_stm32f429xx.o(.text)
    OTG_HS_EP1_OUT_IRQHandler                0x0800028b   Thumb Code     0  startup_stm32f429xx.o(.text)
    OTG_HS_IRQHandler                        0x0800028b   Thumb Code     0  startup_stm32f429xx.o(.text)
    OTG_HS_WKUP_IRQHandler                   0x0800028b   Thumb Code     0  startup_stm32f429xx.o(.text)
    PVD_IRQHandler                           0x0800028b   Thumb Code     0  startup_stm32f429xx.o(.text)
    RCC_IRQHandler                           0x0800028b   Thumb Code     0  startup_stm32f429xx.o(.text)
    RTC_Alarm_IRQHandler                     0x0800028b   Thumb Code     0  startup_stm32f429xx.o(.text)
    RTC_WKUP_IRQHandler                      0x0800028b   Thumb Code     0  startup_stm32f429xx.o(.text)
    SAI1_IRQHandler                          0x0800028b   Thumb Code     0  startup_stm32f429xx.o(.text)
    SDIO_IRQHandler                          0x0800028b   Thumb Code     0  startup_stm32f429xx.o(.text)
    SPI2_IRQHandler                          0x0800028b   Thumb Code     0  startup_stm32f429xx.o(.text)
    SPI3_IRQHandler                          0x0800028b   Thumb Code     0  startup_stm32f429xx.o(.text)
    SPI4_IRQHandler                          0x0800028b   Thumb Code     0  startup_stm32f429xx.o(.text)
    SPI5_IRQHandler                          0x0800028b   Thumb Code     0  startup_stm32f429xx.o(.text)
    SPI6_IRQHandler                          0x0800028b   Thumb Code     0  startup_stm32f429xx.o(.text)
    TAMP_STAMP_IRQHandler                    0x0800028b   Thumb Code     0  startup_stm32f429xx.o(.text)
    TIM1_BRK_TIM9_IRQHandler                 0x0800028b   Thumb Code     0  startup_stm32f429xx.o(.text)
    TIM1_CC_IRQHandler                       0x0800028b   Thumb Code     0  startup_stm32f429xx.o(.text)
    TIM1_TRG_COM_TIM11_IRQHandler            0x0800028b   Thumb Code     0  startup_stm32f429xx.o(.text)
    TIM1_UP_TIM10_IRQHandler                 0x0800028b   Thumb Code     0  startup_stm32f429xx.o(.text)
    TIM2_IRQHandler                          0x0800028b   Thumb Code     0  startup_stm32f429xx.o(.text)
    TIM3_IRQHandler                          0x0800028b   Thumb Code     0  startup_stm32f429xx.o(.text)
    TIM4_IRQHandler                          0x0800028b   Thumb Code     0  startup_stm32f429xx.o(.text)
    TIM5_IRQHandler                          0x0800028b   Thumb Code     0  startup_stm32f429xx.o(.text)
    TIM6_DAC_IRQHandler                      0x0800028b   Thumb Code     0  startup_stm32f429xx.o(.text)
    TIM7_IRQHandler                          0x0800028b   Thumb Code     0  startup_stm32f429xx.o(.text)
    TIM8_BRK_TIM12_IRQHandler                0x0800028b   Thumb Code     0  startup_stm32f429xx.o(.text)
    TIM8_CC_IRQHandler                       0x0800028b   Thumb Code     0  startup_stm32f429xx.o(.text)
    TIM8_TRG_COM_TIM14_IRQHandler            0x0800028b   Thumb Code     0  startup_stm32f429xx.o(.text)
    TIM8_UP_TIM13_IRQHandler                 0x0800028b   Thumb Code     0  startup_stm32f429xx.o(.text)
    UART4_IRQHandler                         0x0800028b   Thumb Code     0  startup_stm32f429xx.o(.text)
    UART5_IRQHandler                         0x0800028b   Thumb Code     0  startup_stm32f429xx.o(.text)
    UART7_IRQHandler                         0x0800028b   Thumb Code     0  startup_stm32f429xx.o(.text)
    UART8_IRQHandler                         0x0800028b   Thumb Code     0  startup_stm32f429xx.o(.text)
    USART1_IRQHandler                        0x0800028b   Thumb Code     0  startup_stm32f429xx.o(.text)
    USART2_IRQHandler                        0x0800028b   Thumb Code     0  startup_stm32f429xx.o(.text)
    USART6_IRQHandler                        0x0800028b   Thumb Code     0  startup_stm32f429xx.o(.text)
    WWDG_IRQHandler                          0x0800028b   Thumb Code     0  startup_stm32f429xx.o(.text)
    __user_initial_stackheap                 0x0800028d   Thumb Code     0  startup_stm32f429xx.o(.text)
    SVC_Handler                              0x080002b1   Thumb Code   108  irq_armv7m.o(.text)
    PendSV_Handler                           0x0800031d   Thumb Code    16  irq_armv7m.o(.text)
    SysTick_Handler                          0x0800032d   Thumb Code    16  irq_armv7m.o(.text)
    __aeabi_uldivmod                         0x08000345   Thumb Code     0  lludivv7m.o(.text)
    _ll_udiv                                 0x08000345   Thumb Code   238  lludivv7m.o(.text)
    __aeabi_memcpy                           0x08000433   Thumb Code     0  rt_memcpy_v6.o(.text)
    __rt_memcpy                              0x08000433   Thumb Code   138  rt_memcpy_v6.o(.text)
    _memcpy_lastbytes                        0x08000499   Thumb Code     0  rt_memcpy_v6.o(.text)
    __aeabi_memclr                           0x080004bd   Thumb Code     0  rt_memclr.o(.text)
    __rt_memclr                              0x080004bd   Thumb Code    68  rt_memclr.o(.text)
    _memset                                  0x080004c1   Thumb Code     0  rt_memclr.o(.text)
    __aeabi_memclr4                          0x08000501   Thumb Code     0  rt_memclr_w.o(.text)
    __aeabi_memclr8                          0x08000501   Thumb Code     0  rt_memclr_w.o(.text)
    __rt_memclr_w                            0x08000501   Thumb Code    78  rt_memclr_w.o(.text)
    _memset_w                                0x08000505   Thumb Code     0  rt_memclr_w.o(.text)
    __use_two_region_memory                  0x0800054f   Thumb Code     2  heapauxi.o(.text)
    __rt_heap_escrow$2region                 0x08000551   Thumb Code     2  heapauxi.o(.text)
    __rt_heap_expand$2region                 0x08000553   Thumb Code     2  heapauxi.o(.text)
    __aeabi_memcpy4                          0x08000555   Thumb Code     0  rt_memcpy_w.o(.text)
    __aeabi_memcpy8                          0x08000555   Thumb Code     0  rt_memcpy_w.o(.text)
    __rt_memcpy_w                            0x08000555   Thumb Code   100  rt_memcpy_w.o(.text)
    _memcpy_lastbytes_aligned                0x0800059d   Thumb Code     0  rt_memcpy_w.o(.text)
    __user_setup_stackheap                   0x080005b9   Thumb Code    74  sys_stackheap_outer.o(.text)
    exit                                     0x08000603   Thumb Code    18  exit.o(.text)
    __user_libspace                          0x08000615   Thumb Code     8  libspace.o(.text)
    __user_perproc_libspace                  0x08000615   Thumb Code     0  libspace.o(.text)
    _sys_exit                                0x0800061d   Thumb Code     8  sys_exit.o(.text)
    __I$use$semihosting                      0x08000629   Thumb Code     0  use_no_semi.o(.text)
    __use_no_semihosting_swi                 0x08000629   Thumb Code     2  use_no_semi.o(.text)
    __semihosting_library_function           0x0800062b   Thumb Code     0  indicate_semi.o(.text)
    OS_Tick_AcknowledgeIRQ                   0x080006e1   Thumb Code     8  os_systick.o(.text.OS_Tick_AcknowledgeIRQ)
    OS_Tick_Enable                           0x080006ed   Thumb Code    32  os_systick.o(.text.OS_Tick_Enable)
    OS_Tick_GetIRQn                          0x08000719   Thumb Code     6  os_systick.o(.text.OS_Tick_GetIRQn)
    OS_Tick_Setup                            0x08000721   Thumb Code    48  os_systick.o(.text.OS_Tick_Setup)
    osKernelGetState                         0x08000861   Thumb Code    40  rtx_kernel.o(.text.osKernelGetState)
    osKernelGetTickCount                     0x08000891   Thumb Code    32  rtx_kernel.o(.text.osKernelGetTickCount)
    osKernelInitialize                       0x080008b9   Thumb Code    40  rtx_kernel.o(.text.osKernelInitialize)
    osKernelStart                            0x080008e5   Thumb Code    32  rtx_kernel.o(.text.osKernelStart)
    osMessageQueueGet                        0x08000909   Thumb Code   108  rtx_msgqueue.o(.text.osMessageQueueGet)
    osMessageQueuePut                        0x08000979   Thumb Code   124  rtx_msgqueue.o(.text.osMessageQueuePut)
    osMutexAcquire                           0x080009f9   Thumb Code    32  rtx_mutex.o(.text.osMutexAcquire)
    osMutexDelete                            0x08000a1d   Thumb Code    32  rtx_mutex.o(.text.osMutexDelete)
    osMutexNew                               0x08000a41   Thumb Code    32  rtx_mutex.o(.text.osMutexNew)
    osMutexRelease                           0x08000a65   Thumb Code    32  rtx_mutex.o(.text.osMutexRelease)
    osRtxKernelErrorNotify                   0x08000a89   Thumb Code     4  rtx_kernel.o(.text.osRtxKernelErrorNotify)
    osRtxKernelPreInit                       0x08000a8d   Thumb Code     2  rtx_kernel.o(.text.osRtxKernelPreInit)
    osRtxMemoryAlloc                         0x08000a8f   Thumb Code   108  rtx_memory.o(.text.osRtxMemoryAlloc)
    osRtxMemoryFree                          0x08000afb   Thumb Code    66  rtx_memory.o(.text.osRtxMemoryFree)
    osRtxMemoryInit                          0x08000b3d   Thumb Code    54  rtx_memory.o(.text.osRtxMemoryInit)
    osRtxMemoryPoolAlloc                     0x08000b73   Thumb Code    58  rtx_mempool.o(.text.osRtxMemoryPoolAlloc)
    osRtxMemoryPoolFree                      0x08000bad   Thumb Code    74  rtx_mempool.o(.text.osRtxMemoryPoolFree)
    osRtxMemoryPoolInit                      0x08000bf7   Thumb Code    56  rtx_mempool.o(.text.osRtxMemoryPoolInit)
    osRtxMessageQueueTimerSetup              0x08000cd9   Thumb Code    32  rtx_msgqueue.o(.text.osRtxMessageQueueTimerSetup)
    osRtxMutexOwnerRelease                   0x08000d01   Thumb Code    72  rtx_mutex.o(.text.osRtxMutexOwnerRelease)
    osRtxMutexOwnerRestore                   0x08000d49   Thumb Code    72  rtx_mutex.o(.text.osRtxMutexOwnerRestore)
    osRtxPendSV_Handler                      0x08000d91   Thumb Code   136  rtx_system.o(.text.osRtxPendSV_Handler)
    osRtxPostProcess                         0x08000e1d   Thumb Code   108  rtx_system.o(.text.osRtxPostProcess)
    osRtxThreadDelayTick                     0x08000f89   Thumb Code    80  rtx_thread.o(.text.osRtxThreadDelayTick)
    osRtxThreadDispatch                      0x08001001   Thumb Code    80  rtx_thread.o(.text.osRtxThreadDispatch)
    osRtxThreadListGet                       0x080010cb   Thumb Code    18  rtx_thread.o(.text.osRtxThreadListGet)
    osRtxThreadListPut                       0x080010dd   Thumb Code    44  rtx_thread.o(.text.osRtxThreadListPut)
    osRtxThreadListRemove                    0x08001109   Thumb Code    20  rtx_thread.o(.text.osRtxThreadListRemove)
    osRtxThreadListSort                      0x0800111d   Thumb Code    38  rtx_thread.o(.text.osRtxThreadListSort)
    osRtxThreadReadyPut                      0x0800116d   Thumb Code    16  rtx_thread.o(.text.osRtxThreadReadyPut)
    osRtxThreadRegPtr                        0x08001181   Thumb Code     6  rtx_thread.o(.text.osRtxThreadRegPtr)
    osRtxThreadStartup                       0x08001189   Thumb Code    48  rtx_thread.o(.text.osRtxThreadStartup)
    osRtxThreadSwitch                        0x080011c5   Thumb Code    12  rtx_thread.o(.text.osRtxThreadSwitch)
    osRtxThreadWaitEnter                     0x080011d5   Thumb Code    56  rtx_thread.o(.text.osRtxThreadWaitEnter)
    osRtxThreadWaitExit                      0x08001211   Thumb Code    34  rtx_thread.o(.text.osRtxThreadWaitExit)
    osRtxTick_Handler                        0x08001235   Thumb Code   116  rtx_system.o(.text.osRtxTick_Handler)
    osRtxTimerSetup                          0x080012ad   Thumb Code    24  rtx_timer.o(.text.osRtxTimerSetup)
    osRtxTimerThread                         0x080012cd   Thumb Code    32  rtx_timer.o(.text.osRtxTimerThread)
    osThreadExit                             0x0800135d   Thumb Code     8  rtx_thread.o(.text.osThreadExit)
    osThreadNew                              0x08001369   Thumb Code    32  rtx_thread.o(.text.osThreadNew)
    osThreadYield                            0x0800138d   Thumb Code    32  rtx_thread.o(.text.osThreadYield)
    osTimerNew                               0x080013b1   Thumb Code    32  rtx_timer.o(.text.osTimerNew)
    osTimerStart                             0x080013d5   Thumb Code    32  rtx_timer.o(.text.osTimerStart)
    osTimerStop                              0x080013f9   Thumb Code    32  rtx_timer.o(.text.osTimerStop)
    BusFault_Handler                         0x08001e05   Thumb Code     4  stm32f4xx_it.o(i.BusFault_Handler)
    DebugMon_Handler                         0x08001f13   Thumb Code     2  stm32f4xx_it.o(i.DebugMon_Handler)
    HAL_DMA_Abort                            0x080025f5   Thumb Code   172  stm32f4xx_hal_dma.o(i.HAL_DMA_Abort)
    HAL_DMA_Abort_IT                         0x080026a1   Thumb Code    40  stm32f4xx_hal_dma.o(i.HAL_DMA_Abort_IT)
    HAL_DMA_Init                             0x080026c9   Thumb Code   232  stm32f4xx_hal_dma.o(i.HAL_DMA_Init)
    HAL_DMA_Start_IT                         0x080027b5   Thumb Code   146  stm32f4xx_hal_dma.o(i.HAL_DMA_Start_IT)
    HAL_Delay                                0x08002849   Thumb Code    36  stm32f4xx_hal.o(i.HAL_Delay)
    HAL_GPIO_DeInit                          0x08002871   Thumb Code   340  stm32f4xx_hal_gpio.o(i.HAL_GPIO_DeInit)
    HAL_GPIO_Init                            0x080029f5   Thumb Code   474  stm32f4xx_hal_gpio.o(i.HAL_GPIO_Init)
    HAL_GPIO_ReadPin                         0x08002c05   Thumb Code    16  stm32f4xx_hal_gpio.o(i.HAL_GPIO_ReadPin)
    HAL_GPIO_TogglePin                       0x08002c15   Thumb Code    20  stm32f4xx_hal_gpio.o(i.HAL_GPIO_TogglePin)
    HAL_GPIO_WritePin                        0x08002c29   Thumb Code    12  stm32f4xx_hal_gpio.o(i.HAL_GPIO_WritePin)
    HAL_GetREVID                             0x08002c35   Thumb Code     8  stm32f4xx_hal.o(i.HAL_GetREVID)
    HAL_GetTick                              0x08002c41   Thumb Code    66  main.o(i.HAL_GetTick)
    HAL_Init                                 0x08002c8d   Thumb Code    44  stm32f4xx_hal.o(i.HAL_Init)
    HAL_InitTick                             0x08002cbd   Thumb Code    64  stm32f4xx_hal.o(i.HAL_InitTick)
    HAL_MspInit                              0x08002d09   Thumb Code     2  stm32f4xx_hal.o(i.HAL_MspInit)
    HAL_NVIC_ClearPendingIRQ                 0x08002d0d   Thumb Code    30  stm32f4xx_hal_cortex.o(i.HAL_NVIC_ClearPendingIRQ)
    HAL_NVIC_DisableIRQ                      0x08002d31   Thumb Code    38  stm32f4xx_hal_cortex.o(i.HAL_NVIC_DisableIRQ)
    HAL_NVIC_EnableIRQ                       0x08002d5d   Thumb Code    40  stm32f4xx_hal_cortex.o(i.HAL_NVIC_EnableIRQ)
    HAL_NVIC_SetPriority                     0x08002d85   Thumb Code   124  stm32f4xx_hal_cortex.o(i.HAL_NVIC_SetPriority)
    HAL_NVIC_SetPriorityGrouping             0x08002e01   Thumb Code    32  stm32f4xx_hal_cortex.o(i.HAL_NVIC_SetPriorityGrouping)
    HAL_RCC_ClockConfig                      0x08002e29   Thumb Code   368  stm32f4xx_hal_rcc.o(i.HAL_RCC_ClockConfig)
    HAL_RCC_GetHCLKFreq                      0x08002fad   Thumb Code     6  stm32f4xx_hal_rcc.o(i.HAL_RCC_GetHCLKFreq)
    HAL_RCC_GetPCLK1Freq                     0x08002fb9   Thumb Code    22  stm32f4xx_hal_rcc.o(i.HAL_RCC_GetPCLK1Freq)
    HAL_RCC_GetPCLK2Freq                     0x08002fd9   Thumb Code    22  stm32f4xx_hal_rcc.o(i.HAL_RCC_GetPCLK2Freq)
    HAL_RCC_GetSysClockFreq                  0x08002ff9   Thumb Code   162  stm32f4xx_hal_rcc.o(i.HAL_RCC_GetSysClockFreq)
    HAL_RCC_OscConfig                        0x080030a9   Thumb Code  1172  stm32f4xx_hal_rcc.o(i.HAL_RCC_OscConfig)
    HAL_SYSTICK_Config                       0x08003545   Thumb Code    52  stm32f4xx_hal_cortex.o(i.HAL_SYSTICK_Config)
    HardFault_Handler                        0x08003579   Thumb Code     4  stm32f4xx_it.o(i.HardFault_Handler)
    I2C1_ER_IRQHandler                       0x08003595   Thumb Code    10  i2c_stm32f4xx.o(i.I2C1_ER_IRQHandler)
    I2C1_EV_IRQHandler                       0x080035a5   Thumb Code    10  i2c_stm32f4xx.o(i.I2C1_EV_IRQHandler)
    Init_Th_clock                            0x08004af1   Thumb Code    32  clock.o(i.Init_Th_clock)
    Init_Th_clock_test                       0x08004b19   Thumb Code    32  clock.o(i.Init_Th_clock_test)
    MemManage_Handler                        0x08004b41   Thumb Code     4  stm32f4xx_it.o(i.MemManage_Handler)
    NMI_Handler                              0x08004b45   Thumb Code     2  stm32f4xx_it.o(i.NMI_Handler)
    SPI1_IRQHandler                          0x08004b81   Thumb Code    10  spi_stm32f4xx.o(i.SPI1_IRQHandler)
    SystemCoreClockUpdate                    0x080059d5   Thumb Code   170  system_stm32f4xx.o(i.SystemCoreClockUpdate)
    SystemInit                               0x08005a95   Thumb Code    10  system_stm32f4xx.o(i.SystemInit)
    USART3_IRQHandler                        0x08005ba5   Thumb Code    10  usart_stm32f4xx.o(i.USART3_IRQHandler)
    USART_IRQHandler                         0x08006757   Thumb Code   690  usart_stm32f4xx.o(i.USART_IRQHandler)
    UsageFault_Handler                       0x08007241   Thumb Code     4  stm32f4xx_it.o(i.UsageFault_Handler)
    _mutex_acquire                           0x0800727d   Thumb Code    22  rtx_lib.o(i._mutex_acquire)
    _mutex_free                              0x08007293   Thumb Code    12  rtx_lib.o(i._mutex_free)
    _mutex_initialize                        0x0800729f   Thumb Code    34  rtx_lib.o(i._mutex_initialize)
    _mutex_release                           0x080072c1   Thumb Code    18  rtx_lib.o(i._mutex_release)
    _platform_post_stackheap_init            0x080072d3   Thumb Code     8  rtx_lib.o(i._platform_post_stackheap_init)
    main                                     0x0800732d   Thumb Code    28  main.o(i.main)
    multiple_to_sec                          0x08007349   Thumb Code    22  clock.o(i.multiple_to_sec)
    osRtxErrorNotify                         0x0800735f   Thumb Code    32  rtx_config.o(i.osRtxErrorNotify)
    osRtxIdleThread                          0x0800737f   Thumb Code     4  rtx_config.o(i.osRtxIdleThread)
    set_clock                                0x080073a5   Thumb Code    42  clock.o(i.set_clock)
    irqRtxLibRef                             0x08007438   Data           4  rtx_lib.o(.constdata)
    osRtxUserSVC                             0x0800743c   Data           4  rtx_lib.o(.constdata)
    Driver_I2C1                              0x08007478   Data          48  i2c_stm32f4xx.o(.constdata)
    Driver_SPI1                              0x080074fc   Data          44  spi_stm32f4xx.o(.constdata)
    Driver_USART3                            0x08007578   Data          56  usart_stm32f4xx.o(.constdata)
    EventRecorderInfo                        0x080075b0   Data          24  eventrecorder.o(.constdata)
    AHBPrescTable                            0x080075d0   Data          16  system_stm32f4xx.o(.constdata)
    APBPrescTable                            0x080075e0   Data           8  system_stm32f4xx.o(.constdata)
    osRtxConfig                              0x080075e8   Data         112  rtx_lib.o(.rodata)
    os_cb_sections                           0x08007658   Data          56  rtx_lib.o(.rodata)
    irqRtxLib                                0x08007690   Number         0  irq_armv7m.o(.rodata)
    Region$$Table$$Base                      0x080076a0   Number         0  anon$$obj.o(Region$$Table)
    Region$$Table$$Limit                     0x080076c0   Number         0  anon$$obj.o(Region$$Table)
    .bss.os.msgqueue.cb$$Base                0x20008040   Number         0  rtx_lib.o(.bss.os.msgqueue.cb)
    .bss.os.msgqueue.cb$$Limit               0x20008074   Number         0  rtx_lib.o(.bss.os.msgqueue.cb)
    .bss.os.thread.cb$$Base                  0x200080c4   Number         0  rtx_lib.o(.bss.os.thread.cb)
    .bss.os.thread.cb$$Limit                 0x2000814c   Number         0  rtx_lib.o(.bss.os.thread.cb)
    sec                                      0x20008554   Data           4  clock.o(.data)
    uwTick                                   0x20008568   Data           4  stm32f4xx_hal.o(.data)
    uwTickPrio                               0x2000856c   Data           4  stm32f4xx_hal.o(.data)
    uwTickFreq                               0x20008570   Data           1  stm32f4xx_hal.o(.data)
    SystemCoreClock                          0x20008574   Data           4  system_stm32f4xx.o(.data)
    osRtxInfo                                0x20008578   Data         164  rtx_kernel.o(.data.os)
    __libspace_start                         0x200086bc   Data          96  libspace.o(.bss)
    __temporary_stack_top$libspace           0x2000871c   Data           0  libspace.o(.bss)



==============================================================================

Memory Map of the image

  Image Entry point : 0x080001ad

  Load Region LR_IROM1 (Base: 0x08000000, Size: 0x0000fcdc, Max: 0x00200000, ABSOLUTE, COMPRESSED[0x000077e0])

    Execution Region ER_IROM1 (Exec base: 0x08000000, Load base: 0x08000000, Size: 0x000076c0, Max: 0x00200000, ABSOLUTE)

    Exec Addr    Load Addr    Size         Type   Attr      Idx    E Section Name        Object

    0x08000000   0x08000000   0x000001ac   Data   RO         4169    RESET               startup_stm32f429xx.o
    0x080001ac   0x080001ac   0x00000008   Code   RO         4695  * !!!main             c_w.l(__main.o)
    0x080001b4   0x080001b4   0x00000034   Code   RO         4866    !!!scatter          c_w.l(__scatter.o)
    0x080001e8   0x080001e8   0x0000003a   Code   RO         4864    !!dczerorl          c_w.l(__dczerorl.o)
    0x08000222   0x08000222   0x00000002   PAD
    0x08000224   0x08000224   0x0000001c   Code   RO         4868    !!handler_zi        c_w.l(__scatter_zi.o)
    0x08000240   0x08000240   0x00000002   Code   RO         4732    .ARM.Collect$$libinit$$00000000  c_w.l(libinit.o)
    0x08000242   0x08000242   0x00000000   Code   RO         4745    .ARM.Collect$$libinit$$00000002  c_w.l(libinit2.o)
    0x08000242   0x08000242   0x00000000   Code   RO         4747    .ARM.Collect$$libinit$$00000004  c_w.l(libinit2.o)
    0x08000242   0x08000242   0x00000000   Code   RO         4750    .ARM.Collect$$libinit$$0000000A  c_w.l(libinit2.o)
    0x08000242   0x08000242   0x00000000   Code   RO         4752    .ARM.Collect$$libinit$$0000000C  c_w.l(libinit2.o)
    0x08000242   0x08000242   0x00000000   Code   RO         4754    .ARM.Collect$$libinit$$0000000E  c_w.l(libinit2.o)
    0x08000242   0x08000242   0x00000000   Code   RO         4757    .ARM.Collect$$libinit$$00000011  c_w.l(libinit2.o)
    0x08000242   0x08000242   0x00000000   Code   RO         4759    .ARM.Collect$$libinit$$00000013  c_w.l(libinit2.o)
    0x08000242   0x08000242   0x00000000   Code   RO         4761    .ARM.Collect$$libinit$$00000015  c_w.l(libinit2.o)
    0x08000242   0x08000242   0x00000000   Code   RO         4763    .ARM.Collect$$libinit$$00000017  c_w.l(libinit2.o)
    0x08000242   0x08000242   0x00000000   Code   RO         4765    .ARM.Collect$$libinit$$00000019  c_w.l(libinit2.o)
    0x08000242   0x08000242   0x00000000   Code   RO         4767    .ARM.Collect$$libinit$$0000001B  c_w.l(libinit2.o)
    0x08000242   0x08000242   0x00000000   Code   RO         4769    .ARM.Collect$$libinit$$0000001D  c_w.l(libinit2.o)
    0x08000242   0x08000242   0x00000000   Code   RO         4771    .ARM.Collect$$libinit$$0000001F  c_w.l(libinit2.o)
    0x08000242   0x08000242   0x00000000   Code   RO         4773    .ARM.Collect$$libinit$$00000021  c_w.l(libinit2.o)
    0x08000242   0x08000242   0x00000000   Code   RO         4775    .ARM.Collect$$libinit$$00000023  c_w.l(libinit2.o)
    0x08000242   0x08000242   0x00000000   Code   RO         4777    .ARM.Collect$$libinit$$00000025  c_w.l(libinit2.o)
    0x08000242   0x08000242   0x00000000   Code   RO         4781    .ARM.Collect$$libinit$$0000002C  c_w.l(libinit2.o)
    0x08000242   0x08000242   0x00000000   Code   RO         4783    .ARM.Collect$$libinit$$0000002E  c_w.l(libinit2.o)
    0x08000242   0x08000242   0x00000000   Code   RO         4785    .ARM.Collect$$libinit$$00000030  c_w.l(libinit2.o)
    0x08000242   0x08000242   0x00000000   Code   RO         4787    .ARM.Collect$$libinit$$00000032  c_w.l(libinit2.o)
    0x08000242   0x08000242   0x00000002   Code   RO         4788    .ARM.Collect$$libinit$$00000033  c_w.l(libinit2.o)
    0x08000244   0x08000244   0x00000002   Code   RO         4819    .ARM.Collect$$libshutdown$$00000000  c_w.l(libshutdown.o)
    0x08000246   0x08000246   0x00000000   Code   RO         4845    .ARM.Collect$$libshutdown$$00000002  c_w.l(libshutdown2.o)
    0x08000246   0x08000246   0x00000000   Code   RO         4847    .ARM.Collect$$libshutdown$$00000004  c_w.l(libshutdown2.o)
    0x08000246   0x08000246   0x00000000   Code   RO         4849    .ARM.Collect$$libshutdown$$00000006  c_w.l(libshutdown2.o)
    0x08000246   0x08000246   0x00000000   Code   RO         4852    .ARM.Collect$$libshutdown$$00000009  c_w.l(libshutdown2.o)
    0x08000246   0x08000246   0x00000000   Code   RO         4855    .ARM.Collect$$libshutdown$$0000000C  c_w.l(libshutdown2.o)
    0x08000246   0x08000246   0x00000000   Code   RO         4857    .ARM.Collect$$libshutdown$$0000000E  c_w.l(libshutdown2.o)
    0x08000246   0x08000246   0x00000000   Code   RO         4860    .ARM.Collect$$libshutdown$$00000011  c_w.l(libshutdown2.o)
    0x08000246   0x08000246   0x00000002   Code   RO         4861    .ARM.Collect$$libshutdown$$00000012  c_w.l(libshutdown2.o)
    0x08000248   0x08000248   0x00000000   Code   RO         4697    .ARM.Collect$$rtentry$$00000000  c_w.l(__rtentry.o)
    0x08000248   0x08000248   0x00000000   Code   RO         4705    .ARM.Collect$$rtentry$$00000002  c_w.l(__rtentry2.o)
    0x08000248   0x08000248   0x00000006   Code   RO         4717    .ARM.Collect$$rtentry$$00000004  c_w.l(__rtentry4.o)
    0x0800024e   0x0800024e   0x00000008   Code   RO         4706    .ARM.Collect$$rtentry$$00000008  c_w.l(__rtentry2.o)
    0x08000256   0x08000256   0x00000004   Code   RO         4708    .ARM.Collect$$rtentry$$0000000A  c_w.l(__rtentry2.o)
    0x0800025a   0x0800025a   0x00000000   Code   RO         4710    .ARM.Collect$$rtentry$$0000000C  c_w.l(__rtentry2.o)
    0x0800025a   0x0800025a   0x00000008   Code   RO         4711    .ARM.Collect$$rtentry$$0000000D  c_w.l(__rtentry2.o)
    0x08000262   0x08000262   0x00000002   Code   RO         4736    .ARM.Collect$$rtexit$$00000000  c_w.l(rtexit.o)
    0x08000264   0x08000264   0x00000000   Code   RO         4792    .ARM.Collect$$rtexit$$00000002  c_w.l(rtexit2.o)
    0x08000264   0x08000264   0x00000004   Code   RO         4793    .ARM.Collect$$rtexit$$00000003  c_w.l(rtexit2.o)
    0x08000268   0x08000268   0x00000006   Code   RO         4794    .ARM.Collect$$rtexit$$00000004  c_w.l(rtexit2.o)
    0x0800026e   0x0800026e   0x00000002   PAD
    0x08000270   0x08000270   0x00000040   Code   RO         4170    .text               startup_stm32f429xx.o
    0x080002b0   0x080002b0   0x00000094   Code   RO         4505    .text               RTX_CM3.lib(irq_armv7m.o)
    0x08000344   0x08000344   0x000000ee   Code   RO         4683    .text               c_w.l(lludivv7m.o)
    0x08000432   0x08000432   0x0000008a   Code   RO         4685    .text               c_w.l(rt_memcpy_v6.o)
    0x080004bc   0x080004bc   0x00000044   Code   RO         4687    .text               c_w.l(rt_memclr.o)
    0x08000500   0x08000500   0x0000004e   Code   RO         4689    .text               c_w.l(rt_memclr_w.o)
    0x0800054e   0x0800054e   0x00000006   Code   RO         4693    .text               c_w.l(heapauxi.o)
    0x08000554   0x08000554   0x00000064   Code   RO         4702    .text               c_w.l(rt_memcpy_w.o)
    0x080005b8   0x080005b8   0x0000004a   Code   RO         4721    .text               c_w.l(sys_stackheap_outer.o)
    0x08000602   0x08000602   0x00000012   Code   RO         4723    .text               c_w.l(exit.o)
    0x08000614   0x08000614   0x00000008   Code   RO         4733    .text               c_w.l(libspace.o)
    0x0800061c   0x0800061c   0x0000000c   Code   RO         4789    .text               c_w.l(sys_exit.o)
    0x08000628   0x08000628   0x00000002   Code   RO         4808    .text               c_w.l(use_no_semi.o)
    0x0800062a   0x0800062a   0x00000000   Code   RO         4810    .text               c_w.l(indicate_semi.o)
    0x0800062a   0x0800062a   0x00000040   Code   RO         4621    .text.MessageQueueGet  RTX_CM3.lib(rtx_msgqueue.o)
    0x0800066a   0x0800066a   0x00000058   Code   RO         4615    .text.MessageQueuePut  RTX_CM3.lib(rtx_msgqueue.o)
    0x080006c2   0x080006c2   0x0000001c   Code   RO         4613    .text.MessageQueueRemove  RTX_CM3.lib(rtx_msgqueue.o)
    0x080006de   0x080006de   0x00000002   PAD
    0x080006e0   0x080006e0   0x0000000c   Code   RO         4661    .text.OS_Tick_AcknowledgeIRQ  RTX_CM3.lib(os_systick.o)
    0x080006ec   0x080006ec   0x0000002c   Code   RO         4657    .text.OS_Tick_Enable  RTX_CM3.lib(os_systick.o)
    0x08000718   0x08000718   0x00000006   Code   RO         4663    .text.OS_Tick_GetIRQn  RTX_CM3.lib(os_systick.o)
    0x0800071e   0x0800071e   0x00000002   PAD
    0x08000720   0x08000720   0x00000040   Code   RO         4655    .text.OS_Tick_Setup  RTX_CM3.lib(os_systick.o)
    0x08000760   0x08000760   0x0000000c   Code   RO         4270    .text.OUTLINED_FUNCTION_0  RTX_CM3.lib(rtx_kernel.o)
    0x0800076c   0x0800076c   0x00000006   Code   RO         4410    .text.OUTLINED_FUNCTION_0  RTX_CM3.lib(rtx_thread.o)
    0x08000772   0x08000772   0x0000000c   Code   RO         4629    .text.OUTLINED_FUNCTION_0  RTX_CM3.lib(rtx_msgqueue.o)
    0x0800077e   0x0800077e   0x00000006   Code   RO         4272    .text.OUTLINED_FUNCTION_1  RTX_CM3.lib(rtx_kernel.o)
    0x08000784   0x08000784   0x00000006   Code   RO         4631    .text.OUTLINED_FUNCTION_1  RTX_CM3.lib(rtx_msgqueue.o)
    0x0800078a   0x0800078a   0x00000064   Code   RO         4362    .text.ThreadFlagsCheck  RTX_CM3.lib(rtx_thread.o)
    0x080007ee   0x080007ee   0x00000002   PAD
    0x080007f0   0x080007f0   0x00000048   Code   RO         4446    .text.TimerInsert   RTX_CM3.lib(rtx_timer.o)
    0x08000838   0x08000838   0x00000028   Code   RO         4454    .text.TimerRemove   RTX_CM3.lib(rtx_timer.o)
    0x08000860   0x08000860   0x00000030   Code   RO         4222    .text.osKernelGetState  RTX_CM3.lib(rtx_kernel.o)
    0x08000890   0x08000890   0x00000028   Code   RO         4238    .text.osKernelGetTickCount  RTX_CM3.lib(rtx_kernel.o)
    0x080008b8   0x080008b8   0x0000002c   Code   RO         4216    .text.osKernelInitialize  RTX_CM3.lib(rtx_kernel.o)
    0x080008e4   0x080008e4   0x00000024   Code   RO         4226    .text.osKernelStart  RTX_CM3.lib(rtx_kernel.o)
    0x08000908   0x08000908   0x00000070   Code   RO         4589    .text.osMessageQueueGet  RTX_CM3.lib(rtx_msgqueue.o)
    0x08000978   0x08000978   0x00000080   Code   RO         4587    .text.osMessageQueuePut  RTX_CM3.lib(rtx_msgqueue.o)
    0x080009f8   0x080009f8   0x00000024   Code   RO         4478    .text.osMutexAcquire  RTX_CM3.lib(rtx_mutex.o)
    0x08000a1c   0x08000a1c   0x00000024   Code   RO         4484    .text.osMutexDelete  RTX_CM3.lib(rtx_mutex.o)
    0x08000a40   0x08000a40   0x00000024   Code   RO         4474    .text.osMutexNew    RTX_CM3.lib(rtx_mutex.o)
    0x08000a64   0x08000a64   0x00000024   Code   RO         4480    .text.osMutexRelease  RTX_CM3.lib(rtx_mutex.o)
    0x08000a88   0x08000a88   0x00000004   Code   RO         4214    .text.osRtxKernelErrorNotify  RTX_CM3.lib(rtx_kernel.o)
    0x08000a8c   0x08000a8c   0x00000002   Code   RO         4212    .text.osRtxKernelPreInit  RTX_CM3.lib(rtx_kernel.o)
    0x08000a8e   0x08000a8e   0x0000006c   Code   RO         4515    .text.osRtxMemoryAlloc  RTX_CM3.lib(rtx_memory.o)
    0x08000afa   0x08000afa   0x00000042   Code   RO         4517    .text.osRtxMemoryFree  RTX_CM3.lib(rtx_memory.o)
    0x08000b3c   0x08000b3c   0x00000036   Code   RO         4513    .text.osRtxMemoryInit  RTX_CM3.lib(rtx_memory.o)
    0x08000b72   0x08000b72   0x0000003a   Code   RO         4529    .text.osRtxMemoryPoolAlloc  RTX_CM3.lib(rtx_mempool.o)
    0x08000bac   0x08000bac   0x0000004a   Code   RO         4531    .text.osRtxMemoryPoolFree  RTX_CM3.lib(rtx_mempool.o)
    0x08000bf6   0x08000bf6   0x00000038   Code   RO         4527    .text.osRtxMemoryPoolInit  RTX_CM3.lib(rtx_mempool.o)
    0x08000c2e   0x08000c2e   0x000000aa   Code   RO         4611    .text.osRtxMessageQueuePostProcess  RTX_CM3.lib(rtx_msgqueue.o)
    0x08000cd8   0x08000cd8   0x00000028   Code   RO         4579    .text.osRtxMessageQueueTimerSetup  RTX_CM3.lib(rtx_msgqueue.o)
    0x08000d00   0x08000d00   0x00000048   Code   RO         4470    .text.osRtxMutexOwnerRelease  RTX_CM3.lib(rtx_mutex.o)
    0x08000d48   0x08000d48   0x00000048   Code   RO         4472    .text.osRtxMutexOwnerRestore  RTX_CM3.lib(rtx_mutex.o)
    0x08000d90   0x08000d90   0x0000008c   Code   RO         4643    .text.osRtxPendSV_Handler  RTX_CM3.lib(rtx_system.o)
    0x08000e1c   0x08000e1c   0x00000074   Code   RO         4645    .text.osRtxPostProcess  RTX_CM3.lib(rtx_system.o)
    0x08000e90   0x08000e90   0x00000038   Code   RO         4302    .text.osRtxThreadBlock  RTX_CM3.lib(rtx_thread.o)
    0x08000ec8   0x08000ec8   0x00000080   Code   RO         4310    .text.osRtxThreadDelayInsert  RTX_CM3.lib(rtx_thread.o)
    0x08000f48   0x08000f48   0x00000040   Code   RO         4306    .text.osRtxThreadDelayRemove  RTX_CM3.lib(rtx_thread.o)
    0x08000f88   0x08000f88   0x00000054   Code   RO         4294    .text.osRtxThreadDelayTick  RTX_CM3.lib(rtx_thread.o)
    0x08000fdc   0x08000fdc   0x00000024   Code   RO         4394    .text.osRtxThreadDestroy  RTX_CM3.lib(rtx_thread.o)
    0x08001000   0x08001000   0x00000054   Code   RO         4300    .text.osRtxThreadDispatch  RTX_CM3.lib(rtx_thread.o)
    0x08001054   0x08001054   0x00000058   Code   RO         4386    .text.osRtxThreadFree  RTX_CM3.lib(rtx_thread.o)
    0x080010ac   0x080010ac   0x0000001e   Code   RO         4392    .text.osRtxThreadJoinWakeup  RTX_CM3.lib(rtx_thread.o)
    0x080010ca   0x080010ca   0x00000012   Code   RO         4286    .text.osRtxThreadListGet  RTX_CM3.lib(rtx_thread.o)
    0x080010dc   0x080010dc   0x0000002c   Code   RO         4284    .text.osRtxThreadListPut  RTX_CM3.lib(rtx_thread.o)
    0x08001108   0x08001108   0x00000014   Code   RO         4290    .text.osRtxThreadListRemove  RTX_CM3.lib(rtx_thread.o)
    0x0800111c   0x0800111c   0x00000026   Code   RO         4288    .text.osRtxThreadListSort  RTX_CM3.lib(rtx_thread.o)
    0x08001142   0x08001142   0x00000028   Code   RO         4360    .text.osRtxThreadPostProcess  RTX_CM3.lib(rtx_thread.o)
    0x0800116a   0x0800116a   0x00000002   PAD
    0x0800116c   0x0800116c   0x00000014   Code   RO         4292    .text.osRtxThreadReadyPut  RTX_CM3.lib(rtx_thread.o)
    0x08001180   0x08001180   0x00000006   Code   RO         4296    .text.osRtxThreadRegPtr  RTX_CM3.lib(rtx_thread.o)
    0x08001186   0x08001186   0x00000002   PAD
    0x08001188   0x08001188   0x0000003c   Code   RO         4312    .text.osRtxThreadStartup  RTX_CM3.lib(rtx_thread.o)
    0x080011c4   0x080011c4   0x00000010   Code   RO         4298    .text.osRtxThreadSwitch  RTX_CM3.lib(rtx_thread.o)
    0x080011d4   0x080011d4   0x0000003c   Code   RO         4308    .text.osRtxThreadWaitEnter  RTX_CM3.lib(rtx_thread.o)
    0x08001210   0x08001210   0x00000022   Code   RO         4304    .text.osRtxThreadWaitExit  RTX_CM3.lib(rtx_thread.o)
    0x08001232   0x08001232   0x00000002   PAD
    0x08001234   0x08001234   0x00000078   Code   RO         4641    .text.osRtxTick_Handler  RTX_CM3.lib(rtx_system.o)
    0x080012ac   0x080012ac   0x00000020   Code   RO         4428    .text.osRtxTimerSetup  RTX_CM3.lib(rtx_timer.o)
    0x080012cc   0x080012cc   0x00000020   Code   RO         4432    .text.osRtxTimerThread  RTX_CM3.lib(rtx_timer.o)
    0x080012ec   0x080012ec   0x00000070   Code   RO         4430    .text.osRtxTimerTick  RTX_CM3.lib(rtx_timer.o)
    0x0800135c   0x0800135c   0x0000000c   Code   RO         4344    .text.osThreadExit  RTX_CM3.lib(rtx_thread.o)
    0x08001368   0x08001368   0x00000024   Code   RO         4316    .text.osThreadNew   RTX_CM3.lib(rtx_thread.o)
    0x0800138c   0x0800138c   0x00000024   Code   RO         4334    .text.osThreadYield  RTX_CM3.lib(rtx_thread.o)
    0x080013b0   0x080013b0   0x00000024   Code   RO         4434    .text.osTimerNew    RTX_CM3.lib(rtx_timer.o)
    0x080013d4   0x080013d4   0x00000024   Code   RO         4438    .text.osTimerStart  RTX_CM3.lib(rtx_timer.o)
    0x080013f8   0x080013f8   0x00000024   Code   RO         4440    .text.osTimerStop   RTX_CM3.lib(rtx_timer.o)
    0x0800141c   0x0800141c   0x0000000c   Code   RO         4224    .text.svcRtxKernelGetState  RTX_CM3.lib(rtx_kernel.o)
    0x08001428   0x08001428   0x0000000c   Code   RO         4240    .text.svcRtxKernelGetTickCount  RTX_CM3.lib(rtx_kernel.o)
    0x08001434   0x08001434   0x00000100   Code   RO         4254    .text.svcRtxKernelInitialize  RTX_CM3.lib(rtx_kernel.o)
    0x08001534   0x08001534   0x0000008c   Code   RO         4256    .text.svcRtxKernelStart  RTX_CM3.lib(rtx_kernel.o)
    0x080015c0   0x080015c0   0x000000cc   Code   RO         4623    .text.svcRtxMessageQueueGet  RTX_CM3.lib(rtx_msgqueue.o)
    0x0800168c   0x0800168c   0x00000118   Code   RO         4581    .text.svcRtxMessageQueueNew  RTX_CM3.lib(rtx_msgqueue.o)
    0x080017a4   0x080017a4   0x000000ac   Code   RO         4619    .text.svcRtxMessageQueuePut  RTX_CM3.lib(rtx_msgqueue.o)
    0x08001850   0x08001850   0x00000090   Code   RO         4490    .text.svcRtxMutexAcquire  RTX_CM3.lib(rtx_mutex.o)
    0x080018e0   0x080018e0   0x000000b0   Code   RO         4496    .text.svcRtxMutexDelete  RTX_CM3.lib(rtx_mutex.o)
    0x08001990   0x08001990   0x00000068   Code   RO         4486    .text.svcRtxMutexNew  RTX_CM3.lib(rtx_mutex.o)
    0x080019f8   0x080019f8   0x000000b4   Code   RO         4492    .text.svcRtxMutexRelease  RTX_CM3.lib(rtx_mutex.o)
    0x08001aac   0x08001aac   0x0000004c   Code   RO         4390    .text.svcRtxThreadExit  RTX_CM3.lib(rtx_thread.o)
    0x08001af8   0x08001af8   0x000001ec   Code   RO         4314    .text.svcRtxThreadNew  RTX_CM3.lib(rtx_thread.o)
    0x08001ce4   0x08001ce4   0x00000038   Code   RO         4376    .text.svcRtxThreadYield  RTX_CM3.lib(rtx_thread.o)
    0x08001d1c   0x08001d1c   0x00000078   Code   RO         4448    .text.svcRtxTimerNew  RTX_CM3.lib(rtx_timer.o)
    0x08001d94   0x08001d94   0x00000048   Code   RO         4452    .text.svcRtxTimerStart  RTX_CM3.lib(rtx_timer.o)
    0x08001ddc   0x08001ddc   0x00000028   Code   RO         4456    .text.svcRtxTimerStop  RTX_CM3.lib(rtx_timer.o)
    0x08001e04   0x08001e04   0x00000004   Code   RO          163    i.BusFault_Handler  stm32f4xx_it.o
    0x08001e08   0x08001e08   0x00000034   Code   RO         1503    i.DMA_CalcBaseAndBitshift  stm32f4xx_hal_dma.o
    0x08001e3c   0x08001e3c   0x000000aa   Code   RO         1504    i.DMA_CheckFifoParam  stm32f4xx_hal_dma.o
    0x08001ee6   0x08001ee6   0x0000002c   Code   RO         1505    i.DMA_SetConfig     stm32f4xx_hal_dma.o
    0x08001f12   0x08001f12   0x00000002   Code   RO          164    i.DebugMon_Handler  stm32f4xx_it.o
    0x08001f14   0x08001f14   0x0000009c   Code   RO          606    i.Disable_SPI_Clock  spi_stm32f4xx.o
    0x08001fb0   0x08001fb0   0x000001d8   Code   RO          426    i.Enable_GPIO_Clock  i2c_stm32f4xx.o
    0x08002188   0x08002188   0x000001d8   Code   RO          607    i.Enable_GPIO_Clock  spi_stm32f4xx.o
    0x08002360   0x08002360   0x00000184   Code   RO          779    i.Enable_GPIO_Clock  usart_stm32f4xx.o
    0x080024e4   0x080024e4   0x0000010c   Code   RO          608    i.Enable_SPI_Clock  spi_stm32f4xx.o
    0x080025f0   0x080025f0   0x00000004   Code   RO            4    i.Error_Handler     main.o
    0x080025f4   0x080025f4   0x000000ac   Code   RO         1506    i.HAL_DMA_Abort     stm32f4xx_hal_dma.o
    0x080026a0   0x080026a0   0x00000028   Code   RO         1507    i.HAL_DMA_Abort_IT  stm32f4xx_hal_dma.o
    0x080026c8   0x080026c8   0x000000ec   Code   RO         1512    i.HAL_DMA_Init      stm32f4xx_hal_dma.o
    0x080027b4   0x080027b4   0x00000092   Code   RO         1516    i.HAL_DMA_Start_IT  stm32f4xx_hal_dma.o
    0x08002846   0x08002846   0x00000002   PAD
    0x08002848   0x08002848   0x00000028   Code   RO         1172    i.HAL_Delay         stm32f4xx_hal.o
    0x08002870   0x08002870   0x00000184   Code   RO         1650    i.HAL_GPIO_DeInit   stm32f4xx_hal_gpio.o
    0x080029f4   0x080029f4   0x00000210   Code   RO         1653    i.HAL_GPIO_Init     stm32f4xx_hal_gpio.o
    0x08002c04   0x08002c04   0x00000010   Code   RO         1655    i.HAL_GPIO_ReadPin  stm32f4xx_hal_gpio.o
    0x08002c14   0x08002c14   0x00000014   Code   RO         1656    i.HAL_GPIO_TogglePin  stm32f4xx_hal_gpio.o
    0x08002c28   0x08002c28   0x0000000c   Code   RO         1657    i.HAL_GPIO_WritePin  stm32f4xx_hal_gpio.o
    0x08002c34   0x08002c34   0x0000000c   Code   RO         1179    i.HAL_GetREVID      stm32f4xx_hal.o
    0x08002c40   0x08002c40   0x0000004c   Code   RO            5    i.HAL_GetTick       main.o
    0x08002c8c   0x08002c8c   0x00000030   Code   RO         1187    i.HAL_Init          stm32f4xx_hal.o
    0x08002cbc   0x08002cbc   0x0000004c   Code   RO         1188    i.HAL_InitTick      stm32f4xx_hal.o
    0x08002d08   0x08002d08   0x00000002   Code   RO         1190    i.HAL_MspInit       stm32f4xx_hal.o
    0x08002d0a   0x08002d0a   0x00000002   PAD
    0x08002d0c   0x08002d0c   0x00000024   Code   RO         1366    i.HAL_NVIC_ClearPendingIRQ  stm32f4xx_hal_cortex.o
    0x08002d30   0x08002d30   0x0000002c   Code   RO         1367    i.HAL_NVIC_DisableIRQ  stm32f4xx_hal_cortex.o
    0x08002d5c   0x08002d5c   0x00000028   Code   RO         1368    i.HAL_NVIC_EnableIRQ  stm32f4xx_hal_cortex.o
    0x08002d84   0x08002d84   0x0000007c   Code   RO         1374    i.HAL_NVIC_SetPriority  stm32f4xx_hal_cortex.o
    0x08002e00   0x08002e00   0x00000028   Code   RO         1375    i.HAL_NVIC_SetPriorityGrouping  stm32f4xx_hal_cortex.o
    0x08002e28   0x08002e28   0x00000184   Code   RO         2411    i.HAL_RCC_ClockConfig  stm32f4xx_hal_rcc.o
    0x08002fac   0x08002fac   0x0000000c   Code   RO         2416    i.HAL_RCC_GetHCLKFreq  stm32f4xx_hal_rcc.o
    0x08002fb8   0x08002fb8   0x00000020   Code   RO         2418    i.HAL_RCC_GetPCLK1Freq  stm32f4xx_hal_rcc.o
    0x08002fd8   0x08002fd8   0x00000020   Code   RO         2419    i.HAL_RCC_GetPCLK2Freq  stm32f4xx_hal_rcc.o
    0x08002ff8   0x08002ff8   0x000000b0   Code   RO         2420    i.HAL_RCC_GetSysClockFreq  stm32f4xx_hal_rcc.o
    0x080030a8   0x080030a8   0x0000049c   Code   RO         2423    i.HAL_RCC_OscConfig  stm32f4xx_hal_rcc.o
    0x08003544   0x08003544   0x00000034   Code   RO         1379    i.HAL_SYSTICK_Config  stm32f4xx_hal_cortex.o
    0x08003578   0x08003578   0x00000004   Code   RO          165    i.HardFault_Handler  stm32f4xx_it.o
    0x0800357c   0x0800357c   0x00000018   Code   RO          427    i.I2C1_Control      i2c_stm32f4xx.o
    0x08003594   0x08003594   0x00000010   Code   RO          428    i.I2C1_ER_IRQHandler  i2c_stm32f4xx.o
    0x080035a4   0x080035a4   0x00000010   Code   RO          429    i.I2C1_EV_IRQHandler  i2c_stm32f4xx.o
    0x080035b4   0x080035b4   0x00000010   Code   RO          430    i.I2C1_GetDataCount  i2c_stm32f4xx.o
    0x080035c4   0x080035c4   0x00000010   Code   RO          431    i.I2C1_GetStatus    i2c_stm32f4xx.o
    0x080035d4   0x080035d4   0x00000014   Code   RO          432    i.I2C1_Initialize   i2c_stm32f4xx.o
    0x080035e8   0x080035e8   0x00000020   Code   RO          433    i.I2C1_MasterReceive  i2c_stm32f4xx.o
    0x08003608   0x08003608   0x00000020   Code   RO          434    i.I2C1_MasterTransmit  i2c_stm32f4xx.o
    0x08003628   0x08003628   0x00000014   Code   RO          435    i.I2C1_PowerControl  i2c_stm32f4xx.o
    0x0800363c   0x0800363c   0x00000018   Code   RO          436    i.I2C1_SlaveReceive  i2c_stm32f4xx.o
    0x08003654   0x08003654   0x00000018   Code   RO          437    i.I2C1_SlaveTransmit  i2c_stm32f4xx.o
    0x0800366c   0x0800366c   0x00000010   Code   RO          438    i.I2C1_Uninitialize  i2c_stm32f4xx.o
    0x0800367c   0x0800367c   0x0000000c   Code   RO          439    i.I2CX_GetCapabilities  i2c_stm32f4xx.o
    0x08003688   0x08003688   0x00000010   Code   RO          440    i.I2CX_GetVersion   i2c_stm32f4xx.o
    0x08003698   0x08003698   0x0000034c   Code   RO          441    i.I2C_Control       i2c_stm32f4xx.o
    0x080039e4   0x080039e4   0x00000206   Code   RO          442    i.I2C_ER_IRQHandler  i2c_stm32f4xx.o
    0x08003bea   0x08003bea   0x000006bc   Code   RO          443    i.I2C_EV_IRQHandler  i2c_stm32f4xx.o
    0x080042a6   0x080042a6   0x00000034   Code   RO          444    i.I2C_GetDataCount  i2c_stm32f4xx.o
    0x080042da   0x080042da   0x00000008   Code   RO          445    i.I2C_GetStatus     i2c_stm32f4xx.o
    0x080042e2   0x080042e2   0x00000002   PAD
    0x080042e4   0x080042e4   0x000001c0   Code   RO          446    i.I2C_Initialize    i2c_stm32f4xx.o
    0x080044a4   0x080044a4   0x00000144   Code   RO          447    i.I2C_MasterReceive  i2c_stm32f4xx.o
    0x080045e8   0x080045e8   0x0000012a   Code   RO          448    i.I2C_MasterTransmit  i2c_stm32f4xx.o
    0x08004712   0x08004712   0x00000002   PAD
    0x08004714   0x08004714   0x00000298   Code   RO          449    i.I2C_PowerControl  i2c_stm32f4xx.o
    0x080049ac   0x080049ac   0x00000088   Code   RO          450    i.I2C_SlaveReceive  i2c_stm32f4xx.o
    0x08004a34   0x08004a34   0x00000088   Code   RO          451    i.I2C_SlaveTransmit  i2c_stm32f4xx.o
    0x08004abc   0x08004abc   0x00000034   Code   RO          452    i.I2C_Uninitialize  i2c_stm32f4xx.o
    0x08004af0   0x08004af0   0x00000028   Code   RO          220    i.Init_Th_clock     clock.o
    0x08004b18   0x08004b18   0x00000028   Code   RO          221    i.Init_Th_clock_test  clock.o
    0x08004b40   0x08004b40   0x00000004   Code   RO          166    i.MemManage_Handler  stm32f4xx_it.o
    0x08004b44   0x08004b44   0x00000002   Code   RO          167    i.NMI_Handler       stm32f4xx_it.o
    0x08004b46   0x08004b46   0x00000002   PAD
    0x08004b48   0x08004b48   0x00000018   Code   RO          609    i.SPI1_Control      spi_stm32f4xx.o
    0x08004b60   0x08004b60   0x00000010   Code   RO          610    i.SPI1_GetDataCount  spi_stm32f4xx.o
    0x08004b70   0x08004b70   0x00000010   Code   RO          611    i.SPI1_GetStatus    spi_stm32f4xx.o
    0x08004b80   0x08004b80   0x00000010   Code   RO          612    i.SPI1_IRQHandler   spi_stm32f4xx.o
    0x08004b90   0x08004b90   0x00000014   Code   RO          613    i.SPI1_Initialize   spi_stm32f4xx.o
    0x08004ba4   0x08004ba4   0x00000014   Code   RO          614    i.SPI1_PowerControl  spi_stm32f4xx.o
    0x08004bb8   0x08004bb8   0x00000018   Code   RO          615    i.SPI1_Receive      spi_stm32f4xx.o
    0x08004bd0   0x08004bd0   0x00000018   Code   RO          616    i.SPI1_Send         spi_stm32f4xx.o
    0x08004be8   0x08004be8   0x0000001c   Code   RO          617    i.SPI1_Transfer     spi_stm32f4xx.o
    0x08004c04   0x08004c04   0x00000010   Code   RO          618    i.SPI1_Uninitialize  spi_stm32f4xx.o
    0x08004c14   0x08004c14   0x0000000c   Code   RO          619    i.SPIX_GetCapabilities  spi_stm32f4xx.o
    0x08004c20   0x08004c20   0x00000010   Code   RO          620    i.SPIX_GetVersion   spi_stm32f4xx.o
    0x08004c30   0x08004c30   0x000005de   Code   RO          621    i.SPI_Control       spi_stm32f4xx.o
    0x0800520e   0x0800520e   0x00000008   Code   RO          622    i.SPI_GetDataCount  spi_stm32f4xx.o
    0x08005216   0x08005216   0x0000002c   Code   RO          623    i.SPI_GetStatus     spi_stm32f4xx.o
    0x08005242   0x08005242   0x00000112   Code   RO          624    i.SPI_IRQHandler    spi_stm32f4xx.o
    0x08005354   0x08005354   0x000000d4   Code   RO          625    i.SPI_Initialize    spi_stm32f4xx.o
    0x08005428   0x08005428   0x00000124   Code   RO          626    i.SPI_PeripheralReset  spi_stm32f4xx.o
    0x0800554c   0x0800554c   0x0000010c   Code   RO          627    i.SPI_PowerControl  spi_stm32f4xx.o
    0x08005658   0x08005658   0x00000094   Code   RO          628    i.SPI_Receive       spi_stm32f4xx.o
    0x080056ec   0x080056ec   0x00000058   Code   RO          629    i.SPI_RxData        spi_stm32f4xx.o
    0x08005744   0x08005744   0x00000094   Code   RO          630    i.SPI_Send          spi_stm32f4xx.o
    0x080057d8   0x080057d8   0x00000082   Code   RO          631    i.SPI_Transfer      spi_stm32f4xx.o
    0x0800585a   0x0800585a   0x00000054   Code   RO          632    i.SPI_TxData        spi_stm32f4xx.o
    0x080058ae   0x080058ae   0x00000066   Code   RO          633    i.SPI_Uninitialize  spi_stm32f4xx.o
    0x08005914   0x08005914   0x000000c0   Code   RO            6    i.SystemClock_Config  main.o
    0x080059d4   0x080059d4   0x000000c0   Code   RO         4177    i.SystemCoreClockUpdate  system_stm32f4xx.o
    0x08005a94   0x08005a94   0x00000010   Code   RO         4178    i.SystemInit        system_stm32f4xx.o
    0x08005aa4   0x08005aa4   0x00000038   Code   RO          222    i.Th_clock          clock.o
    0x08005adc   0x08005adc   0x00000038   Code   RO          223    i.Th_clock_test     clock.o
    0x08005b14   0x08005b14   0x00000028   Code   RO          224    i.Timer_Callback    clock.o
    0x08005b3c   0x08005b3c   0x00000018   Code   RO          780    i.USART3_Control    usart_stm32f4xx.o
    0x08005b54   0x08005b54   0x00000010   Code   RO          781    i.USART3_GetCapabilities  usart_stm32f4xx.o
    0x08005b64   0x08005b64   0x00000010   Code   RO          782    i.USART3_GetModemStatus  usart_stm32f4xx.o
    0x08005b74   0x08005b74   0x00000010   Code   RO          783    i.USART3_GetRxCount  usart_stm32f4xx.o
    0x08005b84   0x08005b84   0x00000010   Code   RO          784    i.USART3_GetStatus  usart_stm32f4xx.o
    0x08005b94   0x08005b94   0x00000010   Code   RO          785    i.USART3_GetTxCount  usart_stm32f4xx.o
    0x08005ba4   0x08005ba4   0x00000010   Code   RO          786    i.USART3_IRQHandler  usart_stm32f4xx.o
    0x08005bb4   0x08005bb4   0x00000014   Code   RO          787    i.USART3_Initialize  usart_stm32f4xx.o
    0x08005bc8   0x08005bc8   0x00000014   Code   RO          788    i.USART3_PowerControl  usart_stm32f4xx.o
    0x08005bdc   0x08005bdc   0x00000018   Code   RO          789    i.USART3_Receive    usart_stm32f4xx.o
    0x08005bf4   0x08005bf4   0x00000018   Code   RO          790    i.USART3_Send       usart_stm32f4xx.o
    0x08005c0c   0x08005c0c   0x00000014   Code   RO          791    i.USART3_SetModemControl  usart_stm32f4xx.o
    0x08005c20   0x08005c20   0x0000001c   Code   RO          792    i.USART3_Transfer   usart_stm32f4xx.o
    0x08005c3c   0x08005c3c   0x00000010   Code   RO          793    i.USART3_Uninitialize  usart_stm32f4xx.o
    0x08005c4c   0x08005c4c   0x00000a1a   Code   RO          794    i.USART_Control     usart_stm32f4xx.o
    0x08006666   0x08006666   0x00000006   Code   RO          795    i.USART_GetCapabilities  usart_stm32f4xx.o
    0x0800666c   0x0800666c   0x00000052   Code   RO          796    i.USART_GetModemStatus  usart_stm32f4xx.o
    0x080066be   0x080066be   0x00000008   Code   RO          797    i.USART_GetRxCount  usart_stm32f4xx.o
    0x080066c6   0x080066c6   0x00000088   Code   RO          798    i.USART_GetStatus   usart_stm32f4xx.o
    0x0800674e   0x0800674e   0x00000008   Code   RO          799    i.USART_GetTxCount  usart_stm32f4xx.o
    0x08006756   0x08006756   0x000002b2   Code   RO          800    i.USART_IRQHandler  usart_stm32f4xx.o
    0x08006a08   0x08006a08   0x00000092   Code   RO          801    i.USART_Initialize  usart_stm32f4xx.o
    0x08006a9a   0x08006a9a   0x00000002   PAD
    0x08006a9c   0x08006a9c   0x0000019c   Code   RO          802    i.USART_PeripheralReset  usart_stm32f4xx.o
    0x08006c38   0x08006c38   0x0000037c   Code   RO          803    i.USART_PowerControl  usart_stm32f4xx.o
    0x08006fb4   0x08006fb4   0x000000a2   Code   RO          804    i.USART_Receive     usart_stm32f4xx.o
    0x08007056   0x08007056   0x00000066   Code   RO          805    i.USART_Send        usart_stm32f4xx.o
    0x080070bc   0x080070bc   0x0000008c   Code   RO          806    i.USART_SetModemControl  usart_stm32f4xx.o
    0x08007148   0x08007148   0x0000006a   Code   RO          807    i.USART_Transfer    usart_stm32f4xx.o
    0x080071b2   0x080071b2   0x0000007c   Code   RO          808    i.USART_Uninitialize  usart_stm32f4xx.o
    0x0800722e   0x0800722e   0x00000002   PAD
    0x08007230   0x08007230   0x00000010   Code   RO          809    i.USARTx_GetVersion  usart_stm32f4xx.o
    0x08007240   0x08007240   0x00000004   Code   RO          168    i.UsageFault_Handler  stm32f4xx_it.o
    0x08007244   0x08007244   0x00000010   Code   RO         1381    i.__NVIC_GetPriorityGrouping  stm32f4xx_hal_cortex.o
    0x08007254   0x08007254   0x00000028   Code   RO         1382    i.__NVIC_SetPriority  stm32f4xx_hal_cortex.o
    0x0800727c   0x0800727c   0x00000016   Code   RO          302    i._mutex_acquire    rtx_lib.o
    0x08007292   0x08007292   0x0000000c   Code   RO          303    i._mutex_free       rtx_lib.o
    0x0800729e   0x0800729e   0x00000022   Code   RO          304    i._mutex_initialize  rtx_lib.o
    0x080072c0   0x080072c0   0x00000012   Code   RO          305    i._mutex_release    rtx_lib.o
    0x080072d2   0x080072d2   0x00000008   Code   RO          306    i._platform_post_stackheap_init  rtx_lib.o
    0x080072da   0x080072da   0x00000002   PAD
    0x080072dc   0x080072dc   0x00000050   Code   RO          225    i.led_init          clock.o
    0x0800732c   0x0800732c   0x0000001c   Code   RO            7    i.main              main.o
    0x08007348   0x08007348   0x00000016   Code   RO          226    i.multiple_to_sec   clock.o
    0x0800735e   0x0800735e   0x00000020   Code   RO          392    i.osRtxErrorNotify  rtx_config.o
    0x0800737e   0x0800737e   0x00000004   Code   RO          393    i.osRtxIdleThread   rtx_config.o
    0x08007382   0x08007382   0x00000002   PAD
    0x08007384   0x08007384   0x00000020   Code   RO          307    i.os_kernel_is_active  rtx_lib.o
    0x080073a4   0x080073a4   0x00000034   Code   RO          228    i.set_clock         clock.o
    0x080073d8   0x080073d8   0x00000068   Data   RO          315    .constdata          rtx_lib.o
    0x08007440   0x08007440   0x00000068   Data   RO          454    .constdata          i2c_stm32f4xx.o
    0x080074a8   0x080074a8   0x00000080   Data   RO          635    .constdata          spi_stm32f4xx.o
    0x08007528   0x08007528   0x00000088   Data   RO          811    .constdata          usart_stm32f4xx.o
    0x080075b0   0x080075b0   0x00000018   Data   RO          983    .constdata          eventrecorder.o
    0x080075c8   0x080075c8   0x00000008   Data   RO         1518    .constdata          stm32f4xx_hal_dma.o
    0x080075d0   0x080075d0   0x00000018   Data   RO         4179    .constdata          system_stm32f4xx.o
    0x080075e8   0x080075e8   0x000000a8   Data   RO          317    .rodata             rtx_lib.o
    0x08007690   0x08007690   0x00000001   Data   RO         4506    .rodata             RTX_CM3.lib(irq_armv7m.o)
    0x08007691   0x08007691   0x00000003   PAD
    0x08007694   0x08007694   0x0000000b   Data   RO         4274    .rodata.str1.4      RTX_CM3.lib(rtx_kernel.o)
    0x0800769f   0x0800769f   0x00000001   PAD
    0x080076a0   0x080076a0   0x00000020   Data   RO         4862    Region$$Table       anon$$obj.o


    Execution Region RW_IRAM1 (Exec base: 0x20000000, Load base: 0x080076c0, Size: 0x000091e8, Max: 0x00030000, ABSOLUTE, COMPRESSED[0x00000120])

    Exec Addr    Load Addr    Size         Type   Attr      Idx    E Section Name        Object

    0x20000000   COMPRESSED   0x00008040   Data   RW          308    .bss.os             rtx_lib.o
    0x20008040   COMPRESSED   0x00000034   Data   RW          310    .bss.os.msgqueue.cb  rtx_lib.o
    0x20008074   COMPRESSED   0x00000050   Data   RW          311    .bss.os.msgqueue.mem  rtx_lib.o
    0x200080c4   COMPRESSED   0x00000088   Data   RW          312    .bss.os.thread.cb   rtx_lib.o
    0x2000814c   COMPRESSED   0x00000004   PAD
    0x20008150   COMPRESSED   0x00000200   Data   RW          313    .bss.os.thread.idle.stack  rtx_lib.o
    0x20008350   COMPRESSED   0x00000200   Data   RW          314    .bss.os.thread.timer.stack  rtx_lib.o
    0x20008550   COMPRESSED   0x00000004   Data   RW            8    .data               main.o
    0x20008554   COMPRESSED   0x00000010   Data   RW          230    .data               clock.o
    0x20008564   COMPRESSED   0x00000001   Data   RW          316    .data               rtx_lib.o
    0x20008565   COMPRESSED   0x00000003   PAD
    0x20008568   COMPRESSED   0x00000009   Data   RW         1194    .data               stm32f4xx_hal.o
    0x20008571   COMPRESSED   0x00000003   PAD
    0x20008574   COMPRESSED   0x00000004   Data   RW         4180    .data               system_stm32f4xx.o
    0x20008578   COMPRESSED   0x000000a4   Data   RW         4275    .data.os            RTX_CM3.lib(rtx_kernel.o)
    0x2000861c        -       0x00000014   Zero   RW          229    .bss                clock.o
    0x20008630        -       0x00000028   Zero   RW          453    .bss                i2c_stm32f4xx.o
    0x20008658        -       0x0000002c   Zero   RW          634    .bss                spi_stm32f4xx.o
    0x20008684        -       0x00000038   Zero   RW          810    .bss                usart_stm32f4xx.o
    0x200086bc        -       0x00000060   Zero   RW         4734    .bss                c_w.l(libspace.o)
    0x2000871c   COMPRESSED   0x00000024   PAD
    0x20008740        -       0x000004a4   Zero   RW          982    .bss.noinit         eventrecorder.o
    0x20008be4        -       0x00000001   Zero   RW         4673    .bss.os             RTX_CM3.lib(os_systick.o)
    0x20008be5   COMPRESSED   0x00000003   PAD
    0x20008be8        -       0x00000200   Zero   RW         4168    HEAP                startup_stm32f429xx.o
    0x20008de8        -       0x00000400   Zero   RW         4167    STACK               startup_stm32f429xx.o


==============================================================================

Image component sizes


      Code (inc. data)   RO Data    RW Data    ZI Data      Debug   Object Name

       386         64          0         16         20       8241   clock.o
         0          0         24          0       1188       4008   eventrecorder.o
      5960        174        104          0         40      28184   i2c_stm32f4xx.o
       300         24          0          4          0     712877   main.o
        36          6          0          0          0        989   rtx_config.o
       126          4        272      34125          0      13010   rtx_lib.o
      4428        210        128          0         44      58495   spi_stm32f4xx.o
        64         26        428          0       1536        828   startup_stm32f429xx.o
       178         24          0          9          0       9930   stm32f4xx_hal.o
       392         34          0          0          0      36488   stm32f4xx_hal_cortex.o
       860         10          8          0          0       6385   stm32f4xx_hal_dma.o
       964        102          0          0          0       4622   stm32f4xx_hal_gpio.o
      1820         84          0          0          0       5924   stm32f4xx_hal_rcc.o
        20          0          0          0          0       2425   stm32f4xx_it.o
       208         28         24          4          0       1923   system_stm32f4xx.o
      6276        246        136          0         56      34903   usart_stm32f4xx.o

    ----------------------------------------------------------------------
     22036       1036       1156      34168       2884     929232   Object Totals
         0          0         32          0          0          0   (incl. Generated)
        18          0          0         10          0          0   (incl. Padding)

    ----------------------------------------------------------------------

      Code (inc. data)   RO Data    RW Data    ZI Data      Debug   Library Member Name

       148          8          1          0          0        591   irq_armv7m.o
       126         32          0          0          1       3196   os_systick.o
       612         60         11        164          0      16781   rtx_kernel.o
       228          0          0          0          0       2590   rtx_memory.o
       188          0          0          0          0      16188   rtx_mempool.o
      1304         32          0          0          0      18765   rtx_msgqueue.o
       892         32          0          0          0      10068   rtx_mutex.o
       376         26          0          0          0       5444   rtx_system.o
      1740         92          0          0          0      32441   rtx_thread.o
       628         40          0          0          0      10433   rtx_timer.o
        58          0          0          0          0          0   __dczerorl.o
         8          0          0          0          0         68   __main.o
         0          0          0          0          0          0   __rtentry.o
        20          0          0          0          0          0   __rtentry2.o
         6          0          0          0          0          0   __rtentry4.o
        52          8          0          0          0          0   __scatter.o
        28          0          0          0          0          0   __scatter_zi.o
        18          0          0          0          0         80   exit.o
         6          0          0          0          0        152   heapauxi.o
         0          0          0          0          0          0   indicate_semi.o
         2          0          0          0          0          0   libinit.o
         2          0          0          0          0          0   libinit2.o
         2          0          0          0          0          0   libshutdown.o
         2          0          0          0          0          0   libshutdown2.o
         8          4          0          0         96         68   libspace.o
       238          0          0          0          0        100   lludivv7m.o
        68          0          0          0          0         68   rt_memclr.o
        78          0          0          0          0         80   rt_memclr_w.o
       138          0          0          0          0         68   rt_memcpy_v6.o
       100          0          0          0          0         80   rt_memcpy_w.o
         2          0          0          0          0          0   rtexit.o
        10          0          0          0          0          0   rtexit2.o
        12          4          0          0          0         68   sys_exit.o
        74          0          0          0          0         80   sys_stackheap_outer.o
         2          0          0          0          0         68   use_no_semi.o

    ----------------------------------------------------------------------
      7192        338         16        164        136     117477   Library Totals
        16          0          4          0         39          0   (incl. Padding)

    ----------------------------------------------------------------------

      Code (inc. data)   RO Data    RW Data    ZI Data      Debug   Library Name

      6242        322         12        164          1     116497   RTX_CM3.lib
       934         16          0          0         96        980   c_w.l

    ----------------------------------------------------------------------
      7192        338         16        164        136     117477   Library Totals

    ----------------------------------------------------------------------

==============================================================================


      Code (inc. data)   RO Data    RW Data    ZI Data      Debug   

     29228       1374       1172      34332       3020    1038849   Grand Totals
     29228       1374       1172        288       3020    1038849   ELF Image Totals (compressed)
     29228       1374       1172        288          0          0   ROM Totals

==============================================================================

    Total RO  Size (Code + RO Data)                30400 (  29.69kB)
    Total RW  Size (RW Data + ZI Data)             37352 (  36.48kB)
    Total ROM Size (Code + RO Data + RW Data)      30688 (  29.97kB)

==============================================================================

