Component: ARM Compiler 5.06 update 7 (build 960) Tool: armlink [4d3601]

==============================================================================

Section Cross References

    main.o(i.HAL_GetTick) refers to rtx_kernel.o(.text.osKernelGetState) for osKernelGetState
    main.o(i.HAL_GetTick) refers to rtx_kernel.o(.text.osKernelGetTickCount) for osKernelGetTickCount
    main.o(i.HAL_GetTick) refers to system_stm32f4xx.o(.data) for SystemCoreClock
    main.o(i.HAL_GetTick) refers to main.o(.data) for ticks
    main.o(i.Init_Led) refers to stm32f4xx_hal_gpio.o(i.HAL_GPIO_Init) for HAL_GPIO_Init
    main.o(i.Init_Led) refers to main.o(.bss) for GPIO_InitStruct
    main.o(i.SystemClock_Config) refers to stm32f4xx_hal_rcc.o(i.HAL_RCC_OscConfig) for HAL_RCC_OscConfig
    main.o(i.SystemClock_Config) refers to main.o(i.Error_Handler) for Error_Handler
    main.o(i.SystemClock_Config) refers to stm32f4xx_hal_rcc.o(i.HAL_RCC_ClockConfig) for HAL_RCC_ClockConfig
    main.o(i.SystemClock_Config) refers to stm32f4xx_hal.o(i.HAL_GetREVID) for HAL_GetREVID
    main.o(i.main) refers to stm32f4xx_hal.o(i.HAL_Init) for HAL_Init
    main.o(i.main) refers to main.o(i.SystemClock_Config) for SystemClock_Config
    main.o(i.main) refers to system_stm32f4xx.o(i.SystemCoreClockUpdate) for SystemCoreClockUpdate
    main.o(i.main) refers to rtx_kernel.o(.text.osKernelInitialize) for osKernelInitialize
    main.o(i.main) refers to main.o(i.Init_Led) for Init_Led
    main.o(i.main) refers to thled1.o(i.Init_ThLed1) for Init_ThLed1
    main.o(i.main) refers to thled2.o(i.Init_ThLed2) for Init_ThLed2
    main.o(i.main) refers to thled3.o(i.Init_ThLed3) for Init_ThLed3
    main.o(i.main) refers to rtx_kernel.o(.text.osKernelStart) for osKernelStart
    thled1.o(i.Init_ThLed1) refers to rtx_thread.o(.text.osThreadNew) for osThreadNew
    thled1.o(i.Init_ThLed1) refers to thled1.o(i.ThLed1) for ThLed1
    thled1.o(i.Init_ThLed1) refers to thled1.o(.data) for tid_ThLed1
    thled1.o(i.ThLed1) refers to stm32f4xx_hal_gpio.o(i.HAL_GPIO_WritePin) for HAL_GPIO_WritePin
    thled1.o(i.ThLed1) refers to rtx_delay.o(.text.osDelay) for osDelay
    thled1.o(i.ThLed1) refers to rtx_thread.o(.text.osThreadFlagsSet) for osThreadFlagsSet
    thled1.o(i.ThLed1) refers to rtx_thread.o(.text.osThreadYield) for osThreadYield
    thled1.o(i.ThLed1) refers to thled1.o(.data) for ciclosLed1
    thled1.o(i.ThLed1) refers to thled2.o(.data) for tid_ThLed2
    thled2.o(i.Init_ThLed2) refers to rtx_thread.o(.text.osThreadNew) for osThreadNew
    thled2.o(i.Init_ThLed2) refers to thled2.o(i.ThLed2) for ThLed2
    thled2.o(i.Init_ThLed2) refers to thled2.o(.data) for tid_ThLed2
    thled2.o(i.ThLed2) refers to rtx_thread.o(.text.osThreadFlagsWait) for osThreadFlagsWait
    thled2.o(i.ThLed2) refers to stm32f4xx_hal_gpio.o(i.HAL_GPIO_WritePin) for HAL_GPIO_WritePin
    thled2.o(i.ThLed2) refers to rtx_delay.o(.text.osDelay) for osDelay
    thled2.o(i.ThLed2) refers to rtx_thread.o(.text.osThreadFlagsSet) for osThreadFlagsSet
    thled2.o(i.ThLed2) refers to rtx_thread.o(.text.osThreadYield) for osThreadYield
    thled2.o(i.ThLed2) refers to thled2.o(.data) for ciclosLed2
    thled2.o(i.ThLed2) refers to thled3.o(.data) for tid_ThLed3
    thled3.o(i.Init_ThLed3) refers to rtx_thread.o(.text.osThreadNew) for osThreadNew
    thled3.o(i.Init_ThLed3) refers to thled3.o(i.ThLed3) for ThLed3
    thled3.o(i.Init_ThLed3) refers to thled3.o(.data) for tid_ThLed3
    thled3.o(i.ThLed3) refers to rtx_thread.o(.text.osThreadFlagsWait) for osThreadFlagsWait
    thled3.o(i.ThLed3) refers to stm32f4xx_hal_gpio.o(i.HAL_GPIO_WritePin) for HAL_GPIO_WritePin
    thled3.o(i.ThLed3) refers to rtx_delay.o(.text.osDelay) for osDelay
    thled3.o(i.ThLed3) refers to rtx_thread.o(.text.osThreadFlagsSet) for osThreadFlagsSet
    thled3.o(i.ThLed3) refers to rtx_thread.o(.text.osThreadYield) for osThreadYield
    thled3.o(i.ThLed3) refers to thled3.o(.data) for ciclosLed3
    thled3.o(i.ThLed3) refers to thled2.o(.data) for tid_ThLed2
    rtx_lib.o(i.__user_perthread_libspace) refers to rtx_lib.o(i.os_kernel_is_active) for os_kernel_is_active
    rtx_lib.o(i.__user_perthread_libspace) refers to rtx_thread.o(.text.osThreadGetId) for osThreadGetId
    rtx_lib.o(i.__user_perthread_libspace) refers to rtx_config.o(i.osRtxErrorNotify) for osRtxErrorNotify
    rtx_lib.o(i.__user_perthread_libspace) refers to rtx_lib.o(.bss.os.libspace) for os_libspace_id
    rtx_lib.o(i._mutex_acquire) refers to rtx_lib.o(i.os_kernel_is_active) for os_kernel_is_active
    rtx_lib.o(i._mutex_acquire) refers to rtx_mutex.o(.text.osMutexAcquire) for osMutexAcquire
    rtx_lib.o(i._mutex_free) refers to rtx_mutex.o(.text.osMutexDelete) for osMutexDelete
    rtx_lib.o(i._mutex_initialize) refers to rtx_mutex.o(.text.osMutexNew) for osMutexNew
    rtx_lib.o(i._mutex_initialize) refers to rtx_config.o(i.osRtxErrorNotify) for osRtxErrorNotify
[...]
    __arm_cp.1_2                             0x08000768   Number         4  os_systick.o(.text.OS_Tick_Enable)
    [Anonymous Symbol]                       0x0800076c   Section        0  os_systick.o(.text.OS_Tick_GetIRQn)
    [Anonymous Symbol]                       0x08000774   Section        0  os_systick.o(.text.OS_Tick_Setup)
    __arm_cp.0_0                             0x080007a4   Number         4  os_systick.o(.text.OS_Tick_Setup)
    __arm_cp.0_1                             0x080007a8   Number         4  os_systick.o(.text.OS_Tick_Setup)
    __arm_cp.0_2                             0x080007ac   Number         4  os_systick.o(.text.OS_Tick_Setup)
    __arm_cp.0_3                             0x080007b0   Number         4  os_systick.o(.text.OS_Tick_Setup)
    [Anonymous Symbol]                       0x080007b4   Section        0  rtx_thread.o(.text.ThreadFlagsCheck)
    ThreadFlagsCheck                         0x080007b5   Thumb Code   110  rtx_thread.o(.text.ThreadFlagsCheck)
    [Anonymous Symbol]                       0x08000824   Section        0  rtx_timer.o(.text.TimerInsert)
    TimerInsert                              0x08000825   Thumb Code    72  rtx_timer.o(.text.TimerInsert)
    __arm_cp.8_0                             0x08000868   Number         4  rtx_timer.o(.text.TimerInsert)
    [Anonymous Symbol]                       0x0800086c   Section        0  rtx_delay.o(.text.osDelay)
    __arm_cp.0_0                             0x0800088c   Number         4  rtx_delay.o(.text.osDelay)
    [Anonymous Symbol]                       0x08000890   Section        0  rtx_kernel.o(.text.osKernelGetState)
    __arm_cp.4_0                             0x080008b8   Number         4  rtx_kernel.o(.text.osKernelGetState)
    __arm_cp.4_1                             0x080008bc   Number         4  rtx_kernel.o(.text.osKernelGetState)
    [Anonymous Symbol]                       0x080008c0   Section        0  rtx_kernel.o(.text.osKernelGetTickCount)
    __arm_cp.12_0                            0x080008e0   Number         4  rtx_kernel.o(.text.osKernelGetTickCount)
    __arm_cp.12_1                            0x080008e4   Number         4  rtx_kernel.o(.text.osKernelGetTickCount)
    [Anonymous Symbol]                       0x080008e8   Section        0  rtx_kernel.o(.text.osKernelInitialize)
    __arm_cp.1_0                             0x08000910   Number         4  rtx_kernel.o(.text.osKernelInitialize)
    [Anonymous Symbol]                       0x08000914   Section        0  rtx_kernel.o(.text.osKernelStart)
    __arm_cp.6_0                             0x08000934   Number         4  rtx_kernel.o(.text.osKernelStart)
    [Anonymous Symbol]                       0x08000938   Section        0  rtx_msgqueue.o(.text.osMessageQueueGet)
    __arm_cp.3_0                             0x080009a0   Number         4  rtx_msgqueue.o(.text.osMessageQueueGet)
    [Anonymous Symbol]                       0x080009a4   Section        0  rtx_msgqueue.o(.text.osMessageQueueNew)
    __arm_cp.0_0                             0x080009c4   Number         4  rtx_msgqueue.o(.text.osMessageQueueNew)
    [Anonymous Symbol]                       0x080009c8   Section        0  rtx_msgqueue.o(.text.osMessageQueuePut)
    __arm_cp.2_0                             0x08000a3c   Number         4  rtx_msgqueue.o(.text.osMessageQueuePut)
    [Anonymous Symbol]                       0x08000a40   Section        0  rtx_mutex.o(.text.osMutexAcquire)
    __arm_cp.4_0                             0x08000a60   Number         4  rtx_mutex.o(.text.osMutexAcquire)
    [Anonymous Symbol]                       0x08000a64   Section        0  rtx_mutex.o(.text.osMutexDelete)
    __arm_cp.7_0                             0x08000a84   Number         4  rtx_mutex.o(.text.osMutexDelete)
    [Anonymous Symbol]                       0x08000a88   Section        0  rtx_mutex.o(.text.osMutexNew)
    __arm_cp.2_0                             0x08000aa8   Number         4  rtx_mutex.o(.text.osMutexNew)
    [Anonymous Symbol]                       0x08000aac   Section        0  rtx_mutex.o(.text.osMutexRelease)
    __arm_cp.5_0                             0x08000acc   Number         4  rtx_mutex.o(.text.osMutexRelease)
    [Anonymous Symbol]                       0x08000ad0   Section        0  rtx_kernel.o(.text.osRtxKernelPreInit)
    [Anonymous Symbol]                       0x08000ad2   Section        0  rtx_memory.o(.text.osRtxMemoryAlloc)
    [Anonymous Symbol]                       0x08000b42   Section        0  rtx_memory.o(.text.osRtxMemoryFree)
    [Anonymous Symbol]                       0x08000b88   Section        0  rtx_memory.o(.text.osRtxMemoryInit)
    [Anonymous Symbol]                       0x08000bc4   Section        0  rtx_mempool.o(.text.osRtxMemoryPoolAlloc)
    [Anonymous Symbol]                       0x08000bfe   Section        0  rtx_mempool.o(.text.osRtxMemoryPoolFree)
    [Anonymous Symbol]                       0x08000c48   Section        0  rtx_mempool.o(.text.osRtxMemoryPoolInit)
    [Anonymous Symbol]                       0x08000c7e   Section        0  rtx_msgqueue.o(.text.osRtxMessageQueuePostProcess)
    osRtxMessageQueuePostProcess             0x08000c7f   Thumb Code   186  rtx_msgqueue.o(.text.osRtxMessageQueuePostProcess)
    [Anonymous Symbol]                       0x08000d38   Section        0  rtx_mutex.o(.text.osRtxMutexOwnerRelease)
    [Anonymous Symbol]                       0x08000d80   Section        0  rtx_mutex.o(.text.osRtxMutexOwnerRestore)
    [Anonymous Symbol]                       0x08000dc4   Section        0  rtx_system.o(.text.osRtxPendSV_Handler)
    __arm_cp.1_0                             0x08000e4c   Number         4  rtx_system.o(.text.osRtxPendSV_Handler)
    [Anonymous Symbol]                       0x08000e50   Section        0  rtx_system.o(.text.osRtxPostProcess)
    __arm_cp.2_0                             0x08000ebc   Number         4  rtx_system.o(.text.osRtxPostProcess)
    __arm_cp.2_1                             0x08000ec0   Number         4  rtx_system.o(.text.osRtxPostProcess)
    [Anonymous Symbol]                       0x08000ec4   Section        0  rtx_thread.o(.text.osRtxThreadBlock)
    osRtxThreadBlock                         0x08000ec5   Thumb Code    56  rtx_thread.o(.text.osRtxThreadBlock)
    __arm_cp.11_0                            0x08000ef8   Number         4  rtx_thread.o(.text.osRtxThreadBlock)
    [Anonymous Symbol]                       0x08000efc   Section        0  rtx_thread.o(.text.osRtxThreadDelayInsert)
    osRtxThreadDelayInsert                   0x08000efd   Thumb Code   116  rtx_thread.o(.text.osRtxThreadDelayInsert)
    __arm_cp.15_0                            0x08000f6c   Number         4  rtx_thread.o(.text.osRtxThreadDelayInsert)
    [Anonymous Symbol]                       0x08000f70   Section        0  rtx_thread.o(.text.osRtxThreadDelayRemove)
    osRtxThreadDelayRemove                   0x08000f71   Thumb Code    60  rtx_thread.o(.text.osRtxThreadDelayRemove)
    __arm_cp.13_0                            0x08000fa8   Number         4  rtx_thread.o(.text.osRtxThreadDelayRemove)
    [Anonymous Symbol]                       0x08000fac   Section        0  rtx_thread.o(.text.osRtxThreadDelayTick)
    __arm_cp.5_0                             0x08000ff4   Number         4  rtx_thread.o(.text.osRtxThreadDelayTick)
    [Anonymous Symbol]                       0x08000ff8   Section        0  rtx_thread.o(.text.osRtxThreadDispatch)
    __arm_cp.10_0                            0x0800104c   Number         4  rtx_thread.o(.text.osRtxThreadDispatch)
    [Anonymous Symbol]                       0x08001050   Section        0  rtx_thread.o(.text.osRtxThreadFree)
    osRtxThreadFree                          0x08001051   Thumb Code    88  rtx_thread.o(.text.osRtxThreadFree)
    __arm_cp.53_0                            0x080010a4   Number         4  rtx_thread.o(.text.osRtxThreadFree)
    [Anonymous Symbol]                       0x080010a8   Section        0  rtx_thread.o(.text.osRtxThreadListGet)
    [Anonymous Symbol]                       0x080010ba   Section        0  rtx_thread.o(.text.osRtxThreadListPut)
    [Anonymous Symbol]                       0x080010e6   Section        0  rtx_thread.o(.text.osRtxThreadListRemove)
    [Anonymous Symbol]                       0x080010fa   Section        0  rtx_thread.o(.text.osRtxThreadListRoot)
    osRtxThreadListRoot                      0x080010fb   Thumb Code    12  rtx_thread.o(.text.osRtxThreadListRoot)
    [Anonymous Symbol]                       0x08001106   Section        0  rtx_thread.o(.text.osRtxThreadListSort)
    [Anonymous Symbol]                       0x0800112c   Section        0  rtx_thread.o(.text.osRtxThreadPostProcess)
    osRtxThreadPostProcess                   0x0800112d   Thumb Code    40  rtx_thread.o(.text.osRtxThreadPostProcess)
    [Anonymous Symbol]                       0x08001154   Section        0  rtx_thread.o(.text.osRtxThreadReadyPut)
    __arm_cp.4_0                             0x08001164   Number         4  rtx_thread.o(.text.osRtxThreadReadyPut)
    [Anonymous Symbol]                       0x08001168   Section        0  rtx_thread.o(.text.osRtxThreadRegPtr)
    [Anonymous Symbol]                       0x0800117c   Section        0  rtx_thread.o(.text.osRtxThreadStartup)
    __arm_cp.16_0                            0x080011ac   Number         4  rtx_thread.o(.text.osRtxThreadStartup)
    __arm_cp.16_1                            0x080011b0   Number         4  rtx_thread.o(.text.osRtxThreadStartup)
    __arm_cp.16_2                            0x080011b4   Number         4  rtx_thread.o(.text.osRtxThreadStartup)
    __arm_cp.16_3                            0x080011b8   Number         4  rtx_thread.o(.text.osRtxThreadStartup)
    [Anonymous Symbol]                       0x080011bc   Section        0  rtx_thread.o(.text.osRtxThreadSwitch)
    __arm_cp.8_0                             0x080011c8   Number         4  rtx_thread.o(.text.osRtxThreadSwitch)
    [Anonymous Symbol]                       0x080011cc   Section        0  rtx_thread.o(.text.osRtxThreadWaitEnter)
    __arm_cp.14_0                            0x08001200   Number         4  rtx_thread.o(.text.osRtxThreadWaitEnter)
    [Anonymous Symbol]                       0x08001204   Section        0  rtx_thread.o(.text.osRtxThreadWaitExit)
    [Anonymous Symbol]                       0x08001238   Section        0  rtx_system.o(.text.osRtxTick_Handler)
    __arm_cp.0_0                             0x080012a4   Number         4  rtx_system.o(.text.osRtxTick_Handler)
    [Anonymous Symbol]                       0x080012a8   Section        0  rtx_timer.o(.text.osRtxTimerThread)
    __arm_cp.0_0                             0x080012d8   Number         4  rtx_timer.o(.text.osRtxTimerThread)
    __arm_cp.0_1                             0x080012dc   Number         4  rtx_timer.o(.text.osRtxTimerThread)
    __arm_cp.0_2                             0x080012e0   Number         4  rtx_timer.o(.text.osRtxTimerThread)
    [Anonymous Symbol]                       0x080012e4   Section        0  rtx_timer.o(.text.osRtxTimerTick)
    osRtxTimerTick                           0x080012e5   Thumb Code    84  rtx_timer.o(.text.osRtxTimerTick)
    __arm_cp.1_0                             0x08001334   Number         4  rtx_timer.o(.text.osRtxTimerTick)
    [Anonymous Symbol]                       0x08001338   Section        0  rtx_thread.o(.text.osThreadExit)
    __arm_cp.32_0                            0x08001340   Number         4  rtx_thread.o(.text.osThreadExit)
    [Anonymous Symbol]                       0x08001344   Section        0  rtx_thread.o(.text.osThreadFlagsSet)
    __arm_cp.36_0                            0x08001398   Number         4  rtx_thread.o(.text.osThreadFlagsSet)
    [Anonymous Symbol]                       0x0800139c   Section        0  rtx_thread.o(.text.osThreadFlagsWait)
    __arm_cp.39_0                            0x080013bc   Number         4  rtx_thread.o(.text.osThreadFlagsWait)
    [Anonymous Symbol]                       0x080013c0   Section        0  rtx_thread.o(.text.osThreadNew)
    __arm_cp.18_0                            0x080013e0   Number         4  rtx_thread.o(.text.osThreadNew)
    [Anonymous Symbol]                       0x080013e4   Section        0  rtx_thread.o(.text.osThreadYield)
    __arm_cp.27_0                            0x08001404   Number         4  rtx_thread.o(.text.osThreadYield)
    [Anonymous Symbol]                       0x08001408   Section        0  rtx_delay.o(.text.svcRtxDelay)
    svcRtxDelay                              0x08001409   Thumb Code    20  rtx_delay.o(.text.svcRtxDelay)
    [Anonymous Symbol]                       0x0800141c   Section        0  rtx_kernel.o(.text.svcRtxKernelGetState)
    svcRtxKernelGetState                     0x0800141d   Thumb Code    12  rtx_kernel.o(.text.svcRtxKernelGetState)
    __arm_cp.5_0                             0x08001424   Number         4  rtx_kernel.o(.text.svcRtxKernelGetState)
    [Anonymous Symbol]                       0x08001428   Section        0  rtx_kernel.o(.text.svcRtxKernelGetTickCount)
    svcRtxKernelGetTickCount                 0x08001429   Thumb Code    12  rtx_kernel.o(.text.svcRtxKernelGetTickCount)
    __arm_cp.13_0                            0x08001430   Number         4  rtx_kernel.o(.text.svcRtxKernelGetTickCount)
    [Anonymous Symbol]                       0x08001434   Section        0  rtx_kernel.o(.text.svcRtxKernelInitialize)
    svcRtxKernelInitialize                   0x08001435   Thumb Code   336  rtx_kernel.o(.text.svcRtxKernelInitialize)
    __arm_cp.20_0                            0x08001578   Number         4  rtx_kernel.o(.text.svcRtxKernelInitialize)
    __arm_cp.20_1                            0x0800157c   Number         4  rtx_kernel.o(.text.svcRtxKernelInitialize)
    __arm_cp.20_2                            0x08001580   Number         4  rtx_kernel.o(.text.svcRtxKernelInitialize)
    [Anonymous Symbol]                       0x08001584   Section        0  rtx_kernel.o(.text.svcRtxKernelStart)
    svcRtxKernelStart                        0x08001585   Thumb Code   136  rtx_kernel.o(.text.svcRtxKernelStart)
    __arm_cp.21_0                            0x080015fc   Number         4  rtx_kernel.o(.text.svcRtxKernelStart)
    __arm_cp.21_1                            0x08001600   Number         4  rtx_kernel.o(.text.svcRtxKernelStart)
    __arm_cp.21_2                            0x08001604   Number         4  rtx_kernel.o(.text.svcRtxKernelStart)
    __arm_cp.21_3                            0x08001608   Number         4  rtx_kernel.o(.text.svcRtxKernelStart)
    [Anonymous Symbol]                       0x0800160c   Section        0  rtx_msgqueue.o(.text.svcRtxMessageQueueGet)
    svcRtxMessageQueueGet                    0x0800160d   Thumb Code   224  rtx_msgqueue.o(.text.svcRtxMessageQueueGet)
    __arm_cp.21_0                            0x080016e8   Number         4  rtx_msgqueue.o(.text.svcRtxMessageQueueGet)
    [Anonymous Symbol]                       0x080016ec   Section        0  rtx_msgqueue.o(.text.svcRtxMessageQueueNew)
    svcRtxMessageQueueNew                    0x080016ed   Thumb Code   304  rtx_msgqueue.o(.text.svcRtxMessageQueueNew)
    __arm_cp.14_0                            0x08001814   Number         4  rtx_msgqueue.o(.text.svcRtxMessageQueueNew)
    __arm_cp.14_1                            0x08001818   Number         4  rtx_msgqueue.o(.text.svcRtxMessageQueueNew)
    [Anonymous Symbol]                       0x0800181c   Section        0  rtx_msgqueue.o(.text.svcRtxMessageQueuePut)
    svcRtxMessageQueuePut                    0x0800181d   Thumb Code   192  rtx_msgqueue.o(.text.svcRtxMessageQueuePut)
    __arm_cp.19_0                            0x080018d8   Number         4  rtx_msgqueue.o(.text.svcRtxMessageQueuePut)
    [Anonymous Symbol]                       0x080018dc   Section        0  rtx_mutex.o(.text.svcRtxMutexAcquire)
    svcRtxMutexAcquire                       0x080018dd   Thumb Code   148  rtx_mutex.o(.text.svcRtxMutexAcquire)
    __arm_cp.10_0                            0x0800196c   Number         4  rtx_mutex.o(.text.svcRtxMutexAcquire)
    [Anonymous Symbol]                       0x08001970   Section        0  rtx_mutex.o(.text.svcRtxMutexDelete)
    svcRtxMutexDelete                        0x08001971   Thumb Code   176  rtx_mutex.o(.text.svcRtxMutexDelete)
    __arm_cp.13_0                            0x08001a1c   Number         4  rtx_mutex.o(.text.svcRtxMutexDelete)
    [Anonymous Symbol]                       0x08001a20   Section        0  rtx_mutex.o(.text.svcRtxMutexNew)
    svcRtxMutexNew                           0x08001a21   Thumb Code   104  rtx_mutex.o(.text.svcRtxMutexNew)
    __arm_cp.8_0                             0x08001a84   Number         4  rtx_mutex.o(.text.svcRtxMutexNew)
    [Anonymous Symbol]                       0x08001a88   Section        0  rtx_mutex.o(.text.svcRtxMutexRelease)
    svcRtxMutexRelease                       0x08001a89   Thumb Code   180  rtx_mutex.o(.text.svcRtxMutexRelease)
    __arm_cp.11_0                            0x08001b38   Number         4  rtx_mutex.o(.text.svcRtxMutexRelease)
    [Anonymous Symbol]                       0x08001b3c   Section        0  rtx_thread.o(.text.svcRtxThreadExit)
    svcRtxThreadExit                         0x08001b3d   Thumb Code   104  rtx_thread.o(.text.svcRtxThreadExit)
    __arm_cp.55_0                            0x08001ba0   Number         4  rtx_thread.o(.text.svcRtxThreadExit)
    [Anonymous Symbol]                       0x08001ba4   Section        0  rtx_thread.o(.text.svcRtxThreadFlagsSet)
    svcRtxThreadFlagsSet                     0x08001ba5   Thumb Code   102  rtx_thread.o(.text.svcRtxThreadFlagsSet)
    [Anonymous Symbol]                       0x08001c0c   Section        0  rtx_thread.o(.text.svcRtxThreadFlagsWait)
    svcRtxThreadFlagsWait                    0x08001c0d   Thumb Code    76  rtx_thread.o(.text.svcRtxThreadFlagsWait)
    __arm_cp.62_0                            0x08001c54   Number         4  rtx_thread.o(.text.svcRtxThreadFlagsWait)
    [Anonymous Symbol]                       0x08001c58   Section        0  rtx_thread.o(.text.svcRtxThreadNew)
    svcRtxThreadNew                          0x08001c59   Thumb Code   464  rtx_thread.o(.text.svcRtxThreadNew)
    __arm_cp.17_0                            0x08001e14   Number         4  rtx_thread.o(.text.svcRtxThreadNew)
    __arm_cp.17_1                            0x08001e18   Number         4  rtx_thread.o(.text.svcRtxThreadNew)
    __arm_cp.17_2                            0x08001e1c   Number         4  rtx_thread.o(.text.svcRtxThreadNew)
    __arm_cp.17_3                            0x08001e20   Number         4  rtx_thread.o(.text.svcRtxThreadNew)
    __arm_cp.17_4                            0x08001e24   Number         4  rtx_thread.o(.text.svcRtxThreadNew)
    [Anonymous Symbol]                       0x08001e28   Section        0  rtx_thread.o(.text.svcRtxThreadYield)
    svcRtxThreadYield                        0x08001e29   Thumb Code    56  rtx_thread.o(.text.svcRtxThreadYield)
    __arm_cp.48_0                            0x08001e5c   Number         4  rtx_thread.o(.text.svcRtxThreadYield)
    i.BusFault_Handler                       0x08001e60   Section        0  stm32f4xx_it.o(i.BusFault_Handler)
    i.DebugMon_Handler                       0x08001e64   Section        0  stm32f4xx_it.o(i.DebugMon_Handler)
    i.Error_Handler                          0x08001e66   Section        0  main.o(i.Error_Handler)
    Error_Handler                            0x08001e67   Thumb Code     4  main.o(i.Error_Handler)
    i.HAL_GPIO_Init                          0x08001e6c   Section        0  stm32f4xx_hal_gpio.o(i.HAL_GPIO_Init)
    i.HAL_GPIO_WritePin                      0x08002088   Section        0  stm32f4xx_hal_gpio.o(i.HAL_GPIO_WritePin)
    i.HAL_GetREVID                           0x08002094   Section        0  stm32f4xx_hal.o(i.HAL_GetREVID)
    i.HAL_GetTick                            0x080020a0   Section        0  main.o(i.HAL_GetTick)
    i.HAL_Init                               0x080020ec   Section        0  stm32f4xx_hal.o(i.HAL_Init)
    i.HAL_InitTick                           0x0800211c   Section        0  stm32f4xx_hal.o(i.HAL_InitTick)
    i.HAL_MspInit                            0x08002168   Section        0  stm32f4xx_hal.o(i.HAL_MspInit)
    i.HAL_NVIC_SetPriority                   0x0800216a   Section        0  stm32f4xx_hal_cortex.o(i.HAL_NVIC_SetPriority)
    i.HAL_NVIC_SetPriorityGrouping           0x080021e8   Section        0  stm32f4xx_hal_cortex.o(i.HAL_NVIC_SetPriorityGrouping)
    i.HAL_RCC_ClockConfig                    0x08002210   Section        0  stm32f4xx_hal_rcc.o(i.HAL_RCC_ClockConfig)
    i.HAL_RCC_GetSysClockFreq                0x08002394   Section        0  stm32f4xx_hal_rcc.o(i.HAL_RCC_GetSysClockFreq)
    i.HAL_RCC_OscConfig                      0x08002444   Section        0  stm32f4xx_hal_rcc.o(i.HAL_RCC_OscConfig)
    i.HAL_SYSTICK_Config                     0x080028cc   Section        0  stm32f4xx_hal_cortex.o(i.HAL_SYSTICK_Config)
    i.HardFault_Handler                      0x08002900   Section        0  stm32f4xx_it.o(i.HardFault_Handler)
    i.Init_Led                               0x08002904   Section        0  main.o(i.Init_Led)
    i.Init_ThLed1                            0x08002964   Section        0  thled1.o(i.Init_ThLed1)
    i.Init_ThLed2                            0x0800298c   Section        0  thled2.o(i.Init_ThLed2)
    i.Init_ThLed3                            0x080029b4   Section        0  thled3.o(i.Init_ThLed3)
    i.MemManage_Handler                      0x080029dc   Section        0  stm32f4xx_it.o(i.MemManage_Handler)
    i.NMI_Handler                            0x080029e0   Section        0  stm32f4xx_it.o(i.NMI_Handler)
    i.SystemClock_Config                     0x080029e4   Section        0  main.o(i.SystemClock_Config)
    SystemClock_Config                       0x080029e5   Thumb Code   180  main.o(i.SystemClock_Config)
    i.SystemCoreClockUpdate                  0x08002aa4   Section        0  system_stm32f4xx.o(i.SystemCoreClockUpdate)
    i.SystemInit                             0x08002b64   Section        0  system_stm32f4xx.o(i.SystemInit)
    i.ThLed1                                 0x08002b80   Section        0  thled1.o(i.ThLed1)
    i.ThLed2                                 0x08002bd4   Section        0  thled2.o(i.ThLed2)
    i.ThLed3                                 0x08002c4c   Section        0  thled3.o(i.ThLed3)
    i.UsageFault_Handler                     0x08002cc8   Section        0  stm32f4xx_it.o(i.UsageFault_Handler)
    i.__NVIC_GetPriorityGrouping             0x08002ccc   Section        0  stm32f4xx_hal_cortex.o(i.__NVIC_GetPriorityGrouping)
    __NVIC_GetPriorityGrouping               0x08002ccd   Thumb Code    10  stm32f4xx_hal_cortex.o(i.__NVIC_GetPriorityGrouping)
    i.__NVIC_SetPriority                     0x08002cdc   Section        0  stm32f4xx_hal_cortex.o(i.__NVIC_SetPriority)
    __NVIC_SetPriority                       0x08002cdd   Thumb Code    32  stm32f4xx_hal_cortex.o(i.__NVIC_SetPriority)
    i._mutex_acquire                         0x08002d04   Section        0  rtx_lib.o(i._mutex_acquire)
    __tagsym$$used                           0x08002d05   Number         0  rtx_lib.o(i._mutex_acquire)
    i._mutex_free                            0x08002d1a   Section        0  rtx_lib.o(i._mutex_free)
    __tagsym$$used                           0x08002d1b   Number         0  rtx_lib.o(i._mutex_free)
    i._mutex_initialize                      0x08002d26   Section        0  rtx_lib.o(i._mutex_initialize)
    __tagsym$$used                           0x08002d27   Number         0  rtx_lib.o(i._mutex_initialize)
    i._mutex_release                         0x08002d48   Section        0  rtx_lib.o(i._mutex_release)
    __tagsym$$used                           0x08002d49   Number         0  rtx_lib.o(i._mutex_release)
    i._platform_post_stackheap_init          0x08002d5a   Section        0  rtx_lib.o(i._platform_post_stackheap_init)
    i.main                                   0x08002d62   Section        0  main.o(i.main)
    i.osRtxErrorNotify                       0x08002d8a   Section        0  rtx_config.o(i.osRtxErrorNotify)
    i.osRtxIdleThread                        0x08002dac   Section        0  rtx_config.o(i.osRtxIdleThread)
    i.osRtxThreadStackCheck                  0x08002db0   Section        0  rtx_lib.o(i.osRtxThreadStackCheck)
    i.os_kernel_is_active                    0x08002db4   Section        0  rtx_lib.o(i.os_kernel_is_active)
    os_kernel_is_active                      0x08002db5   Thumb Code    28  rtx_lib.o(i.os_kernel_is_active)
    x$fpl$fpinit                             0x08002dd4   Section       10  fpinit.o(x$fpl$fpinit)
    $v0                                      0x08002dd4   Number         0  fpinit.o(x$fpl$fpinit)
    .constdata                               0x08002de0   Section      100  rtx_lib.o(.constdata)
    os_idle_thread_attr                      0x08002de0   Data          36  rtx_lib.o(.constdata)
    os_timer_thread_attr                     0x08002e04   Data          36  rtx_lib.o(.constdata)
    os_timer_mq_attr                         0x08002e28   Data          24  rtx_lib.o(.constdata)
    .constdata                               0x08002e44   Section       24  system_stm32f4xx.o(.constdata)
    .constdata                               0x08002e5c   Section        1  irq_cm4f.o(.constdata)
    .rodata                                  0x08002e60   Section      160  rtx_lib.o(.rodata)
    __tagsym$$used                           0x08002e60   Number         0  rtx_lib.o(.rodata)
    __tagsym$$used                           0x08002ec8   Number         0  rtx_lib.o(.rodata)
    [Anonymous Symbol]                       0x08002f00   Section        0  rtx_kernel.o(.rodata.str1.4)
    .L.str                                   0x08002f00   Data          11  rtx_kernel.o(.rodata.str1.4)
    .bss.os                                  0x20000000   Section    32832  rtx_lib.o(.bss.os)
    os_mem                                   0x20000000   Data       32768  rtx_lib.o(.bss.os)
    os_isr_queue                             0x20008000   Data          64  rtx_lib.o(.bss.os)
    .bss.os.msgqueue.cb                      0x20008040   Section       52  rtx_lib.o(.bss.os.msgqueue.cb)
    os_timer_mq_cb                           0x20008040   Data          52  rtx_lib.o(.bss.os.msgqueue.cb)
    .bss.os.msgqueue.mem                     0x20008074   Section       80  rtx_lib.o(.bss.os.msgqueue.mem)
    os_timer_mq_data                         0x20008074   Data          80  rtx_lib.o(.bss.os.msgqueue.mem)
    .bss.os.thread.cb                        0x200080c4   Section      136  rtx_lib.o(.bss.os.thread.cb)
    os_idle_thread_cb                        0x200080c4   Data          68  rtx_lib.o(.bss.os.thread.cb)
    os_timer_thread_cb                       0x20008108   Data          68  rtx_lib.o(.bss.os.thread.cb)
    .bss.os.thread.stack                     0x20008150   Section     1024  rtx_lib.o(.bss.os.thread.stack)
    os_idle_thread_stack                     0x20008150   Data         512  rtx_lib.o(.bss.os.thread.stack)
    os_timer_thread_stack                    0x20008350   Data         512  rtx_lib.o(.bss.os.thread.stack)
    .data                                    0x20008550   Section        4  main.o(.data)
    ticks                                    0x20008550   Data           4  main.o(.data)
    .data                                    0x20008554   Section        8  thled1.o(.data)
    .data                                    0x2000855c   Section        8  thled2.o(.data)
    .data                                    0x20008564   Section        8  thled3.o(.data)
    .data                                    0x2000856c   Section        5  rtx_lib.o(.data)
    os_kernel_active                         0x20008570   Data           1  rtx_lib.o(.data)
    .data                                    0x20008574   Section        9  stm32f4xx_hal.o(.data)
    .data                                    0x20008580   Section        4  system_stm32f4xx.o(.data)
    .bss                                     0x20008628   Section       20  main.o(.bss)
    GPIO_InitStruct                          0x20008628   Data          20  main.o(.bss)
    .bss                                     0x2000863c   Section       96  libspace.o(.bss)
    [Anonymous Symbol]                       0x2000869c   Section        0  os_systick.o(.bss.PendST)
    PendST                                   0x2000869c   Data           1  os_systick.o(.bss.PendST)
    HEAP                                     0x200086a0   Section      512  startup_stm32f429xx.o(HEAP)
    Heap_Mem                                 0x200086a0   Data         512  startup_stm32f429xx.o(HEAP)
    STACK                                    0x200088a0   Section     1024  startup_stm32f429xx.o(STACK)
    Stack_Mem                                0x200088a0   Data        1024  startup_stm32f429xx.o(STACK)
    __initial_sp                             0x20008ca0   Data           0  startup_stm32f429xx.o(STACK)

    Global Symbols

    Symbol Name                              Value     Ov Type        Size  Object(Section)

    BuildAttributes$$THM_ISAv4$E$P$D$K$B$S$7EM$VFPi3$EXTD16$VFPS$VFMA$PE$A:L22UL41UL21$X:L11$S22US41US21$IEEE1$IW$~IW$USESV6$~STKCKD$USESV7$~SHL$OSPACE$ROPI$EBA8$UX$STANDARDLIB$REQ8$PRES8$EABIv2 0x00000000   Number         0  anon$$obj.o ABSOLUTE
    __ARM_use_no_argv                        0x00000000   Number         0  main.o ABSOLUTE
    .bss.os.evflags.cb$$Base                  - Undefined Weak Reference
    .bss.os.evflags.cb$$Limit                 - Undefined Weak Reference
    .bss.os.mempool.cb$$Base                  - Undefined Weak Reference
    .bss.os.mempool.cb$$Limit                 - Undefined Weak Reference
    .bss.os.mutex.cb$$Base                    - Undefined Weak Reference
    .bss.os.mutex.cb$$Limit                   - Undefined Weak Reference
    .bss.os.semaphore.cb$$Base                - Undefined Weak Reference
    .bss.os.semaphore.cb$$Limit               - Undefined Weak Reference
    .bss.os.timer.cb$$Base                    - Undefined Weak Reference
    .bss.os.timer.cb$$Limit                   - Undefined Weak Reference
    __ARM_exceptions_init                     - Undefined Weak Reference
    __alloca_initialize                       - Undefined Weak Reference
    __arm_fini_                               - Undefined Weak Reference
    __arm_preinit_                            - Undefined Weak Reference
    __cpp_initialize__aeabi_                  - Undefined Weak Reference
    __cxa_finalize                            - Undefined Weak Reference
    __rt_locale                               - Undefined Weak Reference
    __sigvec_lookup                           - Undefined Weak Reference
    _atexit_init                              - Undefined Weak Reference
    _call_atexit_fns                          - Undefined Weak Reference
    _clock_init                               - Undefined Weak Reference
    _fp_trap_init                             - Undefined Weak Reference
    _fp_trap_shutdown                         - Undefined Weak Reference
    _get_lc_collate                           - Undefined Weak Reference
    _get_lc_ctype                             - Undefined Weak Reference
    _get_lc_monetary                          - Undefined Weak Reference
    _get_lc_numeric                           - Undefined Weak Reference
    _get_lc_time                              - Undefined Weak Reference
    _getenv_init                              - Undefined Weak Reference
    _handle_redirection                       - Undefined Weak Reference
    _init_alloc                               - Undefined Weak Reference
    _init_user_alloc                          - Undefined Weak Reference
    _initio                                   - Undefined Weak Reference
    _rand_init                                - Undefined Weak Reference
    _signal_finish                            - Undefined Weak Reference
    _signal_init                              - Undefined Weak Reference
    _terminate_alloc                          - Undefined Weak Reference
    _terminate_user_alloc                     - Undefined Weak Reference
    _terminateio                              - Undefined Weak Reference
    __Vectors_Size                           0x000001ac   Number         0  startup_stm32f429xx.o ABSOLUTE
    __Vectors                                0x08000000   Data           4  startup_stm32f429xx.o(RESET)
    __Vectors_End                            0x080001ac   Data           0  startup_stm32f429xx.o(RESET)
    __main                                   0x080001ad   Thumb Code     8  __main.o(!!!main)
    __scatterload                            0x080001b5   Thumb Code     0  __scatter.o(!!!scatter)
    __scatterload_rt2                        0x080001b5   Thumb Code    44  __scatter.o(!!!scatter)
    __scatterload_rt2_thumb_only             0x080001b5   Thumb Code     0  __scatter.o(!!!scatter)
    __scatterload_null                       0x080001c3   Thumb Code     0  __scatter.o(!!!scatter)
    __decompress                             0x080001e9   Thumb Code    90  __dczerorl2.o(!!dczerorl2)
    __decompress1                            0x080001e9   Thumb Code     0  __dczerorl2.o(!!dczerorl2)
    __scatterload_zeroinit                   0x08000245   Thumb Code    28  __scatter_zi.o(!!handler_zi)
    __rt_lib_init                            0x08000261   Thumb Code     0  libinit.o(.ARM.Collect$$libinit$$00000000)
    __rt_lib_init_fp_1                       0x08000263   Thumb Code     0  libinit2.o(.ARM.Collect$$libinit$$00000001)
    __rt_lib_init_alloca_1                   0x08000267   Thumb Code     0  libinit2.o(.ARM.Collect$$libinit$$0000002E)
    __rt_lib_init_argv_1                     0x08000267   Thumb Code     0  libinit2.o(.ARM.Collect$$libinit$$0000002C)
    __rt_lib_init_atexit_1                   0x08000267   Thumb Code     0  libinit2.o(.ARM.Collect$$libinit$$0000001B)
    __rt_lib_init_clock_1                    0x08000267   Thumb Code     0  libinit2.o(.ARM.Collect$$libinit$$00000021)
    __rt_lib_init_cpp_1                      0x08000267   Thumb Code     0  libinit2.o(.ARM.Collect$$libinit$$00000032)
    __rt_lib_init_exceptions_1               0x08000267   Thumb Code     0  libinit2.o(.ARM.Collect$$libinit$$00000030)
    __rt_lib_init_fp_trap_1                  0x08000267   Thumb Code     0  libinit2.o(.ARM.Collect$$libinit$$0000001F)
    __rt_lib_init_getenv_1                   0x08000267   Thumb Code     0  libinit2.o(.ARM.Collect$$libinit$$00000023)
    __rt_lib_init_heap_1                     0x08000267   Thumb Code     0  libinit2.o(.ARM.Collect$$libinit$$0000000A)
    __rt_lib_init_lc_collate_1               0x08000267   Thumb Code     0  libinit2.o(.ARM.Collect$$libinit$$00000011)
    __rt_lib_init_lc_ctype_1                 0x08000267   Thumb Code     0  libinit2.o(.ARM.Collect$$libinit$$00000013)
    __rt_lib_init_lc_monetary_1              0x08000267   Thumb Code     0  libinit2.o(.ARM.Collect$$libinit$$00000015)
    __rt_lib_init_lc_numeric_1               0x08000267   Thumb Code     0  libinit2.o(.ARM.Collect$$libinit$$00000017)
    __rt_lib_init_lc_time_1                  0x08000267   Thumb Code     0  libinit2.o(.ARM.Collect$$libinit$$00000019)
    __rt_lib_init_preinit_1                  0x08000267   Thumb Code     0  libinit2.o(.ARM.Collect$$libinit$$00000004)
    __rt_lib_init_rand_1                     0x08000267   Thumb Code     0  libinit2.o(.ARM.Collect$$libinit$$0000000E)
    __rt_lib_init_return                     0x08000267   Thumb Code     0  libinit2.o(.ARM.Collect$$libinit$$00000033)
    __rt_lib_init_signal_1                   0x08000267   Thumb Code     0  libinit2.o(.ARM.Collect$$libinit$$0000001D)
    __rt_lib_init_stdio_1                    0x08000267   Thumb Code     0  libinit2.o(.ARM.Collect$$libinit$$00000025)
    __rt_lib_init_user_alloc_1               0x08000267   Thumb Code     0  libinit2.o(.ARM.Collect$$libinit$$0000000C)
    __rt_lib_shutdown                        0x08000269   Thumb Code     0  libshutdown.o(.ARM.Collect$$libshutdown$$00000000)
    __rt_lib_shutdown_cpp_1                  0x0800026b   Thumb Code     0  libshutdown2.o(.ARM.Collect$$libshutdown$$00000004)
    __rt_lib_shutdown_fini_1                 0x0800026b   Thumb Code     0  libshutdown2.o(.ARM.Collect$$libshutdown$$00000002)
    __rt_lib_shutdown_fp_trap_1              0x0800026b   Thumb Code     0  libshutdown2.o(.ARM.Collect$$libshutdown$$00000009)
    __rt_lib_shutdown_heap_1                 0x0800026b   Thumb Code     0  libshutdown2.o(.ARM.Collect$$libshutdown$$00000011)
    __rt_lib_shutdown_return                 0x0800026b   Thumb Code     0  libshutdown2.o(.ARM.Collect$$libshutdown$$00000012)
    __rt_lib_shutdown_signal_1               0x0800026b   Thumb Code     0  libshutdown2.o(.ARM.Collect$$libshutdown$$0000000C)
    __rt_lib_shutdown_stdio_1                0x0800026b   Thumb Code     0  libshutdown2.o(.ARM.Collect$$libshutdown$$00000006)
    __rt_lib_shutdown_user_alloc_1           0x0800026b   Thumb Code     0  libshutdown2.o(.ARM.Collect$$libshutdown$$0000000E)
    __rt_entry                               0x0800026d   Thumb Code     0  __rtentry.o(.ARM.Collect$$rtentry$$00000000)
    __rt_entry_presh_1                       0x0800026d   Thumb Code     0  __rtentry2.o(.ARM.Collect$$rtentry$$00000002)
    __rt_entry_sh                            0x0800026d   Thumb Code     0  __rtentry4.o(.ARM.Collect$$rtentry$$00000004)
    __rt_entry_postsh_1                      0x08000273   Thumb Code     0  __rtentry2.o(.ARM.Collect$$rtentry$$00000008)
    __rt_entry_li                            0x0800027b   Thumb Code     0  __rtentry2.o(.ARM.Collect$$rtentry$$0000000A)
    __rt_entry_main                          0x0800027f   Thumb Code     0  __rtentry2.o(.ARM.Collect$$rtentry$$0000000D)
    __rt_entry_postli_1                      0x0800027f   Thumb Code     0  __rtentry2.o(.ARM.Collect$$rtentry$$0000000C)
    __rt_exit                                0x08000287   Thumb Code     0  rtexit.o(.ARM.Collect$$rtexit$$00000000)
    __rt_exit_ls                             0x08000289   Thumb Code     0  rtexit2.o(.ARM.Collect$$rtexit$$00000003)
    __rt_exit_prels_1                        0x08000289   Thumb Code     0  rtexit2.o(.ARM.Collect$$rtexit$$00000002)
    __rt_exit_exit                           0x0800028d   Thumb Code     0  rtexit2.o(.ARM.Collect$$rtexit$$00000004)
    Reset_Handler                            0x08000295   Thumb Code     8  startup_stm32f429xx.o(.text)
    ADC_IRQHandler                           0x080002af   Thumb Code     0  startup_stm32f429xx.o(.text)
    CAN1_RX0_IRQHandler                      0x080002af   Thumb Code     0  startup_stm32f429xx.o(.text)
    CAN1_RX1_IRQHandler                      0x080002af   Thumb Code     0  startup_stm32f429xx.o(.text)
    CAN1_SCE_IRQHandler                      0x080002af   Thumb Code     0  startup_stm32f429xx.o(.text)
    CAN1_TX_IRQHandler                       0x080002af   Thumb Code     0  startup_stm32f429xx.o(.text)
    CAN2_RX0_IRQHandler                      0x080002af   Thumb Code     0  startup_stm32f429xx.o(.text)
    CAN2_RX1_IRQHandler                      0x080002af   Thumb Code     0  startup_stm32f429xx.o(.text)
    CAN2_SCE_IRQHandler                      0x080002af   Thumb Code     0  startup_stm32f429xx.o(.text)
    CAN2_TX_IRQHandler                       0x080002af   Thumb Code     0  startup_stm32f429xx.o(.text)
    DCMI_IRQHandler                          0x080002af   Thumb Code     0  startup_stm32f429xx.o(.text)
    DMA1_Stream0_IRQHandler                  0x080002af   Thumb Code     0  startup_stm32f429xx.o(.text)
    DMA1_Stream1_IRQHandler                  0x080002af   Thumb Code     0  startup_stm32f429xx.o(.text)
    DMA1_Stream2_IRQHandler                  0x080002af   Thumb Code     0  startup_stm32f429xx.o(.text)
    DMA1_Stream3_IRQHandler                  0x080002af   Thumb Code     0  startup_stm32f429xx.o(.text)
    DMA1_Stream4_IRQHandler                  0x080002af   Thumb Code     0  startup_stm32f429xx.o(.text)
    DMA1_Stream5_IRQHandler                  0x080002af   Thumb Code     0  startup_stm32f429xx.o(.text)
    DMA1_Stream6_IRQHandler                  0x080002af   Thumb Code     0  startup_stm32f429xx.o(.text)
    DMA1_Stream7_IRQHandler                  0x080002af   Thumb Code     0  startup_stm32f429xx.o(.text)
    DMA2D_IRQHandler                         0x080002af   Thumb Code     0  startup_stm32f429xx.o(.text)
    DMA2_Stream0_IRQHandler                  0x080002af   Thumb Code     0  startup_stm32f429xx.o(.text)
    DMA2_Stream1_IRQHandler                  0x080002af   Thumb Code     0  startup_stm32f429xx.o(.text)
    DMA2_Stream2_IRQHandler                  0x080002af   Thumb Code     0  startup_stm32f429xx.o(.text)
    DMA2_Stream3_IRQHandler                  0x080002af   Thumb Code     0  startup_stm32f429xx.o(.text)
    DMA2_Stream4_IRQHandler                  0x080002af   Thumb Code     0  startup_stm32f429xx.o(.text)
    DMA2_Stream5_IRQHandler                  0x080002af   Thumb Code     0  startup_stm32f429xx.o(.text)
    DMA2_Stream6_IRQHandler                  0x080002af   Thumb Code     0  startup_stm32f429xx.o(.text)
    DMA2_Stream7_IRQHandler                  0x080002af   Thumb Code     0  startup_stm32f429xx.o(.text)
    ETH_IRQHandler                           0x080002af   Thumb Code     0  startup_stm32f429xx.o(.text)
    ETH_WKUP_IRQHandler                      0x080002af   Thumb Code     0  startup_stm32f429xx.o(.text)
    EXTI0_IRQHandler                         0x080002af   Thumb Code     0  startup_stm32f429xx.o(.text)
    EXTI15_10_IRQHandler                     0x080002af   Thumb Code     0  startup_stm32f429xx.o(.text)
    EXTI1_IRQHandler                         0x080002af   Thumb Code     0  startup_stm32f429xx.o(.text)
    EXTI2_IRQHandler                         0x080002af   Thumb Code     0  startup_stm32f429xx.o(.text)
    EXTI3_IRQHandler                         0x080002af   Thumb Code     0  startup_stm32f429xx.o(.text)
    EXTI4_IRQHandler                         0x080002af   Thumb Code     0  startup_stm32f429xx.o(.text)
    EXTI9_5_IRQHandler                       0x080002af   Thumb Code     0  startup_stm32f429xx.o(.text)
    FLASH_IRQHandler                         0x080002af   Thumb Code     0  startup_stm32f429xx.o(.text)
    FMC_IRQHandler                           0x080002af   Thumb Code     0  startup_stm32f429xx.o(.text)
    FPU_IRQHandler                           0x080002af   Thumb Code     0  startup_stm32f429xx.o(.text)
    HASH_RNG_IRQHandler                      0x080002af   Thumb Code     0  startup_stm32f429xx.o(.text)
    I2C1_ER_IRQHandler                       0x080002af   Thumb Code     0  startup_stm32f429xx.o(.text)
    I2C1_EV_IRQHandler                       0x080002af   Thumb Code     0  startup_stm32f429xx.o(.text)
    I2C2_ER_IRQHandler                       0x080002af   Thumb Code     0  startup_stm32f429xx.o(.text)
    I2C2_EV_IRQHandler                       0x080002af   Thumb Code     0  startup_stm32f429xx.o(.text)
    I2C3_ER_IRQHandler                       0x080002af   Thumb Code     0  startup_stm32f429xx.o(.text)
    I2C3_EV_IRQHandler                       0x080002af   Thumb Code     0  startup_stm32f429xx.o(.text)
    LTDC_ER_IRQHandler                       0x080002af   Thumb Code     0  startup_stm32f429xx.o(.text)
    LTDC_IRQHandler                          0x080002af   Thumb Code     0  startup_stm32f429xx.o(.text)
    OTG_FS_IRQHandler                        0x080002af   Thumb Code     0  startup_stm32f429xx.o(.text)
    OTG_FS_WKUP_IRQHandler                   0x080002af   Thumb Code     0  startup_stm32f429xx.o(.text)
    OTG_HS_EP1_IN_IRQHandler                 0x080002af   Thumb Code     0  startup_stm32f429xx.o(.text)
    OTG_HS_EP1_OUT_IRQHandler                0x080002af   Thumb Code     0  startup_stm32f429xx.o(.text)
    OTG_HS_IRQHandler                        0x080002af   Thumb Code     0  startup_stm32f429xx.o(.text)
    OTG_HS_WKUP_IRQHandler                   0x080002af   Thumb Code     0  startup_stm32f429xx.o(.text)
    PVD_IRQHandler                           0x080002af   Thumb Code     0  startup_stm32f429xx.o(.text)
    RCC_IRQHandler                           0x080002af   Thumb Code     0  startup_stm32f429xx.o(.text)
    RTC_Alarm_IRQHandler                     0x080002af   Thumb Code     0  startup_stm32f429xx.o(.text)
    RTC_WKUP_IRQHandler                      0x080002af   Thumb Code     0  startup_stm32f429xx.o(.text)
    SAI1_IRQHandler                          0x080002af   Thumb Code     0  startup_stm32f429xx.o(.text)
    SDIO_IRQHandler                          0x080002af   Thumb Code     0  startup_stm32f429xx.o(.text)
    SPI1_IRQHandler                          0x080002af   Thumb Code     0  startup_stm32f429xx.o(.text)
    SPI2_IRQHandler                          0x080002af   Thumb Code     0  startup_stm32f429xx.o(.text)
    SPI3_IRQHandler                          0x080002af   Thumb Code     0  startup_stm32f429xx.o(.text)
    SPI4_IRQHandler                          0x080002af   Thumb Code     0  startup_stm32f429xx.o(.text)
    SPI5_IRQHandler                          0x080002af   Thumb Code     0  startup_stm32f429xx.o(.text)
    SPI6_IRQHandler                          0x080002af   Thumb Code     0  startup_stm32f429xx.o(.text)
    TAMP_STAMP_IRQHandler                    0x080002af   Thumb Code     0  startup_stm32f429xx.o(.text)
    TIM1_BRK_TIM9_IRQHandler                 0x080002af   Thumb Code     0  startup_stm32f429xx.o(.text)
    TIM1_CC_IRQHandler                       0x080002af   Thumb Code     0  startup_stm32f429xx.o(.text)
    TIM1_TRG_COM_TIM11_IRQHandler            0x080002af   Thumb Code     0  startup_stm32f429xx.o(.text)
    TIM1_UP_TIM10_IRQHandler                 0x080002af   Thumb Code     0  startup_stm32f429xx.o(.text)
    TIM2_IRQHandler                          0x080002af   Thumb Code     0  startup_stm32f429xx.o(.text)
    TIM3_IRQHandler                          0x080002af   Thumb Code     0  startup_stm32f429xx.o(.text)
    TIM4_IRQHandler                          0x080002af   Thumb Code     0  startup_stm32f429xx.o(.text)
    TIM5_IRQHandler                          0x080002af   Thumb Code     0  startup_stm32f429xx.o(.text)
    TIM6_DAC_IRQHandler                      0x080002af   Thumb Code     0  startup_stm32f429xx.o(.text)
    TIM7_IRQHandler                          0x080002af   Thumb Code     0  startup_stm32f429xx.o(.text)
    TIM8_BRK_TIM12_IRQHandler                0x080002af   Thumb Code     0  startup_stm32f429xx.o(.text)
    TIM8_CC_IRQHandler                       0x080002af   Thumb Code     0  startup_stm32f429xx.o(.text)
    TIM8_TRG_COM_TIM14_IRQHandler            0x080002af   Thumb Code     0  startup_stm32f429xx.o(.text)
    TIM8_UP_TIM13_IRQHandler                 0x080002af   Thumb Code     0  startup_stm32f429xx.o(.text)
    UART4_IRQHandler                         0x080002af   Thumb Code     0  startup_stm32f429xx.o(.text)
    UART5_IRQHandler                         0x080002af   Thumb Code     0  startup_stm32f429xx.o(.text)
    UART7_IRQHandler                         0x080002af   Thumb Code     0  startup_stm32f429xx.o(.text)
    UART8_IRQHandler                         0x080002af   Thumb Code     0  startup_stm32f429xx.o(.text)
    USART1_IRQHandler                        0x080002af   Thumb Code     0  startup_stm32f429xx.o(.text)
    USART2_IRQHandler                        0x080002af   Thumb Code     0  startup_stm32f429xx.o(.text)
    USART3_IRQHandler                        0x080002af   Thumb Code     0  startup_stm32f429xx.o(.text)
    USART6_IRQHandler                        0x080002af   Thumb Code     0  startup_stm32f429xx.o(.text)
    WWDG_IRQHandler                          0x080002af   Thumb Code     0  startup_stm32f429xx.o(.text)
    __user_initial_stackheap                 0x080002b1   Thumb Code     0  startup_stm32f429xx.o(.text)
    SVC_Handler                              0x080002d5   Thumb Code   152  irq_cm4f.o(.text)
    PendSV_Handler                           0x0800036d   Thumb Code    16  irq_cm4f.o(.text)
    SysTick_Handler                          0x0800037d   Thumb Code    16  irq_cm4f.o(.text)
    __aeabi_uldivmod                         0x08000399   Thumb Code     0  lludivv7m.o(.text)
    _ll_udiv                                 0x08000399   Thumb Code   238  lludivv7m.o(.text)
    __aeabi_memcpy                           0x08000487   Thumb Code     0  rt_memcpy_v6.o(.text)
    __rt_memcpy                              0x08000487   Thumb Code   138  rt_memcpy_v6.o(.text)
    _memcpy_lastbytes                        0x080004ed   Thumb Code     0  rt_memcpy_v6.o(.text)
    __aeabi_memclr                           0x08000511   Thumb Code     0  rt_memclr.o(.text)
    __rt_memclr                              0x08000511   Thumb Code    68  rt_memclr.o(.text)
    _memset                                  0x08000515   Thumb Code     0  rt_memclr.o(.text)
    __aeabi_memclr4                          0x08000555   Thumb Code     0  rt_memclr_w.o(.text)
    __aeabi_memclr8                          0x08000555   Thumb Code     0  rt_memclr_w.o(.text)
    __rt_memclr_w                            0x08000555   Thumb Code    78  rt_memclr_w.o(.text)
    _memset_w                                0x08000559   Thumb Code     0  rt_memclr_w.o(.text)
    __use_two_region_memory                  0x080005a3   Thumb Code     2  heapauxi.o(.text)
    __rt_heap_escrow$2region                 0x080005a5   Thumb Code     2  heapauxi.o(.text)
    __rt_heap_expand$2region                 0x080005a7   Thumb Code     2  heapauxi.o(.text)
    __aeabi_memcpy4                          0x080005a9   Thumb Code     0  rt_memcpy_w.o(.text)
    __aeabi_memcpy8                          0x080005a9   Thumb Code     0  rt_memcpy_w.o(.text)
    __rt_memcpy_w                            0x080005a9   Thumb Code   100  rt_memcpy_w.o(.text)
    _memcpy_lastbytes_aligned                0x080005f1   Thumb Code     0  rt_memcpy_w.o(.text)
    __user_setup_stackheap                   0x0800060d   Thumb Code    74  sys_stackheap_outer.o(.text)
    exit                                     0x08000657   Thumb Code    18  exit.o(.text)
    __user_libspace                          0x08000669   Thumb Code     8  libspace.o(.text)
    __user_perproc_libspace                  0x08000669   Thumb Code     0  libspace.o(.text)
    _sys_exit                                0x08000671   Thumb Code     8  sys_exit.o(.text)
    __I$use$semihosting                      0x0800067d   Thumb Code     0  use_no_semi.o(.text)
    __use_no_semihosting_swi                 0x0800067d   Thumb Code     2  use_no_semi.o(.text)
    __semihosting_library_function           0x0800067f   Thumb Code     0  indicate_semi.o(.text)
    OS_Tick_AcknowledgeIRQ                   0x08000735   Thumb Code    12  os_systick.o(.text.OS_Tick_AcknowledgeIRQ)
    OS_Tick_Enable                           0x08000741   Thumb Code    44  os_systick.o(.text.OS_Tick_Enable)
    OS_Tick_GetIRQn                          0x0800076d   Thumb Code     6  os_systick.o(.text.OS_Tick_GetIRQn)
    OS_Tick_Setup                            0x08000775   Thumb Code    64  os_systick.o(.text.OS_Tick_Setup)
    osDelay                                  0x0800086d   Thumb Code    36  rtx_delay.o(.text.osDelay)
    osKernelGetState                         0x08000891   Thumb Code    48  rtx_kernel.o(.text.osKernelGetState)
    osKernelGetTickCount                     0x080008c1   Thumb Code    40  rtx_kernel.o(.text.osKernelGetTickCount)
    osKernelInitialize                       0x080008e9   Thumb Code    44  rtx_kernel.o(.text.osKernelInitialize)
    osKernelStart                            0x08000915   Thumb Code    36  rtx_kernel.o(.text.osKernelStart)
    osMessageQueueGet                        0x08000939   Thumb Code   108  rtx_msgqueue.o(.text.osMessageQueueGet)
    osMessageQueueNew                        0x080009a5   Thumb Code    36  rtx_msgqueue.o(.text.osMessageQueueNew)
    osMessageQueuePut                        0x080009c9   Thumb Code   120  rtx_msgqueue.o(.text.osMessageQueuePut)
    osMutexAcquire                           0x08000a41   Thumb Code    36  rtx_mutex.o(.text.osMutexAcquire)
    osMutexDelete                            0x08000a65   Thumb Code    36  rtx_mutex.o(.text.osMutexDelete)
    osMutexNew                               0x08000a89   Thumb Code    36  rtx_mutex.o(.text.osMutexNew)
    osMutexRelease                           0x08000aad   Thumb Code    36  rtx_mutex.o(.text.osMutexRelease)
    osRtxKernelPreInit                       0x08000ad1   Thumb Code     2  rtx_kernel.o(.text.osRtxKernelPreInit)
    osRtxMemoryAlloc                         0x08000ad3   Thumb Code   112  rtx_memory.o(.text.osRtxMemoryAlloc)
    osRtxMemoryFree                          0x08000b43   Thumb Code    70  rtx_memory.o(.text.osRtxMemoryFree)
    osRtxMemoryInit                          0x08000b89   Thumb Code    60  rtx_memory.o(.text.osRtxMemoryInit)
    osRtxMemoryPoolAlloc                     0x08000bc5   Thumb Code    58  rtx_mempool.o(.text.osRtxMemoryPoolAlloc)
    osRtxMemoryPoolFree                      0x08000bff   Thumb Code    74  rtx_mempool.o(.text.osRtxMemoryPoolFree)
    osRtxMemoryPoolInit                      0x08000c49   Thumb Code    54  rtx_mempool.o(.text.osRtxMemoryPoolInit)
    osRtxMutexOwnerRelease                   0x08000d39   Thumb Code    72  rtx_mutex.o(.text.osRtxMutexOwnerRelease)
    osRtxMutexOwnerRestore                   0x08000d81   Thumb Code    66  rtx_mutex.o(.text.osRtxMutexOwnerRestore)
    osRtxPendSV_Handler                      0x08000dc5   Thumb Code   140  rtx_system.o(.text.osRtxPendSV_Handler)
    osRtxPostProcess                         0x08000e51   Thumb Code   116  rtx_system.o(.text.osRtxPostProcess)
    osRtxThreadDelayTick                     0x08000fad   Thumb Code    76  rtx_thread.o(.text.osRtxThreadDelayTick)
    osRtxThreadDispatch                      0x08000ff9   Thumb Code    88  rtx_thread.o(.text.osRtxThreadDispatch)
    osRtxThreadListGet                       0x080010a9   Thumb Code    18  rtx_thread.o(.text.osRtxThreadListGet)
    osRtxThreadListPut                       0x080010bb   Thumb Code    44  rtx_thread.o(.text.osRtxThreadListPut)
    osRtxThreadListRemove                    0x080010e7   Thumb Code    20  rtx_thread.o(.text.osRtxThreadListRemove)
    osRtxThreadListSort                      0x08001107   Thumb Code    38  rtx_thread.o(.text.osRtxThreadListSort)
    osRtxThreadReadyPut                      0x08001155   Thumb Code    20  rtx_thread.o(.text.osRtxThreadReadyPut)
    osRtxThreadRegPtr                        0x08001169   Thumb Code    20  rtx_thread.o(.text.osRtxThreadRegPtr)
    osRtxThreadStartup                       0x0800117d   Thumb Code    64  rtx_thread.o(.text.osRtxThreadStartup)
    osRtxThreadSwitch                        0x080011bd   Thumb Code    16  rtx_thread.o(.text.osRtxThreadSwitch)
    osRtxThreadWaitEnter                     0x080011cd   Thumb Code    56  rtx_thread.o(.text.osRtxThreadWaitEnter)
    osRtxThreadWaitExit                      0x08001205   Thumb Code    50  rtx_thread.o(.text.osRtxThreadWaitExit)
    osRtxTick_Handler                        0x08001239   Thumb Code   112  rtx_system.o(.text.osRtxTick_Handler)
    osRtxTimerThread                         0x080012a9   Thumb Code    60  rtx_timer.o(.text.osRtxTimerThread)
    osThreadExit                             0x08001339   Thumb Code    12  rtx_thread.o(.text.osThreadExit)
    osThreadFlagsSet                         0x08001345   Thumb Code    88  rtx_thread.o(.text.osThreadFlagsSet)
    osThreadFlagsWait                        0x0800139d   Thumb Code    36  rtx_thread.o(.text.osThreadFlagsWait)
    osThreadNew                              0x080013c1   Thumb Code    36  rtx_thread.o(.text.osThreadNew)
    osThreadYield                            0x080013e5   Thumb Code    36  rtx_thread.o(.text.osThreadYield)
    BusFault_Handler                         0x08001e61   Thumb Code     4  stm32f4xx_it.o(i.BusFault_Handler)
    DebugMon_Handler                         0x08001e65   Thumb Code     2  stm32f4xx_it.o(i.DebugMon_Handler)
    HAL_GPIO_Init                            0x08001e6d   Thumb Code   486  stm32f4xx_hal_gpio.o(i.HAL_GPIO_Init)
    HAL_GPIO_WritePin                        0x08002089   Thumb Code    12  stm32f4xx_hal_gpio.o(i.HAL_GPIO_WritePin)
    HAL_GetREVID                             0x08002095   Thumb Code     8  stm32f4xx_hal.o(i.HAL_GetREVID)
    HAL_GetTick                              0x080020a1   Thumb Code    66  main.o(i.HAL_GetTick)
    HAL_Init                                 0x080020ed   Thumb Code    44  stm32f4xx_hal.o(i.HAL_Init)
    HAL_InitTick                             0x0800211d   Thumb Code    64  stm32f4xx_hal.o(i.HAL_InitTick)
    HAL_MspInit                              0x08002169   Thumb Code     2  stm32f4xx_hal.o(i.HAL_MspInit)
    HAL_NVIC_SetPriority                     0x0800216b   Thumb Code   124  stm32f4xx_hal_cortex.o(i.HAL_NVIC_SetPriority)
    HAL_NVIC_SetPriorityGrouping             0x080021e9   Thumb Code    32  stm32f4xx_hal_cortex.o(i.HAL_NVIC_SetPriorityGrouping)
    HAL_RCC_ClockConfig                      0x08002211   Thumb Code   368  stm32f4xx_hal_rcc.o(i.HAL_RCC_ClockConfig)
    HAL_RCC_GetSysClockFreq                  0x08002395   Thumb Code   162  stm32f4xx_hal_rcc.o(i.HAL_RCC_GetSysClockFreq)
    HAL_RCC_OscConfig                        0x08002445   Thumb Code  1152  stm32f4xx_hal_rcc.o(i.HAL_RCC_OscConfig)
    HAL_SYSTICK_Config                       0x080028cd   Thumb Code    52  stm32f4xx_hal_cortex.o(i.HAL_SYSTICK_Config)
    HardFault_Handler                        0x08002901   Thumb Code     4  stm32f4xx_it.o(i.HardFault_Handler)
    Init_Led                                 0x08002905   Thumb Code    84  main.o(i.Init_Led)
    Init_ThLed1                              0x08002965   Thumb Code    32  thled1.o(i.Init_ThLed1)
    Init_ThLed2                              0x0800298d   Thumb Code    32  thled2.o(i.Init_ThLed2)
    Init_ThLed3                              0x080029b5   Thumb Code    32  thled3.o(i.Init_ThLed3)
    MemManage_Handler                        0x080029dd   Thumb Code     4  stm32f4xx_it.o(i.MemManage_Handler)
    NMI_Handler                              0x080029e1   Thumb Code     2  stm32f4xx_it.o(i.NMI_Handler)
    SystemCoreClockUpdate                    0x08002aa5   Thumb Code   170  system_stm32f4xx.o(i.SystemCoreClockUpdate)
    SystemInit                               0x08002b65   Thumb Code    24  system_stm32f4xx.o(i.SystemInit)
    ThLed1                                   0x08002b81   Thumb Code    70  thled1.o(i.ThLed1)
    ThLed2                                   0x08002bd5   Thumb Code   106  thled2.o(i.ThLed2)
    ThLed3                                   0x08002c4d   Thumb Code   112  thled3.o(i.ThLed3)
    UsageFault_Handler                       0x08002cc9   Thumb Code     4  stm32f4xx_it.o(i.UsageFault_Handler)
    _mutex_acquire                           0x08002d05   Thumb Code    22  rtx_lib.o(i._mutex_acquire)
    _mutex_free                              0x08002d1b   Thumb Code    12  rtx_lib.o(i._mutex_free)
    _mutex_initialize                        0x08002d27   Thumb Code    34  rtx_lib.o(i._mutex_initialize)
    _mutex_release                           0x08002d49   Thumb Code    18  rtx_lib.o(i._mutex_release)
    _platform_post_stackheap_init            0x08002d5b   Thumb Code     8  rtx_lib.o(i._platform_post_stackheap_init)
    main                                     0x08002d63   Thumb Code    40  main.o(i.main)
    osRtxErrorNotify                         0x08002d8b   Thumb Code    34  rtx_config.o(i.osRtxErrorNotify)
    osRtxIdleThread                          0x08002dad   Thumb Code     4  rtx_config.o(i.osRtxIdleThread)
    osRtxThreadStackCheck                    0x08002db1   Thumb Code     2  rtx_lib.o(i.osRtxThreadStackCheck)
    _fp_init                                 0x08002dd5   Thumb Code    10  fpinit.o(x$fpl$fpinit)
    __fplib_config_fpu_vfp                   0x08002ddd   Thumb Code     0  fpinit.o(x$fpl$fpinit)
    __fplib_config_pureend_doubles           0x08002ddd   Thumb Code     0  fpinit.o(x$fpl$fpinit)
    osRtxUserSVC                             0x08002e40   Data           4  rtx_lib.o(.constdata)
    AHBPrescTable                            0x08002e44   Data          16  system_stm32f4xx.o(.constdata)
    APBPrescTable                            0x08002e54   Data           8  system_stm32f4xx.o(.constdata)
    irqRtxLib                                0x08002e5c   Data           1  irq_cm4f.o(.constdata)
    osRtxConfig                              0x08002e60   Data         104  rtx_lib.o(.rodata)
    os_cb_sections                           0x08002ec8   Data          56  rtx_lib.o(.rodata)
    Region$$Table$$Base                      0x08002f0c   Number         0  anon$$obj.o(Region$$Table)
    Region$$Table$$Limit                     0x08002f2c   Number         0  anon$$obj.o(Region$$Table)
    .bss.os.msgqueue.cb$$Base                0x20008040   Number         0  rtx_lib.o(.bss.os.msgqueue.cb)
    .bss.os.msgqueue.cb$$Limit               0x20008074   Number         0  rtx_lib.o(.bss.os.msgqueue.cb)
    .bss.os.thread.cb$$Base                  0x200080c4   Number         0  rtx_lib.o(.bss.os.thread.cb)
    .bss.os.thread.cb$$Limit                 0x2000814c   Number         0  rtx_lib.o(.bss.os.thread.cb)
    ciclosLed1                               0x20008554   Data           4  thled1.o(.data)
    tid_ThLed1                               0x20008558   Data           4  thled1.o(.data)
    ciclosLed2                               0x2000855c   Data           4  thled2.o(.data)
    tid_ThLed2                               0x20008560   Data           4  thled2.o(.data)
    ciclosLed3                               0x20008564   Data           4  thled3.o(.data)
    tid_ThLed3                               0x20008568   Data           4  thled3.o(.data)
    irqRtxLibRef                             0x2000856c   Data           4  rtx_lib.o(.data)
    uwTick                                   0x20008574   Data           4  stm32f4xx_hal.o(.data)
    uwTickPrio                               0x20008578   Data           4  stm32f4xx_hal.o(.data)
    uwTickFreq                               0x2000857c   Data           1  stm32f4xx_hal.o(.data)
    SystemCoreClock                          0x20008580   Data           4  system_stm32f4xx.o(.data)
    osRtxInfo                                0x20008584   Data         164  rtx_kernel.o(.data.os)
    __libspace_start                         0x2000863c   Data          96  libspace.o(.bss)
    __temporary_stack_top$libspace           0x2000869c   Data           0  libspace.o(.bss)



==============================================================================

Memory Map of the image

  Image Entry point : 0x080001ad

  Load Region LR_IROM1 (Base: 0x08000000, Size: 0x0000b554, Max: 0x00200000, ABSOLUTE, COMPRESSED[0x00003050])

    Execution Region ER_IROM1 (Exec base: 0x08000000, Load base: 0x08000000, Size: 0x00002f2c, Max: 0x00200000, ABSOLUTE)

    Exec Addr    Load Addr    Size         Type   Attr      Idx    E Section Name        Object

    0x08000000   0x08000000   0x000001ac   Data   RO         1194    RESET               startup_stm32f429xx.o
    0x080001ac   0x080001ac   0x00000008   Code   RO         1716  * !!!main             c_w.l(__main.o)
    0x080001b4   0x080001b4   0x00000034   Code   RO         1887    !!!scatter          c_w.l(__scatter.o)
    0x080001e8   0x080001e8   0x0000005a   Code   RO         1885    !!dczerorl2         c_w.l(__dczerorl2.o)
    0x08000242   0x08000242   0x00000002   PAD
    0x08000244   0x08000244   0x0000001c   Code   RO         1889    !!handler_zi        c_w.l(__scatter_zi.o)
    0x08000260   0x08000260   0x00000002   Code   RO         1753    .ARM.Collect$$libinit$$00000000  c_w.l(libinit.o)
    0x08000262   0x08000262   0x00000004   Code   RO         1765    .ARM.Collect$$libinit$$00000001  c_w.l(libinit2.o)
    0x08000266   0x08000266   0x00000000   Code   RO         1768    .ARM.Collect$$libinit$$00000004  c_w.l(libinit2.o)
    0x08000266   0x08000266   0x00000000   Code   RO         1771    .ARM.Collect$$libinit$$0000000A  c_w.l(libinit2.o)
    0x08000266   0x08000266   0x00000000   Code   RO         1773    .ARM.Collect$$libinit$$0000000C  c_w.l(libinit2.o)
    0x08000266   0x08000266   0x00000000   Code   RO         1775    .ARM.Collect$$libinit$$0000000E  c_w.l(libinit2.o)
    0x08000266   0x08000266   0x00000000   Code   RO         1778    .ARM.Collect$$libinit$$00000011  c_w.l(libinit2.o)
    0x08000266   0x08000266   0x00000000   Code   RO         1780    .ARM.Collect$$libinit$$00000013  c_w.l(libinit2.o)
    0x08000266   0x08000266   0x00000000   Code   RO         1782    .ARM.Collect$$libinit$$00000015  c_w.l(libinit2.o)
    0x08000266   0x08000266   0x00000000   Code   RO         1784    .ARM.Collect$$libinit$$00000017  c_w.l(libinit2.o)
    0x08000266   0x08000266   0x00000000   Code   RO         1786    .ARM.Collect$$libinit$$00000019  c_w.l(libinit2.o)
    0x08000266   0x08000266   0x00000000   Code   RO         1788    .ARM.Collect$$libinit$$0000001B  c_w.l(libinit2.o)
    0x08000266   0x08000266   0x00000000   Code   RO         1790    .ARM.Collect$$libinit$$0000001D  c_w.l(libinit2.o)
    0x08000266   0x08000266   0x00000000   Code   RO         1792    .ARM.Collect$$libinit$$0000001F  c_w.l(libinit2.o)
    0x08000266   0x08000266   0x00000000   Code   RO         1794    .ARM.Collect$$libinit$$00000021  c_w.l(libinit2.o)
    0x08000266   0x08000266   0x00000000   Code   RO         1796    .ARM.Collect$$libinit$$00000023  c_w.l(libinit2.o)
    0x08000266   0x08000266   0x00000000   Code   RO         1798    .ARM.Collect$$libinit$$00000025  c_w.l(libinit2.o)
    0x08000266   0x08000266   0x00000000   Code   RO         1802    .ARM.Collect$$libinit$$0000002C  c_w.l(libinit2.o)
    0x08000266   0x08000266   0x00000000   Code   RO         1804    .ARM.Collect$$libinit$$0000002E  c_w.l(libinit2.o)
    0x08000266   0x08000266   0x00000000   Code   RO         1806    .ARM.Collect$$libinit$$00000030  c_w.l(libinit2.o)
    0x08000266   0x08000266   0x00000000   Code   RO         1808    .ARM.Collect$$libinit$$00000032  c_w.l(libinit2.o)
    0x08000266   0x08000266   0x00000002   Code   RO         1809    .ARM.Collect$$libinit$$00000033  c_w.l(libinit2.o)
    0x08000268   0x08000268   0x00000002   Code   RO         1840    .ARM.Collect$$libshutdown$$00000000  c_w.l(libshutdown.o)
    0x0800026a   0x0800026a   0x00000000   Code   RO         1866    .ARM.Collect$$libshutdown$$00000002  c_w.l(libshutdown2.o)
    0x0800026a   0x0800026a   0x00000000   Code   RO         1868    .ARM.Collect$$libshutdown$$00000004  c_w.l(libshutdown2.o)
    0x0800026a   0x0800026a   0x00000000   Code   RO         1870    .ARM.Collect$$libshutdown$$00000006  c_w.l(libshutdown2.o)
    0x0800026a   0x0800026a   0x00000000   Code   RO         1873    .ARM.Collect$$libshutdown$$00000009  c_w.l(libshutdown2.o)
    0x0800026a   0x0800026a   0x00000000   Code   RO         1876    .ARM.Collect$$libshutdown$$0000000C  c_w.l(libshutdown2.o)
    0x0800026a   0x0800026a   0x00000000   Code   RO         1878    .ARM.Collect$$libshutdown$$0000000E  c_w.l(libshutdown2.o)
    0x0800026a   0x0800026a   0x00000000   Code   RO         1881    .ARM.Collect$$libshutdown$$00000011  c_w.l(libshutdown2.o)
    0x0800026a   0x0800026a   0x00000002   Code   RO         1882    .ARM.Collect$$libshutdown$$00000012  c_w.l(libshutdown2.o)
    0x0800026c   0x0800026c   0x00000000   Code   RO         1718    .ARM.Collect$$rtentry$$00000000  c_w.l(__rtentry.o)
    0x0800026c   0x0800026c   0x00000000   Code   RO         1726    .ARM.Collect$$rtentry$$00000002  c_w.l(__rtentry2.o)
    0x0800026c   0x0800026c   0x00000006   Code   RO         1738    .ARM.Collect$$rtentry$$00000004  c_w.l(__rtentry4.o)
    0x08000272   0x08000272   0x00000008   Code   RO         1727    .ARM.Collect$$rtentry$$00000008  c_w.l(__rtentry2.o)
    0x0800027a   0x0800027a   0x00000004   Code   RO         1729    .ARM.Collect$$rtentry$$0000000A  c_w.l(__rtentry2.o)
    0x0800027e   0x0800027e   0x00000000   Code   RO         1731    .ARM.Collect$$rtentry$$0000000C  c_w.l(__rtentry2.o)
    0x0800027e   0x0800027e   0x00000008   Code   RO         1732    .ARM.Collect$$rtentry$$0000000D  c_w.l(__rtentry2.o)
    0x08000286   0x08000286   0x00000002   Code   RO         1757    .ARM.Collect$$rtexit$$00000000  c_w.l(rtexit.o)
    0x08000288   0x08000288   0x00000000   Code   RO         1813    .ARM.Collect$$rtexit$$00000002  c_w.l(rtexit2.o)
    0x08000288   0x08000288   0x00000004   Code   RO         1814    .ARM.Collect$$rtexit$$00000003  c_w.l(rtexit2.o)
    0x0800028c   0x0800028c   0x00000006   Code   RO         1815    .ARM.Collect$$rtexit$$00000004  c_w.l(rtexit2.o)
    0x08000292   0x08000292   0x00000002   PAD
    0x08000294   0x08000294   0x00000040   Code   RO         1195    .text               startup_stm32f429xx.o
    0x080002d4   0x080002d4   0x000000c4   Code   RO         1491    .text               RTX_CM4F.lib(irq_cm4f.o)
    0x08000398   0x08000398   0x000000ee   Code   RO         1706    .text               c_w.l(lludivv7m.o)
    0x08000486   0x08000486   0x0000008a   Code   RO         1708    .text               c_w.l(rt_memcpy_v6.o)
    0x08000510   0x08000510   0x00000044   Code   RO         1710    .text               c_w.l(rt_memclr.o)
    0x08000554   0x08000554   0x0000004e   Code   RO         1712    .text               c_w.l(rt_memclr_w.o)
    0x080005a2   0x080005a2   0x00000006   Code   RO         1714    .text               c_w.l(heapauxi.o)
    0x080005a8   0x080005a8   0x00000064   Code   RO         1723    .text               c_w.l(rt_memcpy_w.o)
    0x0800060c   0x0800060c   0x0000004a   Code   RO         1742    .text               c_w.l(sys_stackheap_outer.o)
    0x08000656   0x08000656   0x00000012   Code   RO         1744    .text               c_w.l(exit.o)
    0x08000668   0x08000668   0x00000008   Code   RO         1754    .text               c_w.l(libspace.o)
    0x08000670   0x08000670   0x0000000c   Code   RO         1810    .text               c_w.l(sys_exit.o)
    0x0800067c   0x0800067c   0x00000002   Code   RO         1829    .text               c_w.l(use_no_semi.o)
    0x0800067e   0x0800067e   0x00000000   Code   RO         1831    .text               c_w.l(indicate_semi.o)
    0x0800067e   0x0800067e   0x00000040   Code   RO         1688    .text.MessageQueueGet  RTX_CM4F.lib(rtx_msgqueue.o)
    0x080006be   0x080006be   0x00000058   Code   RO         1682    .text.MessageQueuePut  RTX_CM4F.lib(rtx_msgqueue.o)
    0x08000716   0x08000716   0x0000001c   Code   RO         1680    .text.MessageQueueRemove  RTX_CM4F.lib(rtx_msgqueue.o)
    0x08000732   0x08000732   0x00000002   PAD
    0x08000734   0x08000734   0x0000000c   Code   RO         1626    .text.OS_Tick_AcknowledgeIRQ  RTX_CM4F.lib(os_systick.o)
    0x08000740   0x08000740   0x0000002c   Code   RO         1622    .text.OS_Tick_Enable  RTX_CM4F.lib(os_systick.o)
    0x0800076c   0x0800076c   0x00000006   Code   RO         1628    .text.OS_Tick_GetIRQn  RTX_CM4F.lib(os_systick.o)
    0x08000772   0x08000772   0x00000002   PAD
    0x08000774   0x08000774   0x00000040   Code   RO         1620    .text.OS_Tick_Setup  RTX_CM4F.lib(os_systick.o)
    0x080007b4   0x080007b4   0x0000006e   Code   RO         1384    .text.ThreadFlagsCheck  RTX_CM4F.lib(rtx_thread.o)
    0x08000822   0x08000822   0x00000002   PAD
    0x08000824   0x08000824   0x00000048   Code   RO         1512    .text.TimerInsert   RTX_CM4F.lib(rtx_timer.o)
    0x0800086c   0x0800086c   0x00000024   Code   RO         1437    .text.osDelay       RTX_CM4F.lib(rtx_delay.o)
    0x08000890   0x08000890   0x00000030   Code   RO         1245    .text.osKernelGetState  RTX_CM4F.lib(rtx_kernel.o)
    0x080008c0   0x080008c0   0x00000028   Code   RO         1261    .text.osKernelGetTickCount  RTX_CM4F.lib(rtx_kernel.o)
    0x080008e8   0x080008e8   0x0000002c   Code   RO         1239    .text.osKernelInitialize  RTX_CM4F.lib(rtx_kernel.o)
    0x08000914   0x08000914   0x00000024   Code   RO         1249    .text.osKernelStart  RTX_CM4F.lib(rtx_kernel.o)
    0x08000938   0x08000938   0x0000006c   Code   RO         1654    .text.osMessageQueueGet  RTX_CM4F.lib(rtx_msgqueue.o)
    0x080009a4   0x080009a4   0x00000024   Code   RO         1648    .text.osMessageQueueNew  RTX_CM4F.lib(rtx_msgqueue.o)
    0x080009c8   0x080009c8   0x00000078   Code   RO         1652    .text.osMessageQueuePut  RTX_CM4F.lib(rtx_msgqueue.o)
    0x08000a40   0x08000a40   0x00000024   Code   RO         1462    .text.osMutexAcquire  RTX_CM4F.lib(rtx_mutex.o)
    0x08000a64   0x08000a64   0x00000024   Code   RO         1468    .text.osMutexDelete  RTX_CM4F.lib(rtx_mutex.o)
    0x08000a88   0x08000a88   0x00000024   Code   RO         1458    .text.osMutexNew    RTX_CM4F.lib(rtx_mutex.o)
    0x08000aac   0x08000aac   0x00000024   Code   RO         1464    .text.osMutexRelease  RTX_CM4F.lib(rtx_mutex.o)
    0x08000ad0   0x08000ad0   0x00000002   Code   RO         1237    .text.osRtxKernelPreInit  RTX_CM4F.lib(rtx_kernel.o)
    0x08000ad2   0x08000ad2   0x00000070   Code   RO         1539    .text.osRtxMemoryAlloc  RTX_CM4F.lib(rtx_memory.o)
    0x08000b42   0x08000b42   0x00000046   Code   RO         1541    .text.osRtxMemoryFree  RTX_CM4F.lib(rtx_memory.o)
    0x08000b88   0x08000b88   0x0000003c   Code   RO         1537    .text.osRtxMemoryInit  RTX_CM4F.lib(rtx_memory.o)
    0x08000bc4   0x08000bc4   0x0000003a   Code   RO         1554    .text.osRtxMemoryPoolAlloc  RTX_CM4F.lib(rtx_mempool.o)
    0x08000bfe   0x08000bfe   0x0000004a   Code   RO         1556    .text.osRtxMemoryPoolFree  RTX_CM4F.lib(rtx_mempool.o)
    0x08000c48   0x08000c48   0x00000036   Code   RO         1552    .text.osRtxMemoryPoolInit  RTX_CM4F.lib(rtx_mempool.o)
    0x08000c7e   0x08000c7e   0x000000ba   Code   RO         1678    .text.osRtxMessageQueuePostProcess  RTX_CM4F.lib(rtx_msgqueue.o)
    0x08000d38   0x08000d38   0x00000048   Code   RO         1454    .text.osRtxMutexOwnerRelease  RTX_CM4F.lib(rtx_mutex.o)
    0x08000d80   0x08000d80   0x00000042   Code   RO         1456    .text.osRtxMutexOwnerRestore  RTX_CM4F.lib(rtx_mutex.o)
    0x08000dc2   0x08000dc2   0x00000002   PAD
    0x08000dc4   0x08000dc4   0x0000008c   Code   RO         1607    .text.osRtxPendSV_Handler  RTX_CM4F.lib(rtx_system.o)
    0x08000e50   0x08000e50   0x00000074   Code   RO         1609    .text.osRtxPostProcess  RTX_CM4F.lib(rtx_system.o)
    0x08000ec4   0x08000ec4   0x00000038   Code   RO         1324    .text.osRtxThreadBlock  RTX_CM4F.lib(rtx_thread.o)
    0x08000efc   0x08000efc   0x00000074   Code   RO         1332    .text.osRtxThreadDelayInsert  RTX_CM4F.lib(rtx_thread.o)
    0x08000f70   0x08000f70   0x0000003c   Code   RO         1328    .text.osRtxThreadDelayRemove  RTX_CM4F.lib(rtx_thread.o)
    0x08000fac   0x08000fac   0x0000004c   Code   RO         1312    .text.osRtxThreadDelayTick  RTX_CM4F.lib(rtx_thread.o)
    0x08000ff8   0x08000ff8   0x00000058   Code   RO         1322    .text.osRtxThreadDispatch  RTX_CM4F.lib(rtx_thread.o)
    0x08001050   0x08001050   0x00000058   Code   RO         1408    .text.osRtxThreadFree  RTX_CM4F.lib(rtx_thread.o)
    0x080010a8   0x080010a8   0x00000012   Code   RO         1304    .text.osRtxThreadListGet  RTX_CM4F.lib(rtx_thread.o)
    0x080010ba   0x080010ba   0x0000002c   Code   RO         1302    .text.osRtxThreadListPut  RTX_CM4F.lib(rtx_thread.o)
    0x080010e6   0x080010e6   0x00000014   Code   RO         1308    .text.osRtxThreadListRemove  RTX_CM4F.lib(rtx_thread.o)
    0x080010fa   0x080010fa   0x0000000c   Code   RO         1314    .text.osRtxThreadListRoot  RTX_CM4F.lib(rtx_thread.o)
    0x08001106   0x08001106   0x00000026   Code   RO         1306    .text.osRtxThreadListSort  RTX_CM4F.lib(rtx_thread.o)
    0x0800112c   0x0800112c   0x00000028   Code   RO         1382    .text.osRtxThreadPostProcess  RTX_CM4F.lib(rtx_thread.o)
    0x08001154   0x08001154   0x00000014   Code   RO         1310    .text.osRtxThreadReadyPut  RTX_CM4F.lib(rtx_thread.o)
    0x08001168   0x08001168   0x00000014   Code   RO         1316    .text.osRtxThreadRegPtr  RTX_CM4F.lib(rtx_thread.o)
    0x0800117c   0x0800117c   0x00000040   Code   RO         1334    .text.osRtxThreadStartup  RTX_CM4F.lib(rtx_thread.o)
    0x080011bc   0x080011bc   0x00000010   Code   RO         1318    .text.osRtxThreadSwitch  RTX_CM4F.lib(rtx_thread.o)
    0x080011cc   0x080011cc   0x00000038   Code   RO         1330    .text.osRtxThreadWaitEnter  RTX_CM4F.lib(rtx_thread.o)
    0x08001204   0x08001204   0x00000032   Code   RO         1326    .text.osRtxThreadWaitExit  RTX_CM4F.lib(rtx_thread.o)
    0x08001236   0x08001236   0x00000002   PAD
    0x08001238   0x08001238   0x00000070   Code   RO         1605    .text.osRtxTick_Handler  RTX_CM4F.lib(rtx_system.o)
    0x080012a8   0x080012a8   0x0000003c   Code   RO         1496    .text.osRtxTimerThread  RTX_CM4F.lib(rtx_timer.o)
    0x080012e4   0x080012e4   0x00000054   Code   RO         1498    .text.osRtxTimerTick  RTX_CM4F.lib(rtx_timer.o)
    0x08001338   0x08001338   0x0000000c   Code   RO         1366    .text.osThreadExit  RTX_CM4F.lib(rtx_thread.o)
    0x08001344   0x08001344   0x00000058   Code   RO         1374    .text.osThreadFlagsSet  RTX_CM4F.lib(rtx_thread.o)
    0x0800139c   0x0800139c   0x00000024   Code   RO         1380    .text.osThreadFlagsWait  RTX_CM4F.lib(rtx_thread.o)
    0x080013c0   0x080013c0   0x00000024   Code   RO         1338    .text.osThreadNew   RTX_CM4F.lib(rtx_thread.o)
    0x080013e4   0x080013e4   0x00000024   Code   RO         1356    .text.osThreadYield  RTX_CM4F.lib(rtx_thread.o)
    0x08001408   0x08001408   0x00000014   Code   RO         1441    .text.svcRtxDelay   RTX_CM4F.lib(rtx_delay.o)
    0x0800141c   0x0800141c   0x0000000c   Code   RO         1247    .text.svcRtxKernelGetState  RTX_CM4F.lib(rtx_kernel.o)
    0x08001428   0x08001428   0x0000000c   Code   RO         1263    .text.svcRtxKernelGetTickCount  RTX_CM4F.lib(rtx_kernel.o)
    0x08001434   0x08001434   0x00000150   Code   RO         1277    .text.svcRtxKernelInitialize  RTX_CM4F.lib(rtx_kernel.o)
    0x08001584   0x08001584   0x00000088   Code   RO         1279    .text.svcRtxKernelStart  RTX_CM4F.lib(rtx_kernel.o)
    0x0800160c   0x0800160c   0x000000e0   Code   RO         1690    .text.svcRtxMessageQueueGet  RTX_CM4F.lib(rtx_msgqueue.o)
    0x080016ec   0x080016ec   0x00000130   Code   RO         1676    .text.svcRtxMessageQueueNew  RTX_CM4F.lib(rtx_msgqueue.o)
    0x0800181c   0x0800181c   0x000000c0   Code   RO         1686    .text.svcRtxMessageQueuePut  RTX_CM4F.lib(rtx_msgqueue.o)
    0x080018dc   0x080018dc   0x00000094   Code   RO         1474    .text.svcRtxMutexAcquire  RTX_CM4F.lib(rtx_mutex.o)
    0x08001970   0x08001970   0x000000b0   Code   RO         1480    .text.svcRtxMutexDelete  RTX_CM4F.lib(rtx_mutex.o)
    0x08001a20   0x08001a20   0x00000068   Code   RO         1470    .text.svcRtxMutexNew  RTX_CM4F.lib(rtx_mutex.o)
    0x08001a88   0x08001a88   0x000000b4   Code   RO         1476    .text.svcRtxMutexRelease  RTX_CM4F.lib(rtx_mutex.o)
    0x08001b3c   0x08001b3c   0x00000068   Code   RO         1412    .text.svcRtxThreadExit  RTX_CM4F.lib(rtx_thread.o)
    0x08001ba4   0x08001ba4   0x00000066   Code   RO         1420    .text.svcRtxThreadFlagsSet  RTX_CM4F.lib(rtx_thread.o)
    0x08001c0a   0x08001c0a   0x00000002   PAD
    0x08001c0c   0x08001c0c   0x0000004c   Code   RO         1426    .text.svcRtxThreadFlagsWait  RTX_CM4F.lib(rtx_thread.o)
    0x08001c58   0x08001c58   0x000001d0   Code   RO         1336    .text.svcRtxThreadNew  RTX_CM4F.lib(rtx_thread.o)
    0x08001e28   0x08001e28   0x00000038   Code   RO         1398    .text.svcRtxThreadYield  RTX_CM4F.lib(rtx_thread.o)
    0x08001e60   0x08001e60   0x00000004   Code   RO          142    i.BusFault_Handler  stm32f4xx_it.o
    0x08001e64   0x08001e64   0x00000002   Code   RO          143    i.DebugMon_Handler  stm32f4xx_it.o
    0x08001e66   0x08001e66   0x00000004   Code   RO            4    i.Error_Handler     main.o
    0x08001e6a   0x08001e6a   0x00000002   PAD
    0x08001e6c   0x08001e6c   0x0000021c   Code   RO          772    i.HAL_GPIO_Init     stm32f4xx_hal_gpio.o
    0x08002088   0x08002088   0x0000000c   Code   RO          776    i.HAL_GPIO_WritePin  stm32f4xx_hal_gpio.o
    0x08002094   0x08002094   0x0000000c   Code   RO          445    i.HAL_GetREVID      stm32f4xx_hal.o
    0x080020a0   0x080020a0   0x0000004c   Code   RO            5    i.HAL_GetTick       main.o
    0x080020ec   0x080020ec   0x00000030   Code   RO          453    i.HAL_Init          stm32f4xx_hal.o
    0x0800211c   0x0800211c   0x0000004c   Code   RO          454    i.HAL_InitTick      stm32f4xx_hal.o
    0x08002168   0x08002168   0x00000002   Code   RO          456    i.HAL_MspInit       stm32f4xx_hal.o
    0x0800216a   0x0800216a   0x0000007c   Code   RO          640    i.HAL_NVIC_SetPriority  stm32f4xx_hal_cortex.o
    0x080021e6   0x080021e6   0x00000002   PAD
    0x080021e8   0x080021e8   0x00000028   Code   RO          641    i.HAL_NVIC_SetPriorityGrouping  stm32f4xx_hal_cortex.o
    0x08002210   0x08002210   0x00000184   Code   RO         1028    i.HAL_RCC_ClockConfig  stm32f4xx_hal_rcc.o
    0x08002394   0x08002394   0x000000b0   Code   RO         1037    i.HAL_RCC_GetSysClockFreq  stm32f4xx_hal_rcc.o
    0x08002444   0x08002444   0x00000488   Code   RO         1040    i.HAL_RCC_OscConfig  stm32f4xx_hal_rcc.o
    0x080028cc   0x080028cc   0x00000034   Code   RO          645    i.HAL_SYSTICK_Config  stm32f4xx_hal_cortex.o
    0x08002900   0x08002900   0x00000004   Code   RO          144    i.HardFault_Handler  stm32f4xx_it.o
    0x08002904   0x08002904   0x00000060   Code   RO            6    i.Init_Led          main.o
    0x08002964   0x08002964   0x00000028   Code   RO          199    i.Init_ThLed1       thled1.o
    0x0800298c   0x0800298c   0x00000028   Code   RO          239    i.Init_ThLed2       thled2.o
    0x080029b4   0x080029b4   0x00000028   Code   RO          273    i.Init_ThLed3       thled3.o
    0x080029dc   0x080029dc   0x00000004   Code   RO          145    i.MemManage_Handler  stm32f4xx_it.o
    0x080029e0   0x080029e0   0x00000002   Code   RO          146    i.NMI_Handler       stm32f4xx_it.o
    0x080029e2   0x080029e2   0x00000002   PAD
    0x080029e4   0x080029e4   0x000000c0   Code   RO            7    i.SystemClock_Config  main.o
    0x08002aa4   0x08002aa4   0x000000c0   Code   RO         1202    i.SystemCoreClockUpdate  system_stm32f4xx.o
    0x08002b64   0x08002b64   0x0000001c   Code   RO         1203    i.SystemInit        system_stm32f4xx.o
    0x08002b80   0x08002b80   0x00000054   Code   RO          200    i.ThLed1            thled1.o
    0x08002bd4   0x08002bd4   0x00000078   Code   RO          240    i.ThLed2            thled2.o
    0x08002c4c   0x08002c4c   0x0000007c   Code   RO          274    i.ThLed3            thled3.o
    0x08002cc8   0x08002cc8   0x00000004   Code   RO          147    i.UsageFault_Handler  stm32f4xx_it.o
    0x08002ccc   0x08002ccc   0x00000010   Code   RO          647    i.__NVIC_GetPriorityGrouping  stm32f4xx_hal_cortex.o
    0x08002cdc   0x08002cdc   0x00000028   Code   RO          648    i.__NVIC_SetPriority  stm32f4xx_hal_cortex.o
    0x08002d04   0x08002d04   0x00000016   Code   RO          308    i._mutex_acquire    rtx_lib.o
    0x08002d1a   0x08002d1a   0x0000000c   Code   RO          309    i._mutex_free       rtx_lib.o
    0x08002d26   0x08002d26   0x00000022   Code   RO          310    i._mutex_initialize  rtx_lib.o
    0x08002d48   0x08002d48   0x00000012   Code   RO          311    i._mutex_release    rtx_lib.o
    0x08002d5a   0x08002d5a   0x00000008   Code   RO          312    i._platform_post_stackheap_init  rtx_lib.o
    0x08002d62   0x08002d62   0x00000028   Code   RO            8    i.main              main.o
    0x08002d8a   0x08002d8a   0x00000022   Code   RO          397    i.osRtxErrorNotify  rtx_config.o
    0x08002dac   0x08002dac   0x00000004   Code   RO          398    i.osRtxIdleThread   rtx_config.o
    0x08002db0   0x08002db0   0x00000002   Code   RO          313    i.osRtxThreadStackCheck  rtx_lib.o
    0x08002db2   0x08002db2   0x00000002   PAD
    0x08002db4   0x08002db4   0x00000020   Code   RO          314    i.os_kernel_is_active  rtx_lib.o
    0x08002dd4   0x08002dd4   0x0000000a   Code   RO         1825    x$fpl$fpinit        fz_wm.l(fpinit.o)
    0x08002dde   0x08002dde   0x00000002   PAD
    0x08002de0   0x08002de0   0x00000064   Data   RO          321    .constdata          rtx_lib.o
    0x08002e44   0x08002e44   0x00000018   Data   RO         1204    .constdata          system_stm32f4xx.o
    0x08002e5c   0x08002e5c   0x00000001   Data   RO         1490    .constdata          RTX_CM4F.lib(irq_cm4f.o)
    0x08002e5d   0x08002e5d   0x00000003   PAD
    0x08002e60   0x08002e60   0x000000a0   Data   RO          323    .rodata             rtx_lib.o
    0x08002f00   0x08002f00   0x0000000b   Data   RO         1291    .rodata.str1.4      RTX_CM4F.lib(rtx_kernel.o)
    0x08002f0b   0x08002f0b   0x00000001   PAD
    0x08002f0c   0x08002f0c   0x00000020   Data   RO         1883    Region$$Table       anon$$obj.o


    Execution Region RW_IRAM1 (Exec base: 0x20000000, Load base: 0x08002f2c, Size: 0x00008ca0, Max: 0x00030000, ABSOLUTE, COMPRESSED[0x00000124])

    Exec Addr    Load Addr    Size         Type   Attr      Idx    E Section Name        Object

    0x20000000   COMPRESSED   0x00008040   Data   RW          315    .bss.os             rtx_lib.o
    0x20008040   COMPRESSED   0x00000034   Data   RW          317    .bss.os.msgqueue.cb  rtx_lib.o
    0x20008074   COMPRESSED   0x00000050   Data   RW          318    .bss.os.msgqueue.mem  rtx_lib.o
    0x200080c4   COMPRESSED   0x00000088   Data   RW          319    .bss.os.thread.cb   rtx_lib.o
    0x2000814c   COMPRESSED   0x00000004   PAD
    0x20008150   COMPRESSED   0x00000400   Data   RW          320    .bss.os.thread.stack  rtx_lib.o
    0x20008550   COMPRESSED   0x00000004   Data   RW           10    .data               main.o
    0x20008554   COMPRESSED   0x00000008   Data   RW          201    .data               thled1.o
    0x2000855c   COMPRESSED   0x00000008   Data   RW          241    .data               thled2.o
    0x20008564   COMPRESSED   0x00000008   Data   RW          275    .data               thled3.o
    0x2000856c   COMPRESSED   0x00000005   Data   RW          322    .data               rtx_lib.o
    0x20008571   COMPRESSED   0x00000003   PAD
    0x20008574   COMPRESSED   0x00000009   Data   RW          460    .data               stm32f4xx_hal.o
    0x2000857d   COMPRESSED   0x00000003   PAD
    0x20008580   COMPRESSED   0x00000004   Data   RW         1205    .data               system_stm32f4xx.o
    0x20008584   COMPRESSED   0x000000a4   Data   RW         1292    .data.os            RTX_CM4F.lib(rtx_kernel.o)
    0x20008628        -       0x00000014   Zero   RW            9    .bss                main.o
    0x2000863c        -       0x00000060   Zero   RW         1755    .bss                c_w.l(libspace.o)
    0x2000869c        -       0x00000001   Zero   RW         1638    .bss.PendST         RTX_CM4F.lib(os_systick.o)
    0x2000869d   COMPRESSED   0x00000003   PAD
    0x200086a0        -       0x00000200   Zero   RW         1193    HEAP                startup_stm32f429xx.o
    0x200088a0        -       0x00000400   Zero   RW         1192    STACK               startup_stm32f429xx.o


==============================================================================

Image component sizes


      Code (inc. data)   RO Data    RW Data    ZI Data      Debug   Object Name

       408         34          0          4         20     701060   main.o
        38          0          0          0          0       1069   rtx_config.o
       128          4        260      34129          0      13502   rtx_lib.o
        64         26        428          0       1536        868   startup_stm32f429xx.o
       138         20          0          9          0       9462   stm32f4xx_hal.o
       272         22          0          0          0      34226   stm32f4xx_hal_cortex.o
       552         54          0          0          0       2616   stm32f4xx_hal_gpio.o
      1724         58          0          0          0       4264   stm32f4xx_hal_rcc.o
        20          0          0          0          0       2685   stm32f4xx_it.o
       220         26         24          4          0       2031   system_stm32f4xx.o
       124         22          0          8          0       5007   thled1.o
       160         22          0          8          0       1291   thled2.o
       164         20          0          8          0       1291   thled3.o

    ----------------------------------------------------------------------
      4020        308        744      34180       1556     779372   Object Totals
         0          0         32          0          0          0   (incl. Generated)
         8          0          0         10          0          0   (incl. Padding)

    ----------------------------------------------------------------------

      Code (inc. data)   RO Data    RW Data    ZI Data      Debug   Library Member Name

       196         12          1          0          0        540   irq_cm4f.o
       126         32          0          0          1       3108   os_systick.o
        56          4          0          0          0       2854   rtx_delay.o
       666         60         11        164          0      17231   rtx_kernel.o
       242          0          0          0          0       2478   rtx_memory.o
       186          0          0          0          0      16576   rtx_mempool.o
      1350         28          0          0          0      18694   rtx_msgqueue.o
       890         32          0          0          0      10004   rtx_mutex.o
       368         26          0          0          0       5437   rtx_system.o
      2002        104          0          0          0      32850   rtx_thread.o
       216         20          0          0          0      10445   rtx_timer.o
        90          0          0          0          0          0   __dczerorl2.o
         8          0          0          0          0         68   __main.o
         0          0          0          0          0          0   __rtentry.o
        20          0          0          0          0          0   __rtentry2.o
         6          0          0          0          0          0   __rtentry4.o
        52          8          0          0          0          0   __scatter.o
        28          0          0          0          0          0   __scatter_zi.o
        18          0          0          0          0         80   exit.o
         6          0          0          0          0        152   heapauxi.o
         0          0          0          0          0          0   indicate_semi.o
         2          0          0          0          0          0   libinit.o
         6          0          0          0          0          0   libinit2.o
         2          0          0          0          0          0   libshutdown.o
         2          0          0          0          0          0   libshutdown2.o
         8          4          0          0         96         68   libspace.o
       238          0          0          0          0        100   lludivv7m.o
        68          0          0          0          0         68   rt_memclr.o
        78          0          0          0          0         80   rt_memclr_w.o
       138          0          0          0          0         68   rt_memcpy_v6.o
       100          0          0          0          0         80   rt_memcpy_w.o
         2          0          0          0          0          0   rtexit.o
        10          0          0          0          0          0   rtexit2.o
        12          4          0          0          0         68   sys_exit.o
        74          0          0          0          0         80   sys_stackheap_outer.o
         2          0          0          0          0         68   use_no_semi.o
        10          0          0          0          0        116   fpinit.o

    ----------------------------------------------------------------------
      7296        334         16        164        100     121313   Library Totals
        18          0          4          0          3          0   (incl. Padding)

    ----------------------------------------------------------------------

      Code (inc. data)   RO Data    RW Data    ZI Data      Debug   Library Name

      6298        318         12        164          1     120217   RTX_CM4F.lib
       970         16          0          0         96        980   c_w.l
        10          0          0          0          0        116   fz_wm.l

    ----------------------------------------------------------------------
      7296        334         16        164        100     121313   Library Totals

    ----------------------------------------------------------------------

==============================================================================


      Code (inc. data)   RO Data    RW Data    ZI Data      Debug   

     11316        642        760      34344       1656     896325   Grand Totals
     11316        642        760        292       1656     896325   ELF Image Totals (compressed)
     11316        642        760        292          0          0   ROM Totals

==============================================================================

    Total RO  Size (Code + RO Data)                12076 (  11.79kB)
    Total RW  Size (RW Data + ZI Data)             36000 (  35.16kB)
    Total ROM Size (Code + RO Data + RW Data)      12368 (  12.08kB)

==============================================================================

