Component: ARM Compiler 5.06 update 7 (build 960) Tool: armlink [4d3601]

==============================================================================

Section Cross References

    main.o(i.HAL_GetTick) refers to rtx_kernel.o(.text.osKernelGetState) for osKernelGetState
    main.o(i.HAL_GetTick) refers to rtx_kernel.o(.text.osKernelGetTickCount) for osKernelGetTickCount
    main.o(i.HAL_GetTick) refers to system_stm32f4xx.o(.data) for SystemCoreClock
    main.o(i.HAL_GetTick) refers to main.o(.data) for ticks
    main.o(i.SystemClock_Config) refers to stm32f4xx_hal_rcc.o(i.HAL_RCC_OscConfig) for HAL_RCC_OscConfig
    main.o(i.SystemClock_Config) refers to main.o(i.Error_Handler) for Error_Handler
    main.o(i.SystemClock_Config) refers to stm32f4xx_hal_rcc.o(i.HAL_RCC_ClockConfig) for HAL_RCC_ClockConfig
    main.o(i.SystemClock_Config) refers to stm32f4xx_hal.o(i.HAL_GetREVID) for HAL_GetREVID
    main.o(i.main) refers to stm32f4xx_hal.o(i.HAL_Init) for HAL_Init
    main.o(i.main) refers to main.o(i.SystemClock_Config) for SystemClock_Config
    main.o(i.main) refers to system_stm32f4xx.o(i.SystemCoreClockUpdate) for SystemCoreClockUpdate
    main.o(i.main) refers to rtx_kernel.o(.text.osKernelInitialize) for osKernelInitialize
    main.o(i.main) refers to th_mod_leds.o(i.initModLeds) for initModLeds
    main.o(i.main) refers to th_mod_leds.o(i.Init_Th_Leds_Test) for Init_Th_Leds_Test
    main.o(i.main) refers to rtx_kernel.o(.text.osKernelStart) for osKernelStart
    th_mod_leds.o(i.Init_MsgQueue_Leds) refers to rtx_msgqueue.o(.text.osMessageQueueNew) for osMessageQueueNew
    th_mod_leds.o(i.Init_MsgQueue_Leds) refers to th_mod_leds.o(.data) for mid_MsgQueueLeds
    th_mod_leds.o(i.Init_Th_Leds_Test) refers to rtx_thread.o(.text.osThreadNew) for osThreadNew
    th_mod_leds.o(i.Init_Th_Leds_Test) refers to th_mod_leds.o(i.Th_Leds_Test) for Th_Leds_Test
    th_mod_leds.o(i.Init_Th_Leds_Test) refers to th_mod_leds.o(.data) for tid_Th_Leds_Test
    th_mod_leds.o(i.Init_Thread_Leds) refers to rtx_thread.o(.text.osThreadNew) for osThreadNew
    th_mod_leds.o(i.Init_Thread_Leds) refers to th_mod_leds.o(i.Thread_Leds) for Thread_Leds
    th_mod_leds.o(i.Init_Thread_Leds) refers to th_mod_leds.o(.data) for tid_Th_Leds
    th_mod_leds.o(i.Th_Leds_Test) refers to rtx_delay.o(.text.osDelay) for osDelay
    th_mod_leds.o(i.Th_Leds_Test) refers to rtx_msgqueue.o(.text.osMessageQueuePut) for osMessageQueuePut
    th_mod_leds.o(i.Th_Leds_Test) refers to th_mod_leds.o(.data) for mid_MsgQueueLeds
    th_mod_leds.o(i.Thread_Leds) refers to rtx_msgqueue.o(.text.osMessageQueueGet) for osMessageQueueGet
    th_mod_leds.o(i.Thread_Leds) refers to stm32f4xx_hal_gpio.o(i.HAL_GPIO_WritePin) for HAL_GPIO_WritePin
    th_mod_leds.o(i.Thread_Leds) refers to th_mod_leds.o(.data) for mid_MsgQueueLeds
    th_mod_leds.o(i.getModLedQueueID) refers to th_mod_leds.o(.data) for mid_MsgQueueLeds
    th_mod_leds.o(i.initModLeds) refers to rt_memclr_w.o(.text) for __aeabi_memclr4
    th_mod_leds.o(i.initModLeds) refers to stm32f4xx_hal_gpio.o(i.HAL_GPIO_WritePin) for HAL_GPIO_WritePin
    th_mod_leds.o(i.initModLeds) refers to stm32f4xx_hal_gpio.o(i.HAL_GPIO_Init) for HAL_GPIO_Init
    th_mod_leds.o(i.initModLeds) refers to th_mod_leds.o(i.Init_Thread_Leds) for Init_Thread_Leds
    th_mod_leds.o(i.initModLeds) refers to th_mod_leds.o(i.Init_MsgQueue_Leds) for Init_MsgQueue_Leds
    rtx_lib.o(i.__user_perthread_libspace) refers to rtx_lib.o(i.os_kernel_is_active) for os_kernel_is_active
    rtx_lib.o(i.__user_perthread_libspace) refers to rtx_thread.o(.text.osThreadGetId) for osThreadGetId
    rtx_lib.o(i.__user_perthread_libspace) refers to rtx_kernel.o(.text.osRtxKernelErrorNotify) for osRtxKernelErrorNotify
    rtx_lib.o(i.__user_perthread_libspace) refers to rtx_lib.o(.bss.os.libspace) for os_libspace_id
    rtx_lib.o(i._mutex_acquire) refers to rtx_lib.o(i.os_kernel_is_active) for os_kernel_is_active
    rtx_lib.o(i._mutex_acquire) refers to rtx_mutex.o(.text.osMutexAcquire) for osMutexAcquire
    rtx_lib.o(i._mutex_free) refers to rtx_mutex.o(.text.osMutexDelete) for osMutexDelete
    rtx_lib.o(i._mutex_initialize) refers to rtx_mutex.o(.text.osMutexNew) for osMutexNew
    rtx_lib.o(i._mutex_initialize) refers to rtx_kernel.o(.text.osRtxKernelErrorNotify) for osRtxKernelErrorNotify
    rtx_lib.o(i._mutex_release) refers to rtx_lib.o(i.os_kernel_is_active) for os_kernel_is_active
    rtx_lib.o(i._mutex_release) refers to rtx_mutex.o(.text.osMutexRelease) for osMutexRelease
    rtx_lib.o(i._platform_post_stackheap_init) refers to rtx_kernel.o(.text.osKernelInitialize) for osKernelInitialize
    rtx_lib.o(i.os_kernel_is_active) refers to rtx_kernel.o(.text.osKernelGetState) for osKernelGetState
    rtx_lib.o(i.os_kernel_is_active) refers to rtx_lib.o(.data) for os_kernel_active
    rtx_lib.o(.constdata) refers to rtx_lib.o(.bss.os.thread.cb) for os_idle_thread_cb
[...]
    [Anonymous Symbol]                       0x0800066a   Section        0  rtx_msgqueue.o(.text.MessageQueuePut)
    MessageQueuePut                          0x0800066b   Thumb Code    88  rtx_msgqueue.o(.text.MessageQueuePut)
    [Anonymous Symbol]                       0x080006c2   Section        0  rtx_msgqueue.o(.text.MessageQueueRemove)
    MessageQueueRemove                       0x080006c3   Thumb Code    28  rtx_msgqueue.o(.text.MessageQueueRemove)
    [Anonymous Symbol]                       0x080006e0   Section        0  os_systick.o(.text.OS_Tick_AcknowledgeIRQ)
    __arm_cp.3_0                             0x080006e8   Number         4  os_systick.o(.text.OS_Tick_AcknowledgeIRQ)
    [Anonymous Symbol]                       0x080006ec   Section        0  os_systick.o(.text.OS_Tick_Enable)
    __arm_cp.1_0                             0x0800070c   Number         4  os_systick.o(.text.OS_Tick_Enable)
    __arm_cp.1_1                             0x08000710   Number         4  os_systick.o(.text.OS_Tick_Enable)
    __arm_cp.1_2                             0x08000714   Number         4  os_systick.o(.text.OS_Tick_Enable)
    [Anonymous Symbol]                       0x08000718   Section        0  os_systick.o(.text.OS_Tick_GetIRQn)
    [Anonymous Symbol]                       0x08000720   Section        0  os_systick.o(.text.OS_Tick_Setup)
    __arm_cp.0_0                             0x08000750   Number         4  os_systick.o(.text.OS_Tick_Setup)
    __arm_cp.0_1                             0x08000754   Number         4  os_systick.o(.text.OS_Tick_Setup)
    __arm_cp.0_2                             0x08000758   Number         4  os_systick.o(.text.OS_Tick_Setup)
    __arm_cp.0_3                             0x0800075c   Number         4  os_systick.o(.text.OS_Tick_Setup)
    [Anonymous Symbol]                       0x08000760   Section        0  rtx_kernel.o(.text.OUTLINED_FUNCTION_0)
    OUTLINED_FUNCTION_0                      0x08000761   Thumb Code    12  rtx_kernel.o(.text.OUTLINED_FUNCTION_0)
    [Anonymous Symbol]                       0x0800076c   Section        0  rtx_msgqueue.o(.text.OUTLINED_FUNCTION_0)
    OUTLINED_FUNCTION_0                      0x0800076d   Thumb Code    12  rtx_msgqueue.o(.text.OUTLINED_FUNCTION_0)
    [Anonymous Symbol]                       0x08000778   Section        0  rtx_kernel.o(.text.OUTLINED_FUNCTION_1)
    OUTLINED_FUNCTION_1                      0x08000779   Thumb Code     6  rtx_kernel.o(.text.OUTLINED_FUNCTION_1)
    [Anonymous Symbol]                       0x0800077e   Section        0  rtx_msgqueue.o(.text.OUTLINED_FUNCTION_1)
    OUTLINED_FUNCTION_1                      0x0800077f   Thumb Code     6  rtx_msgqueue.o(.text.OUTLINED_FUNCTION_1)
    [Anonymous Symbol]                       0x08000784   Section        0  rtx_thread.o(.text.ThreadFlagsCheck)
    ThreadFlagsCheck                         0x08000785   Thumb Code   100  rtx_thread.o(.text.ThreadFlagsCheck)
    [Anonymous Symbol]                       0x080007e8   Section        0  rtx_timer.o(.text.TimerInsert)
    TimerInsert                              0x080007e9   Thumb Code    68  rtx_timer.o(.text.TimerInsert)
    __arm_cp.9_0                             0x0800082c   Number         4  rtx_timer.o(.text.TimerInsert)
    [Anonymous Symbol]                       0x08000830   Section        0  rtx_delay.o(.text.osDelay)
    __arm_cp.0_0                             0x08000850   Number         4  rtx_delay.o(.text.osDelay)
    [Anonymous Symbol]                       0x08000854   Section        0  rtx_kernel.o(.text.osKernelGetState)
    __arm_cp.5_0                             0x0800087c   Number         4  rtx_kernel.o(.text.osKernelGetState)
    __arm_cp.5_1                             0x08000880   Number         4  rtx_kernel.o(.text.osKernelGetState)
    [Anonymous Symbol]                       0x08000884   Section        0  rtx_kernel.o(.text.osKernelGetTickCount)
    __arm_cp.13_0                            0x080008a4   Number         4  rtx_kernel.o(.text.osKernelGetTickCount)
    __arm_cp.13_1                            0x080008a8   Number         4  rtx_kernel.o(.text.osKernelGetTickCount)
    [Anonymous Symbol]                       0x080008ac   Section        0  rtx_kernel.o(.text.osKernelInitialize)
    __arm_cp.2_0                             0x080008d4   Number         4  rtx_kernel.o(.text.osKernelInitialize)
    [Anonymous Symbol]                       0x080008d8   Section        0  rtx_kernel.o(.text.osKernelStart)
    __arm_cp.7_0                             0x080008f8   Number         4  rtx_kernel.o(.text.osKernelStart)
    [Anonymous Symbol]                       0x080008fc   Section        0  rtx_msgqueue.o(.text.osMessageQueueGet)
    __arm_cp.5_0                             0x08000968   Number         4  rtx_msgqueue.o(.text.osMessageQueueGet)
    [Anonymous Symbol]                       0x0800096c   Section        0  rtx_msgqueue.o(.text.osMessageQueueNew)
    __arm_cp.2_0                             0x0800098c   Number         4  rtx_msgqueue.o(.text.osMessageQueueNew)
    [Anonymous Symbol]                       0x08000990   Section        0  rtx_msgqueue.o(.text.osMessageQueuePut)
    __arm_cp.4_0                             0x08000a0c   Number         4  rtx_msgqueue.o(.text.osMessageQueuePut)
    [Anonymous Symbol]                       0x08000a10   Section        0  rtx_mutex.o(.text.osMutexAcquire)
    __arm_cp.4_0                             0x08000a30   Number         4  rtx_mutex.o(.text.osMutexAcquire)
    [Anonymous Symbol]                       0x08000a34   Section        0  rtx_mutex.o(.text.osMutexDelete)
    __arm_cp.7_0                             0x08000a54   Number         4  rtx_mutex.o(.text.osMutexDelete)
    [Anonymous Symbol]                       0x08000a58   Section        0  rtx_mutex.o(.text.osMutexNew)
    __arm_cp.2_0                             0x08000a78   Number         4  rtx_mutex.o(.text.osMutexNew)
    [Anonymous Symbol]                       0x08000a7c   Section        0  rtx_mutex.o(.text.osMutexRelease)
    __arm_cp.5_0                             0x08000a9c   Number         4  rtx_mutex.o(.text.osMutexRelease)
    [Anonymous Symbol]                       0x08000aa0   Section        0  rtx_kernel.o(.text.osRtxKernelErrorNotify)
    [Anonymous Symbol]                       0x08000aa4   Section        0  rtx_kernel.o(.text.osRtxKernelPreInit)
    [Anonymous Symbol]                       0x08000aa6   Section        0  rtx_memory.o(.text.osRtxMemoryAlloc)
    [Anonymous Symbol]                       0x08000b12   Section        0  rtx_memory.o(.text.osRtxMemoryFree)
    [Anonymous Symbol]                       0x08000b54   Section        0  rtx_memory.o(.text.osRtxMemoryInit)
    [Anonymous Symbol]                       0x08000b8a   Section        0  rtx_mempool.o(.text.osRtxMemoryPoolAlloc)
    [Anonymous Symbol]                       0x08000bc4   Section        0  rtx_mempool.o(.text.osRtxMemoryPoolFree)
    [Anonymous Symbol]                       0x08000c0e   Section        0  rtx_mempool.o(.text.osRtxMemoryPoolInit)
    [Anonymous Symbol]                       0x08000c46   Section        0  rtx_msgqueue.o(.text.osRtxMessageQueuePostProcess)
    osRtxMessageQueuePostProcess             0x08000c47   Thumb Code   170  rtx_msgqueue.o(.text.osRtxMessageQueuePostProcess)
    [Anonymous Symbol]                       0x08000cf0   Section        0  rtx_msgqueue.o(.text.osRtxMessageQueueTimerSetup)
    __arm_cp.0_0                             0x08000d10   Number         4  rtx_msgqueue.o(.text.osRtxMessageQueueTimerSetup)
    __arm_cp.0_1                             0x08000d14   Number         4  rtx_msgqueue.o(.text.osRtxMessageQueueTimerSetup)
    [Anonymous Symbol]                       0x08000d18   Section        0  rtx_mutex.o(.text.osRtxMutexOwnerRelease)
    [Anonymous Symbol]                       0x08000d60   Section        0  rtx_mutex.o(.text.osRtxMutexOwnerRestore)
    [Anonymous Symbol]                       0x08000da8   Section        0  rtx_system.o(.text.osRtxPendSV_Handler)
    __arm_cp.1_0                             0x08000e30   Number         4  rtx_system.o(.text.osRtxPendSV_Handler)
    [Anonymous Symbol]                       0x08000e34   Section        0  rtx_system.o(.text.osRtxPostProcess)
    __arm_cp.2_0                             0x08000ea0   Number         4  rtx_system.o(.text.osRtxPostProcess)
    __arm_cp.2_1                             0x08000ea4   Number         4  rtx_system.o(.text.osRtxPostProcess)
    [Anonymous Symbol]                       0x08000ea8   Section        0  rtx_thread.o(.text.osRtxThreadBlock)
    osRtxThreadBlock                         0x08000ea9   Thumb Code    52  rtx_thread.o(.text.osRtxThreadBlock)
    __arm_cp.9_0                             0x08000edc   Number         4  rtx_thread.o(.text.osRtxThreadBlock)
    [Anonymous Symbol]                       0x08000ee0   Section        0  rtx_thread.o(.text.osRtxThreadDelayInsert)
    osRtxThreadDelayInsert                   0x08000ee1   Thumb Code   124  rtx_thread.o(.text.osRtxThreadDelayInsert)
    __arm_cp.13_0                            0x08000f5c   Number         4  rtx_thread.o(.text.osRtxThreadDelayInsert)
    [Anonymous Symbol]                       0x08000f60   Section        0  rtx_thread.o(.text.osRtxThreadDelayRemove)
    osRtxThreadDelayRemove                   0x08000f61   Thumb Code    60  rtx_thread.o(.text.osRtxThreadDelayRemove)
    __arm_cp.11_0                            0x08000f9c   Number         4  rtx_thread.o(.text.osRtxThreadDelayRemove)
    [Anonymous Symbol]                       0x08000fa0   Section        0  rtx_thread.o(.text.osRtxThreadDelayTick)
    __arm_cp.5_0                             0x08000ff0   Number         4  rtx_thread.o(.text.osRtxThreadDelayTick)
    [Anonymous Symbol]                       0x08000ff4   Section        0  rtx_thread.o(.text.osRtxThreadDestroy)
    osRtxThreadDestroy                       0x08000ff5   Thumb Code    32  rtx_thread.o(.text.osRtxThreadDestroy)
    __arm_cp.55_0                            0x08001014   Number         4  rtx_thread.o(.text.osRtxThreadDestroy)
    [Anonymous Symbol]                       0x08001018   Section        0  rtx_thread.o(.text.osRtxThreadDispatch)
    __arm_cp.8_0                             0x08001068   Number         4  rtx_thread.o(.text.osRtxThreadDispatch)
    [Anonymous Symbol]                       0x0800106c   Section        0  rtx_thread.o(.text.osRtxThreadFree)
    osRtxThreadFree                          0x0800106d   Thumb Code    84  rtx_thread.o(.text.osRtxThreadFree)
    __arm_cp.51_0                            0x080010c0   Number         4  rtx_thread.o(.text.osRtxThreadFree)
    [Anonymous Symbol]                       0x080010c4   Section        0  rtx_thread.o(.text.osRtxThreadJoinWakeup)
    osRtxThreadJoinWakeup                    0x080010c5   Thumb Code    30  rtx_thread.o(.text.osRtxThreadJoinWakeup)
    [Anonymous Symbol]                       0x080010e2   Section        0  rtx_thread.o(.text.osRtxThreadListGet)
    [Anonymous Symbol]                       0x080010f4   Section        0  rtx_thread.o(.text.osRtxThreadListPut)
    [Anonymous Symbol]                       0x08001120   Section        0  rtx_thread.o(.text.osRtxThreadListRemove)
    [Anonymous Symbol]                       0x08001134   Section        0  rtx_thread.o(.text.osRtxThreadListSort)
    [Anonymous Symbol]                       0x0800115a   Section        0  rtx_thread.o(.text.osRtxThreadPostProcess)
    osRtxThreadPostProcess                   0x0800115b   Thumb Code    40  rtx_thread.o(.text.osRtxThreadPostProcess)
    [Anonymous Symbol]                       0x08001184   Section        0  rtx_thread.o(.text.osRtxThreadReadyPut)
    __arm_cp.4_0                             0x08001194   Number         4  rtx_thread.o(.text.osRtxThreadReadyPut)
    [Anonymous Symbol]                       0x08001198   Section        0  rtx_thread.o(.text.osRtxThreadRegPtr)
    [Anonymous Symbol]                       0x080011a0   Section        0  rtx_thread.o(.text.osRtxThreadStartup)
    __arm_cp.14_0                            0x080011d0   Number         4  rtx_thread.o(.text.osRtxThreadStartup)
    __arm_cp.14_1                            0x080011d4   Number         4  rtx_thread.o(.text.osRtxThreadStartup)
    __arm_cp.14_2                            0x080011d8   Number         4  rtx_thread.o(.text.osRtxThreadStartup)
    [Anonymous Symbol]                       0x080011dc   Section        0  rtx_thread.o(.text.osRtxThreadSwitch)
    __arm_cp.7_0                             0x080011e8   Number         4  rtx_thread.o(.text.osRtxThreadSwitch)
    [Anonymous Symbol]                       0x080011ec   Section        0  rtx_thread.o(.text.osRtxThreadWaitEnter)
    __arm_cp.12_0                            0x08001224   Number         4  rtx_thread.o(.text.osRtxThreadWaitEnter)
    [Anonymous Symbol]                       0x08001228   Section        0  rtx_thread.o(.text.osRtxThreadWaitExit)
    [Anonymous Symbol]                       0x0800124c   Section        0  rtx_system.o(.text.osRtxTick_Handler)
    __arm_cp.0_0                             0x080012c0   Number         4  rtx_system.o(.text.osRtxTick_Handler)
    [Anonymous Symbol]                       0x080012c4   Section        0  rtx_timer.o(.text.osRtxTimerSetup)
    __arm_cp.0_0                             0x080012dc   Number         4  rtx_timer.o(.text.osRtxTimerSetup)
    __arm_cp.0_1                             0x080012e0   Number         4  rtx_timer.o(.text.osRtxTimerSetup)
    [Anonymous Symbol]                       0x080012e4   Section        0  rtx_timer.o(.text.osRtxTimerThread)
    [Anonymous Symbol]                       0x08001304   Section        0  rtx_timer.o(.text.osRtxTimerTick)
    osRtxTimerTick                           0x08001305   Thumb Code   108  rtx_timer.o(.text.osRtxTimerTick)
    __arm_cp.1_0                             0x08001370   Number         4  rtx_timer.o(.text.osRtxTimerTick)
    [Anonymous Symbol]                       0x08001374   Section        0  rtx_thread.o(.text.osThreadExit)
    __arm_cp.30_0                            0x0800137c   Number         4  rtx_thread.o(.text.osThreadExit)
    [Anonymous Symbol]                       0x08001380   Section        0  rtx_thread.o(.text.osThreadNew)
    __arm_cp.16_0                            0x080013a0   Number         4  rtx_thread.o(.text.osThreadNew)
    [Anonymous Symbol]                       0x080013a4   Section        0  rtx_delay.o(.text.svcRtxDelay)
    svcRtxDelay                              0x080013a5   Thumb Code    22  rtx_delay.o(.text.svcRtxDelay)
    [Anonymous Symbol]                       0x080013bc   Section        0  rtx_kernel.o(.text.svcRtxKernelGetState)
    svcRtxKernelGetState                     0x080013bd   Thumb Code     8  rtx_kernel.o(.text.svcRtxKernelGetState)
    __arm_cp.6_0                             0x080013c4   Number         4  rtx_kernel.o(.text.svcRtxKernelGetState)
    [Anonymous Symbol]                       0x080013c8   Section        0  rtx_kernel.o(.text.svcRtxKernelGetTickCount)
    svcRtxKernelGetTickCount                 0x080013c9   Thumb Code     8  rtx_kernel.o(.text.svcRtxKernelGetTickCount)
    __arm_cp.14_0                            0x080013d0   Number         4  rtx_kernel.o(.text.svcRtxKernelGetTickCount)
    [Anonymous Symbol]                       0x080013d4   Section        0  rtx_kernel.o(.text.svcRtxKernelInitialize)
    svcRtxKernelInitialize                   0x080013d5   Thumb Code   244  rtx_kernel.o(.text.svcRtxKernelInitialize)
    __arm_cp.21_0                            0x080014c8   Number         4  rtx_kernel.o(.text.svcRtxKernelInitialize)
    __arm_cp.21_1                            0x080014cc   Number         4  rtx_kernel.o(.text.svcRtxKernelInitialize)
    __arm_cp.21_2                            0x080014d0   Number         4  rtx_kernel.o(.text.svcRtxKernelInitialize)
    [Anonymous Symbol]                       0x080014d4   Section        0  rtx_kernel.o(.text.svcRtxKernelStart)
    svcRtxKernelStart                        0x080014d5   Thumb Code   124  rtx_kernel.o(.text.svcRtxKernelStart)
    __arm_cp.22_0                            0x08001550   Number         4  rtx_kernel.o(.text.svcRtxKernelStart)
    __arm_cp.22_1                            0x08001554   Number         4  rtx_kernel.o(.text.svcRtxKernelStart)
    __arm_cp.22_2                            0x08001558   Number         4  rtx_kernel.o(.text.svcRtxKernelStart)
    __arm_cp.22_3                            0x0800155c   Number         4  rtx_kernel.o(.text.svcRtxKernelStart)
    [Anonymous Symbol]                       0x08001560   Section        0  rtx_msgqueue.o(.text.svcRtxMessageQueueGet)
    svcRtxMessageQueueGet                    0x08001561   Thumb Code   200  rtx_msgqueue.o(.text.svcRtxMessageQueueGet)
    __arm_cp.22_0                            0x08001628   Number         4  rtx_msgqueue.o(.text.svcRtxMessageQueueGet)
    [Anonymous Symbol]                       0x0800162c   Section        0  rtx_msgqueue.o(.text.svcRtxMessageQueueNew)
    svcRtxMessageQueueNew                    0x0800162d   Thumb Code   272  rtx_msgqueue.o(.text.svcRtxMessageQueueNew)
    __arm_cp.1_0                             0x0800173c   Number         4  rtx_msgqueue.o(.text.svcRtxMessageQueueNew)
    __arm_cp.1_1                             0x08001740   Number         4  rtx_msgqueue.o(.text.svcRtxMessageQueueNew)
    [Anonymous Symbol]                       0x08001744   Section        0  rtx_msgqueue.o(.text.svcRtxMessageQueuePut)
    svcRtxMessageQueuePut                    0x08001745   Thumb Code   168  rtx_msgqueue.o(.text.svcRtxMessageQueuePut)
    __arm_cp.20_0                            0x080017ec   Number         4  rtx_msgqueue.o(.text.svcRtxMessageQueuePut)
    [Anonymous Symbol]                       0x080017f0   Section        0  rtx_mutex.o(.text.svcRtxMutexAcquire)
    svcRtxMutexAcquire                       0x080017f1   Thumb Code   140  rtx_mutex.o(.text.svcRtxMutexAcquire)
    __arm_cp.10_0                            0x0800187c   Number         4  rtx_mutex.o(.text.svcRtxMutexAcquire)
    [Anonymous Symbol]                       0x08001880   Section        0  rtx_mutex.o(.text.svcRtxMutexDelete)
    svcRtxMutexDelete                        0x08001881   Thumb Code   172  rtx_mutex.o(.text.svcRtxMutexDelete)
    __arm_cp.13_0                            0x0800192c   Number         4  rtx_mutex.o(.text.svcRtxMutexDelete)
    [Anonymous Symbol]                       0x08001930   Section        0  rtx_mutex.o(.text.svcRtxMutexNew)
    svcRtxMutexNew                           0x08001931   Thumb Code   100  rtx_mutex.o(.text.svcRtxMutexNew)
    __arm_cp.8_0                             0x08001994   Number         4  rtx_mutex.o(.text.svcRtxMutexNew)
    [Anonymous Symbol]                       0x08001998   Section        0  rtx_mutex.o(.text.svcRtxMutexRelease)
    svcRtxMutexRelease                       0x08001999   Thumb Code   176  rtx_mutex.o(.text.svcRtxMutexRelease)
    __arm_cp.11_0                            0x08001a48   Number         4  rtx_mutex.o(.text.svcRtxMutexRelease)
    [Anonymous Symbol]                       0x08001a4c   Section        0  rtx_thread.o(.text.svcRtxThreadExit)
    svcRtxThreadExit                         0x08001a4d   Thumb Code    72  rtx_thread.o(.text.svcRtxThreadExit)
    __arm_cp.53_0                            0x08001a94   Number         4  rtx_thread.o(.text.svcRtxThreadExit)
    [Anonymous Symbol]                       0x08001a98   Section        0  rtx_thread.o(.text.svcRtxThreadNew)
    svcRtxThreadNew                          0x08001a99   Thumb Code   472  rtx_thread.o(.text.svcRtxThreadNew)
    __arm_cp.15_0                            0x08001c70   Number         4  rtx_thread.o(.text.svcRtxThreadNew)
    __arm_cp.15_1                            0x08001c74   Number         4  rtx_thread.o(.text.svcRtxThreadNew)
    __arm_cp.15_2                            0x08001c78   Number         4  rtx_thread.o(.text.svcRtxThreadNew)
    __arm_cp.15_3                            0x08001c7c   Number         4  rtx_thread.o(.text.svcRtxThreadNew)
    __arm_cp.15_4                            0x08001c80   Number         4  rtx_thread.o(.text.svcRtxThreadNew)
    i.BusFault_Handler                       0x08001c84   Section        0  stm32f4xx_it.o(i.BusFault_Handler)
    i.DebugMon_Handler                       0x08001c88   Section        0  stm32f4xx_it.o(i.DebugMon_Handler)
    i.Error_Handler                          0x08001c8a   Section        0  main.o(i.Error_Handler)
    Error_Handler                            0x08001c8b   Thumb Code     6  main.o(i.Error_Handler)
    i.HAL_GPIO_Init                          0x08001c90   Section        0  stm32f4xx_hal_gpio.o(i.HAL_GPIO_Init)
    i.HAL_GPIO_WritePin                      0x08001ea0   Section        0  stm32f4xx_hal_gpio.o(i.HAL_GPIO_WritePin)
    i.HAL_GetREVID                           0x08001eac   Section        0  stm32f4xx_hal.o(i.HAL_GetREVID)
    i.HAL_GetTick                            0x08001eb8   Section        0  main.o(i.HAL_GetTick)
    i.HAL_Init                               0x08001f04   Section        0  stm32f4xx_hal.o(i.HAL_Init)
    i.HAL_InitTick                           0x08001f34   Section        0  stm32f4xx_hal.o(i.HAL_InitTick)
    i.HAL_MspInit                            0x08001f80   Section        0  stm32f4xx_hal.o(i.HAL_MspInit)
    i.HAL_NVIC_SetPriority                   0x08001f82   Section        0  stm32f4xx_hal_cortex.o(i.HAL_NVIC_SetPriority)
    i.HAL_NVIC_SetPriorityGrouping           0x08002000   Section        0  stm32f4xx_hal_cortex.o(i.HAL_NVIC_SetPriorityGrouping)
    i.HAL_RCC_ClockConfig                    0x08002028   Section        0  stm32f4xx_hal_rcc.o(i.HAL_RCC_ClockConfig)
    i.HAL_RCC_GetSysClockFreq                0x080021ac   Section        0  stm32f4xx_hal_rcc.o(i.HAL_RCC_GetSysClockFreq)
    i.HAL_RCC_OscConfig                      0x0800225c   Section        0  stm32f4xx_hal_rcc.o(i.HAL_RCC_OscConfig)
    i.HAL_SYSTICK_Config                     0x080026f8   Section        0  stm32f4xx_hal_cortex.o(i.HAL_SYSTICK_Config)
    i.HardFault_Handler                      0x0800272c   Section        0  stm32f4xx_it.o(i.HardFault_Handler)
    i.Init_MsgQueue_Leds                     0x08002730   Section        0  th_mod_leds.o(i.Init_MsgQueue_Leds)
    i.Init_Th_Leds_Test                      0x08002754   Section        0  th_mod_leds.o(i.Init_Th_Leds_Test)
    i.Init_Thread_Leds                       0x0800277c   Section        0  th_mod_leds.o(i.Init_Thread_Leds)
    i.MemManage_Handler                      0x080027a4   Section        0  stm32f4xx_it.o(i.MemManage_Handler)
    i.NMI_Handler                            0x080027a8   Section        0  stm32f4xx_it.o(i.NMI_Handler)
    i.SystemClock_Config                     0x080027ac   Section        0  main.o(i.SystemClock_Config)
    SystemClock_Config                       0x080027ad   Thumb Code   180  main.o(i.SystemClock_Config)
    i.SystemCoreClockUpdate                  0x0800286c   Section        0  system_stm32f4xx.o(i.SystemCoreClockUpdate)
    i.SystemInit                             0x0800292c   Section        0  system_stm32f4xx.o(i.SystemInit)
    i.Th_Leds_Test                           0x0800293c   Section        0  th_mod_leds.o(i.Th_Leds_Test)
    i.Thread_Leds                            0x0800297c   Section        0  th_mod_leds.o(i.Thread_Leds)
    i.UsageFault_Handler                     0x080029e0   Section        0  stm32f4xx_it.o(i.UsageFault_Handler)
    i.__NVIC_GetPriorityGrouping             0x080029e4   Section        0  stm32f4xx_hal_cortex.o(i.__NVIC_GetPriorityGrouping)
    __NVIC_GetPriorityGrouping               0x080029e5   Thumb Code    10  stm32f4xx_hal_cortex.o(i.__NVIC_GetPriorityGrouping)
    i.__NVIC_SetPriority                     0x080029f4   Section        0  stm32f4xx_hal_cortex.o(i.__NVIC_SetPriority)
    __NVIC_SetPriority                       0x080029f5   Thumb Code    32  stm32f4xx_hal_cortex.o(i.__NVIC_SetPriority)
    i._mutex_acquire                         0x08002a1c   Section        0  rtx_lib.o(i._mutex_acquire)
    __tagsym$$used                           0x08002a1d   Number         0  rtx_lib.o(i._mutex_acquire)
    i._mutex_free                            0x08002a32   Section        0  rtx_lib.o(i._mutex_free)
    __tagsym$$used                           0x08002a33   Number         0  rtx_lib.o(i._mutex_free)
    i._mutex_initialize                      0x08002a3e   Section        0  rtx_lib.o(i._mutex_initialize)
    __tagsym$$used                           0x08002a3f   Number         0  rtx_lib.o(i._mutex_initialize)
    i._mutex_release                         0x08002a60   Section        0  rtx_lib.o(i._mutex_release)
    __tagsym$$used                           0x08002a61   Number         0  rtx_lib.o(i._mutex_release)
    i._platform_post_stackheap_init          0x08002a72   Section        0  rtx_lib.o(i._platform_post_stackheap_init)
    i.initModLeds                            0x08002a7c   Section        0  th_mod_leds.o(i.initModLeds)
    i.main                                   0x08002ae0   Section        0  main.o(i.main)
    i.osRtxErrorNotify                       0x08002b00   Section        0  rtx_config.o(i.osRtxErrorNotify)
    i.osRtxIdleThread                        0x08002b20   Section        0  rtx_config.o(i.osRtxIdleThread)
    i.os_kernel_is_active                    0x08002b24   Section        0  rtx_lib.o(i.os_kernel_is_active)
    os_kernel_is_active                      0x08002b25   Thumb Code    28  rtx_lib.o(i.os_kernel_is_active)
    .constdata                               0x08002b44   Section      104  rtx_lib.o(.constdata)
    os_idle_thread_attr                      0x08002b44   Data          36  rtx_lib.o(.constdata)
    os_timer_thread_attr                     0x08002b68   Data          36  rtx_lib.o(.constdata)
    os_timer_mq_attr                         0x08002b8c   Data          24  rtx_lib.o(.constdata)
    .constdata                               0x08002bac   Section       24  system_stm32f4xx.o(.constdata)
    .rodata                                  0x08002bc4   Section      168  rtx_lib.o(.rodata)
    __tagsym$$used                           0x08002bc4   Number         0  rtx_lib.o(.rodata)
    __tagsym$$used                           0x08002c34   Number         0  rtx_lib.o(.rodata)
    [Anonymous Symbol]                       0x08002c70   Section        0  rtx_kernel.o(.rodata.str1.4)
    .bss.os                                  0x20000000   Section    32832  rtx_lib.o(.bss.os)
    os_mem                                   0x20000000   Data       32768  rtx_lib.o(.bss.os)
    os_isr_queue                             0x20008000   Data          64  rtx_lib.o(.bss.os)
    .bss.os.msgqueue.cb                      0x20008040   Section       52  rtx_lib.o(.bss.os.msgqueue.cb)
    os_timer_mq_cb                           0x20008040   Data          52  rtx_lib.o(.bss.os.msgqueue.cb)
    .bss.os.msgqueue.mem                     0x20008074   Section       80  rtx_lib.o(.bss.os.msgqueue.mem)
    os_timer_mq_data                         0x20008074   Data          80  rtx_lib.o(.bss.os.msgqueue.mem)
    .bss.os.thread.cb                        0x200080c4   Section      136  rtx_lib.o(.bss.os.thread.cb)
    os_idle_thread_cb                        0x200080c4   Data          68  rtx_lib.o(.bss.os.thread.cb)
    os_timer_thread_cb                       0x20008108   Data          68  rtx_lib.o(.bss.os.thread.cb)
    .bss.os.thread.idle.stack                0x20008150   Section      512  rtx_lib.o(.bss.os.thread.idle.stack)
    os_idle_thread_stack                     0x20008150   Data         512  rtx_lib.o(.bss.os.thread.idle.stack)
    .bss.os.thread.timer.stack               0x20008350   Section      512  rtx_lib.o(.bss.os.thread.timer.stack)
    os_timer_thread_stack                    0x20008350   Data         512  rtx_lib.o(.bss.os.thread.timer.stack)
    .data                                    0x20008550   Section        4  main.o(.data)
    ticks                                    0x20008550   Data           4  main.o(.data)
    .data                                    0x20008554   Section       12  th_mod_leds.o(.data)
    .data                                    0x20008560   Section        1  rtx_lib.o(.data)
    os_kernel_active                         0x20008560   Data           1  rtx_lib.o(.data)
    .data                                    0x20008564   Section        9  stm32f4xx_hal.o(.data)
    .data                                    0x20008570   Section        4  system_stm32f4xx.o(.data)
    .bss                                     0x20008618   Section       96  libspace.o(.bss)
    [Anonymous Symbol]                       0x20008678   Section        0  os_systick.o(.bss.os)
    PendST                                   0x20008678   Data           1  os_systick.o(.bss.os)
    HEAP                                     0x20008680   Section      512  startup_stm32f429xx.o(HEAP)
    Heap_Mem                                 0x20008680   Data         512  startup_stm32f429xx.o(HEAP)
    STACK                                    0x20008880   Section     1024  startup_stm32f429xx.o(STACK)
    Stack_Mem                                0x20008880   Data        1024  startup_stm32f429xx.o(STACK)
    __initial_sp                             0x20008c80   Data           0  startup_stm32f429xx.o(STACK)
    FPCCR                                    0xe000ef34   Number         0  irq_armv7m.o ABSOLUTE

    Global Symbols

    Symbol Name                              Value     Ov Type        Size  Object(Section)

    BuildAttributes$$THM_ISAv4$E$P$D$K$B$S$7EM$PE$A:L22UL41UL21$X:L11$S22US41US21$IEEE1$IW$USESV6$~STKCKD$USESV7$~SHL$OSPACE$ROPI$EBA8$UX$STANDARDLIB$REQ8$PRES8$EABIv2 0x00000000   Number         0  anon$$obj.o ABSOLUTE
    __ARM_use_no_argv                        0x00000000   Number         0  main.o ABSOLUTE
    .bss.os.evflags.cb$$Base                  - Undefined Weak Reference
    .bss.os.evflags.cb$$Limit                 - Undefined Weak Reference
    .bss.os.mempool.cb$$Base                  - Undefined Weak Reference
    .bss.os.mempool.cb$$Limit                 - Undefined Weak Reference
    .bss.os.mutex.cb$$Base                    - Undefined Weak Reference
    .bss.os.mutex.cb$$Limit                   - Undefined Weak Reference
    .bss.os.semaphore.cb$$Base                - Undefined Weak Reference
    .bss.os.semaphore.cb$$Limit               - Undefined Weak Reference
    .bss.os.timer.cb$$Base                    - Undefined Weak Reference
    .bss.os.timer.cb$$Limit                   - Undefined Weak Reference
    __ARM_exceptions_init                     - Undefined Weak Reference
    __alloca_initialize                       - Undefined Weak Reference
    __arm_fini_                               - Undefined Weak Reference
    __arm_preinit_                            - Undefined Weak Reference
    __cpp_initialize__aeabi_                  - Undefined Weak Reference
    __cxa_finalize                            - Undefined Weak Reference
    __rt_locale                               - Undefined Weak Reference
    __sigvec_lookup                           - Undefined Weak Reference
    _atexit_init                              - Undefined Weak Reference
    _call_atexit_fns                          - Undefined Weak Reference
    _clock_init                               - Undefined Weak Reference
    _fp_trap_init                             - Undefined Weak Reference
    _fp_trap_shutdown                         - Undefined Weak Reference
    _get_lc_collate                           - Undefined Weak Reference
    _get_lc_ctype                             - Undefined Weak Reference
    _get_lc_monetary                          - Undefined Weak Reference
    _get_lc_numeric                           - Undefined Weak Reference
    _get_lc_time                              - Undefined Weak Reference
    _getenv_init                              - Undefined Weak Reference
    _handle_redirection                       - Undefined Weak Reference
    _init_alloc                               - Undefined Weak Reference
    _init_user_alloc                          - Undefined Weak Reference
    _initio                                   - Undefined Weak Reference
    _rand_init                                - Undefined Weak Reference
    _signal_finish                            - Undefined Weak Reference
    _signal_init                              - Undefined Weak Reference
    _terminate_alloc                          - Undefined Weak Reference
    _terminate_user_alloc                     - Undefined Weak Reference
    _terminateio                              - Undefined Weak Reference
    __Vectors_Size                           0x000001ac   Number         0  startup_stm32f429xx.o ABSOLUTE
    __Vectors                                0x08000000   Data           4  startup_stm32f429xx.o(RESET)
    __Vectors_End                            0x080001ac   Data           0  startup_stm32f429xx.o(RESET)
    __main                                   0x080001ad   Thumb Code     8  __main.o(!!!main)
    __scatterload                            0x080001b5   Thumb Code     0  __scatter.o(!!!scatter)
    __scatterload_rt2                        0x080001b5   Thumb Code    44  __scatter.o(!!!scatter)
    __scatterload_rt2_thumb_only             0x080001b5   Thumb Code     0  __scatter.o(!!!scatter)
    __scatterload_null                       0x080001c3   Thumb Code     0  __scatter.o(!!!scatter)
    __decompress                             0x080001e9   Thumb Code    58  __dczerorl.o(!!dczerorl)
    __decompress0                            0x080001e9   Thumb Code     0  __dczerorl.o(!!dczerorl)
    __scatterload_zeroinit                   0x08000225   Thumb Code    28  __scatter_zi.o(!!handler_zi)
    __rt_lib_init                            0x08000241   Thumb Code     0  libinit.o(.ARM.Collect$$libinit$$00000000)
    __rt_lib_init_alloca_1                   0x08000243   Thumb Code     0  libinit2.o(.ARM.Collect$$libinit$$0000002E)
    __rt_lib_init_argv_1                     0x08000243   Thumb Code     0  libinit2.o(.ARM.Collect$$libinit$$0000002C)
    __rt_lib_init_atexit_1                   0x08000243   Thumb Code     0  libinit2.o(.ARM.Collect$$libinit$$0000001B)
    __rt_lib_init_clock_1                    0x08000243   Thumb Code     0  libinit2.o(.ARM.Collect$$libinit$$00000021)
    __rt_lib_init_cpp_1                      0x08000243   Thumb Code     0  libinit2.o(.ARM.Collect$$libinit$$00000032)
    __rt_lib_init_exceptions_1               0x08000243   Thumb Code     0  libinit2.o(.ARM.Collect$$libinit$$00000030)
    __rt_lib_init_fp_1                       0x08000243   Thumb Code     0  libinit2.o(.ARM.Collect$$libinit$$00000002)
    __rt_lib_init_fp_trap_1                  0x08000243   Thumb Code     0  libinit2.o(.ARM.Collect$$libinit$$0000001F)
    __rt_lib_init_getenv_1                   0x08000243   Thumb Code     0  libinit2.o(.ARM.Collect$$libinit$$00000023)
    __rt_lib_init_heap_1                     0x08000243   Thumb Code     0  libinit2.o(.ARM.Collect$$libinit$$0000000A)
    __rt_lib_init_lc_collate_1               0x08000243   Thumb Code     0  libinit2.o(.ARM.Collect$$libinit$$00000011)
    __rt_lib_init_lc_ctype_1                 0x08000243   Thumb Code     0  libinit2.o(.ARM.Collect$$libinit$$00000013)
    __rt_lib_init_lc_monetary_1              0x08000243   Thumb Code     0  libinit2.o(.ARM.Collect$$libinit$$00000015)
    __rt_lib_init_lc_numeric_1               0x08000243   Thumb Code     0  libinit2.o(.ARM.Collect$$libinit$$00000017)
    __rt_lib_init_lc_time_1                  0x08000243   Thumb Code     0  libinit2.o(.ARM.Collect$$libinit$$00000019)
    __rt_lib_init_preinit_1                  0x08000243   Thumb Code     0  libinit2.o(.ARM.Collect$$libinit$$00000004)
    __rt_lib_init_rand_1                     0x08000243   Thumb Code     0  libinit2.o(.ARM.Collect$$libinit$$0000000E)
    __rt_lib_init_return                     0x08000243   Thumb Code     0  libinit2.o(.ARM.Collect$$libinit$$00000033)
    __rt_lib_init_signal_1                   0x08000243   Thumb Code     0  libinit2.o(.ARM.Collect$$libinit$$0000001D)
    __rt_lib_init_stdio_1                    0x08000243   Thumb Code     0  libinit2.o(.ARM.Collect$$libinit$$00000025)
    __rt_lib_init_user_alloc_1               0x08000243   Thumb Code     0  libinit2.o(.ARM.Collect$$libinit$$0000000C)
    __rt_lib_shutdown                        0x08000245   Thumb Code     0  libshutdown.o(.ARM.Collect$$libshutdown$$00000000)
    __rt_lib_shutdown_cpp_1                  0x08000247   Thumb Code     0  libshutdown2.o(.ARM.Collect$$libshutdown$$00000004)
    __rt_lib_shutdown_fini_1                 0x08000247   Thumb Code     0  libshutdown2.o(.ARM.Collect$$libshutdown$$00000002)
    __rt_lib_shutdown_fp_trap_1              0x08000247   Thumb Code     0  libshutdown2.o(.ARM.Collect$$libshutdown$$00000009)
    __rt_lib_shutdown_heap_1                 0x08000247   Thumb Code     0  libshutdown2.o(.ARM.Collect$$libshutdown$$00000011)
    __rt_lib_shutdown_return                 0x08000247   Thumb Code     0  libshutdown2.o(.ARM.Collect$$libshutdown$$00000012)
    __rt_lib_shutdown_signal_1               0x08000247   Thumb Code     0  libshutdown2.o(.ARM.Collect$$libshutdown$$0000000C)
    __rt_lib_shutdown_stdio_1                0x08000247   Thumb Code     0  libshutdown2.o(.ARM.Collect$$libshutdown$$00000006)
    __rt_lib_shutdown_user_alloc_1           0x08000247   Thumb Code     0  libshutdown2.o(.ARM.Collect$$libshutdown$$0000000E)
    __rt_entry                               0x08000249   Thumb Code     0  __rtentry.o(.ARM.Collect$$rtentry$$00000000)
    __rt_entry_presh_1                       0x08000249   Thumb Code     0  __rtentry2.o(.ARM.Collect$$rtentry$$00000002)
    __rt_entry_sh                            0x08000249   Thumb Code     0  __rtentry4.o(.ARM.Collect$$rtentry$$00000004)
    __rt_entry_postsh_1                      0x0800024f   Thumb Code     0  __rtentry2.o(.ARM.Collect$$rtentry$$00000008)
    __rt_entry_li                            0x08000257   Thumb Code     0  __rtentry2.o(.ARM.Collect$$rtentry$$0000000A)
    __rt_entry_main                          0x0800025b   Thumb Code     0  __rtentry2.o(.ARM.Collect$$rtentry$$0000000D)
    __rt_entry_postli_1                      0x0800025b   Thumb Code     0  __rtentry2.o(.ARM.Collect$$rtentry$$0000000C)
    __rt_exit                                0x08000263   Thumb Code     0  rtexit.o(.ARM.Collect$$rtexit$$00000000)
    __rt_exit_ls                             0x08000265   Thumb Code     0  rtexit2.o(.ARM.Collect$$rtexit$$00000003)
    __rt_exit_prels_1                        0x08000265   Thumb Code     0  rtexit2.o(.ARM.Collect$$rtexit$$00000002)
    __rt_exit_exit                           0x08000269   Thumb Code     0  rtexit2.o(.ARM.Collect$$rtexit$$00000004)
    Reset_Handler                            0x08000271   Thumb Code     8  startup_stm32f429xx.o(.text)
    ADC_IRQHandler                           0x0800028b   Thumb Code     0  startup_stm32f429xx.o(.text)
    CAN1_RX0_IRQHandler                      0x0800028b   Thumb Code     0  startup_stm32f429xx.o(.text)
    CAN1_RX1_IRQHandler                      0x0800028b   Thumb Code     0  startup_stm32f429xx.o(.text)
    CAN1_SCE_IRQHandler                      0x0800028b   Thumb Code     0  startup_stm32f429xx.o(.text)
    CAN1_TX_IRQHandler                       0x0800028b   Thumb Code     0  startup_stm32f429xx.o(.text)
    CAN2_RX0_IRQHandler                      0x0800028b   Thumb Code     0  startup_stm32f429xx.o(.text)
    CAN2_RX1_IRQHandler                      0x0800028b   Thumb Code     0  startup_stm32f429xx.o(.text)
    CAN2_SCE_IRQHandler                      0x0800028b   Thumb Code     0  startup_stm32f429xx.o(.text)
    CAN2_TX_IRQHandler                       0x0800028b   Thumb Code     0  startup_stm32f429xx.o(.text)
    DCMI_IRQHandler                          0x0800028b   Thumb Code     0  startup_stm32f429xx.o(.text)
    DMA1_Stream0_IRQHandler                  0x0800028b   Thumb Code     0  startup_stm32f429xx.o(.text)
    DMA1_Stream1_IRQHandler                  0x0800028b   Thumb Code     0  startup_stm32f429xx.o(.text)
    DMA1_Stream2_IRQHandler                  0x0800028b   Thumb Code     0  startup_stm32f429xx.o(.text)
    DMA1_Stream3_IRQHandler                  0x0800028b   Thumb Code     0  startup_stm32f429xx.o(.text)
    DMA1_Stream4_IRQHandler                  0x0800028b   Thumb Code     0  startup_stm32f429xx.o(.text)
    DMA1_Stream5_IRQHandler                  0x0800028b   Thumb Code     0  startup_stm32f429xx.o(.text)
    DMA1_Stream6_IRQHandler                  0x0800028b   Thumb Code     0  startup_stm32f429xx.o(.text)
    DMA1_Stream7_IRQHandler                  0x0800028b   Thumb Code     0  startup_stm32f429xx.o(.text)
    DMA2D_IRQHandler                         0x0800028b   Thumb Code     0  startup_stm32f429xx.o(.text)
    DMA2_Stream0_IRQHandler                  0x0800028b   Thumb Code     0  startup_stm32f429xx.o(.text)
    DMA2_Stream1_IRQHandler                  0x0800028b   Thumb Code     0  startup_stm32f429xx.o(.text)
    DMA2_Stream2_IRQHandler                  0x0800028b   Thumb Code     0  startup_stm32f429xx.o(.text)
    DMA2_Stream3_IRQHandler                  0x0800028b   Thumb Code     0  startup_stm32f429xx.o(.text)
    DMA2_Stream4_IRQHandler                  0x0800028b   Thumb Code     0  startup_stm32f429xx.o(.text)
    DMA2_Stream5_IRQHandler                  0x0800028b   Thumb Code     0  startup_stm32f429xx.o(.text)
    DMA2_Stream6_IRQHandler                  0x0800028b   Thumb Code     0  startup_stm32f429xx.o(.text)
    DMA2_Stream7_IRQHandler                  0x0800028b   Thumb Code     0  startup_stm32f429xx.o(.text)
    ETH_IRQHandler                           0x0800028b   Thumb Code     0  startup_stm32f429xx.o(.text)
    ETH_WKUP_IRQHandler                      0x0800028b   Thumb Code     0  startup_stm32f429xx.o(.text)
    EXTI0_IRQHandler                         0x0800028b   Thumb Code     0  startup_stm32f429xx.o(.text)
    EXTI15_10_IRQHandler                     0x0800028b   Thumb Code     0  startup_stm32f429xx.o(.text)
    EXTI1_IRQHandler                         0x0800028b   Thumb Code     0  startup_stm32f429xx.o(.text)
    EXTI2_IRQHandler                         0x0800028b   Thumb Code     0  startup_stm32f429xx.o(.text)
    EXTI3_IRQHandler                         0x0800028b   Thumb Code     0  startup_stm32f429xx.o(.text)
    EXTI4_IRQHandler                         0x0800028b   Thumb Code     0  startup_stm32f429xx.o(.text)
    EXTI9_5_IRQHandler                       0x0800028b   Thumb Code     0  startup_stm32f429xx.o(.text)
    FLASH_IRQHandler                         0x0800028b   Thumb Code     0  startup_stm32f429xx.o(.text)
    FMC_IRQHandler                           0x0800028b   Thumb Code     0  startup_stm32f429xx.o(.text)
    FPU_IRQHandler                           0x0800028b   Thumb Code     0  startup_stm32f429xx.o(.text)
    HASH_RNG_IRQHandler                      0x0800028b   Thumb Code     0  startup_stm32f429xx.o(.text)
    I2C1_ER_IRQHandler                       0x0800028b   Thumb Code     0  startup_stm32f429xx.o(.text)
    I2C1_EV_IRQHandler                       0x0800028b   Thumb Code     0  startup_stm32f429xx.o(.text)
    I2C2_ER_IRQHandler                       0x0800028b   Thumb Code     0  startup_stm32f429xx.o(.text)
    I2C2_EV_IRQHandler                       0x0800028b   Thumb Code     0  startup_stm32f429xx.o(.text)
    I2C3_ER_IRQHandler                       0x0800028b   Thumb Code     0  startup_stm32f429xx.o(.text)
    I2C3_EV_IRQHandler                       0x0800028b   Thumb Code     0  startup_stm32f429xx.o(.text)
    LTDC_ER_IRQHandler                       0x0800028b   Thumb Code     0  startup_stm32f429xx.o(.text)
    LTDC_IRQHandler                          0x0800028b   Thumb Code     0  startup_stm32f429xx.o(.text)
    OTG_FS_IRQHandler                        0x0800028b   Thumb Code     0  startup_stm32f429xx.o(.text)
    OTG_FS_WKUP_IRQHandler                   0x0800028b   Thumb Code     0  startup_stm32f429xx.o(.text)
    OTG_HS_EP1_IN_IRQHandler                 0x0800028b   Thumb Code     0  startup_stm32f429xx.o(.text)
    OTG_HS_EP1_OUT_IRQHandler                0x0800028b   Thumb Code     0  startup_stm32f429xx.o(.text)
    OTG_HS_IRQHandler                        0x0800028b   Thumb Code     0  startup_stm32f429xx.o(.text)
    OTG_HS_WKUP_IRQHandler                   0x0800028b   Thumb Code     0  startup_stm32f429xx.o(.text)
    PVD_IRQHandler                           0x0800028b   Thumb Code     0  startup_stm32f429xx.o(.text)
    RCC_IRQHandler                           0x0800028b   Thumb Code     0  startup_stm32f429xx.o(.text)
    RTC_Alarm_IRQHandler                     0x0800028b   Thumb Code     0  startup_stm32f429xx.o(.text)
    RTC_WKUP_IRQHandler                      0x0800028b   Thumb Code     0  startup_stm32f429xx.o(.text)
    SAI1_IRQHandler                          0x0800028b   Thumb Code     0  startup_stm32f429xx.o(.text)
    SDIO_IRQHandler                          0x0800028b   Thumb Code     0  startup_stm32f429xx.o(.text)
    SPI1_IRQHandler                          0x0800028b   Thumb Code     0  startup_stm32f429xx.o(.text)
    SPI2_IRQHandler                          0x0800028b   Thumb Code     0  startup_stm32f429xx.o(.text)
    SPI3_IRQHandler                          0x0800028b   Thumb Code     0  startup_stm32f429xx.o(.text)
    SPI4_IRQHandler                          0x0800028b   Thumb Code     0  startup_stm32f429xx.o(.text)
    SPI5_IRQHandler                          0x0800028b   Thumb Code     0  startup_stm32f429xx.o(.text)
    SPI6_IRQHandler                          0x0800028b   Thumb Code     0  startup_stm32f429xx.o(.text)
    TAMP_STAMP_IRQHandler                    0x0800028b   Thumb Code     0  startup_stm32f429xx.o(.text)
    TIM1_BRK_TIM9_IRQHandler                 0x0800028b   Thumb Code     0  startup_stm32f429xx.o(.text)
    TIM1_CC_IRQHandler                       0x0800028b   Thumb Code     0  startup_stm32f429xx.o(.text)
    TIM1_TRG_COM_TIM11_IRQHandler            0x0800028b   Thumb Code     0  startup_stm32f429xx.o(.text)
    TIM1_UP_TIM10_IRQHandler                 0x0800028b   Thumb Code     0  startup_stm32f429xx.o(.text)
    TIM2_IRQHandler                          0x0800028b   Thumb Code     0  startup_stm32f429xx.o(.text)
    TIM3_IRQHandler                          0x0800028b   Thumb Code     0  startup_stm32f429xx.o(.text)
    TIM4_IRQHandler                          0x0800028b   Thumb Code     0  startup_stm32f429xx.o(.text)
    TIM5_IRQHandler                          0x0800028b   Thumb Code     0  startup_stm32f429xx.o(.text)
    TIM6_DAC_IRQHandler                      0x0800028b   Thumb Code     0  startup_stm32f429xx.o(.text)
    TIM7_IRQHandler                          0x0800028b   Thumb Code     0  startup_stm32f429xx.o(.text)
    TIM8_BRK_TIM12_IRQHandler                0x0800028b   Thumb Code     0  startup_stm32f429xx.o(.text)
    TIM8_CC_IRQHandler                       0x0800028b   Thumb Code     0  startup_stm32f429xx.o(.text)
    TIM8_TRG_COM_TIM14_IRQHandler            0x0800028b   Thumb Code     0  startup_stm32f429xx.o(.text)
    TIM8_UP_TIM13_IRQHandler                 0x0800028b   Thumb Code     0  startup_stm32f429xx.o(.text)
    UART4_IRQHandler                         0x0800028b   Thumb Code     0  startup_stm32f429xx.o(.text)
    UART5_IRQHandler                         0x0800028b   Thumb Code     0  startup_stm32f429xx.o(.text)
    UART7_IRQHandler                         0x0800028b   Thumb Code     0  startup_stm32f429xx.o(.text)
    UART8_IRQHandler                         0x0800028b   Thumb Code     0  startup_stm32f429xx.o(.text)
    USART1_IRQHandler                        0x0800028b   Thumb Code     0  startup_stm32f429xx.o(.text)
    USART2_IRQHandler                        0x0800028b   Thumb Code     0  startup_stm32f429xx.o(.text)
    USART3_IRQHandler                        0x0800028b   Thumb Code     0  startup_stm32f429xx.o(.text)
    USART6_IRQHandler                        0x0800028b   Thumb Code     0  startup_stm32f429xx.o(.text)
    WWDG_IRQHandler                          0x0800028b   Thumb Code     0  startup_stm32f429xx.o(.text)
    __user_initial_stackheap                 0x0800028d   Thumb Code     0  startup_stm32f429xx.o(.text)
    SVC_Handler                              0x080002b1   Thumb Code   108  irq_armv7m.o(.text)
    PendSV_Handler                           0x0800031d   Thumb Code    16  irq_armv7m.o(.text)
    SysTick_Handler                          0x0800032d   Thumb Code    16  irq_armv7m.o(.text)
    __aeabi_uldivmod                         0x08000345   Thumb Code     0  lludivv7m.o(.text)
    _ll_udiv                                 0x08000345   Thumb Code   238  lludivv7m.o(.text)
    __aeabi_memcpy                           0x08000433   Thumb Code     0  rt_memcpy_v6.o(.text)
    __rt_memcpy                              0x08000433   Thumb Code   138  rt_memcpy_v6.o(.text)
    _memcpy_lastbytes                        0x08000499   Thumb Code     0  rt_memcpy_v6.o(.text)
    __aeabi_memclr                           0x080004bd   Thumb Code     0  rt_memclr.o(.text)
    __rt_memclr                              0x080004bd   Thumb Code    68  rt_memclr.o(.text)
    _memset                                  0x080004c1   Thumb Code     0  rt_memclr.o(.text)
    __aeabi_memclr4                          0x08000501   Thumb Code     0  rt_memclr_w.o(.text)
    __aeabi_memclr8                          0x08000501   Thumb Code     0  rt_memclr_w.o(.text)
    __rt_memclr_w                            0x08000501   Thumb Code    78  rt_memclr_w.o(.text)
    _memset_w                                0x08000505   Thumb Code     0  rt_memclr_w.o(.text)
    __use_two_region_memory                  0x0800054f   Thumb Code     2  heapauxi.o(.text)
    __rt_heap_escrow$2region                 0x08000551   Thumb Code     2  heapauxi.o(.text)
    __rt_heap_expand$2region                 0x08000553   Thumb Code     2  heapauxi.o(.text)
    __aeabi_memcpy4                          0x08000555   Thumb Code     0  rt_memcpy_w.o(.text)
    __aeabi_memcpy8                          0x08000555   Thumb Code     0  rt_memcpy_w.o(.text)
    __rt_memcpy_w                            0x08000555   Thumb Code   100  rt_memcpy_w.o(.text)
    _memcpy_lastbytes_aligned                0x0800059d   Thumb Code     0  rt_memcpy_w.o(.text)
    __user_setup_stackheap                   0x080005b9   Thumb Code    74  sys_stackheap_outer.o(.text)
    exit                                     0x08000603   Thumb Code    18  exit.o(.text)
    __user_libspace                          0x08000615   Thumb Code     8  libspace.o(.text)
    __user_perproc_libspace                  0x08000615   Thumb Code     0  libspace.o(.text)
    _sys_exit                                0x0800061d   Thumb Code     8  sys_exit.o(.text)
    __I$use$semihosting                      0x08000629   Thumb Code     0  use_no_semi.o(.text)
    __use_no_semihosting_swi                 0x08000629   Thumb Code     2  use_no_semi.o(.text)
    __semihosting_library_function           0x0800062b   Thumb Code     0  indicate_semi.o(.text)
    OS_Tick_AcknowledgeIRQ                   0x080006e1   Thumb Code     8  os_systick.o(.text.OS_Tick_AcknowledgeIRQ)
    OS_Tick_Enable                           0x080006ed   Thumb Code    32  os_systick.o(.text.OS_Tick_Enable)
    OS_Tick_GetIRQn                          0x08000719   Thumb Code     6  os_systick.o(.text.OS_Tick_GetIRQn)
    OS_Tick_Setup                            0x08000721   Thumb Code    48  os_systick.o(.text.OS_Tick_Setup)
    osDelay                                  0x08000831   Thumb Code    32  rtx_delay.o(.text.osDelay)
    osKernelGetState                         0x08000855   Thumb Code    40  rtx_kernel.o(.text.osKernelGetState)
    osKernelGetTickCount                     0x08000885   Thumb Code    32  rtx_kernel.o(.text.osKernelGetTickCount)
    osKernelInitialize                       0x080008ad   Thumb Code    40  rtx_kernel.o(.text.osKernelInitialize)
    osKernelStart                            0x080008d9   Thumb Code    32  rtx_kernel.o(.text.osKernelStart)
    osMessageQueueGet                        0x080008fd   Thumb Code   108  rtx_msgqueue.o(.text.osMessageQueueGet)
    osMessageQueueNew                        0x0800096d   Thumb Code    32  rtx_msgqueue.o(.text.osMessageQueueNew)
    osMessageQueuePut                        0x08000991   Thumb Code   124  rtx_msgqueue.o(.text.osMessageQueuePut)
    osMutexAcquire                           0x08000a11   Thumb Code    32  rtx_mutex.o(.text.osMutexAcquire)
    osMutexDelete                            0x08000a35   Thumb Code    32  rtx_mutex.o(.text.osMutexDelete)
    osMutexNew                               0x08000a59   Thumb Code    32  rtx_mutex.o(.text.osMutexNew)
    osMutexRelease                           0x08000a7d   Thumb Code    32  rtx_mutex.o(.text.osMutexRelease)
    osRtxKernelErrorNotify                   0x08000aa1   Thumb Code     4  rtx_kernel.o(.text.osRtxKernelErrorNotify)
    osRtxKernelPreInit                       0x08000aa5   Thumb Code     2  rtx_kernel.o(.text.osRtxKernelPreInit)
    osRtxMemoryAlloc                         0x08000aa7   Thumb Code   108  rtx_memory.o(.text.osRtxMemoryAlloc)
    osRtxMemoryFree                          0x08000b13   Thumb Code    66  rtx_memory.o(.text.osRtxMemoryFree)
    osRtxMemoryInit                          0x08000b55   Thumb Code    54  rtx_memory.o(.text.osRtxMemoryInit)
    osRtxMemoryPoolAlloc                     0x08000b8b   Thumb Code    58  rtx_mempool.o(.text.osRtxMemoryPoolAlloc)
    osRtxMemoryPoolFree                      0x08000bc5   Thumb Code    74  rtx_mempool.o(.text.osRtxMemoryPoolFree)
    osRtxMemoryPoolInit                      0x08000c0f   Thumb Code    56  rtx_mempool.o(.text.osRtxMemoryPoolInit)
    osRtxMessageQueueTimerSetup              0x08000cf1   Thumb Code    32  rtx_msgqueue.o(.text.osRtxMessageQueueTimerSetup)
    osRtxMutexOwnerRelease                   0x08000d19   Thumb Code    72  rtx_mutex.o(.text.osRtxMutexOwnerRelease)
    osRtxMutexOwnerRestore                   0x08000d61   Thumb Code    72  rtx_mutex.o(.text.osRtxMutexOwnerRestore)
    osRtxPendSV_Handler                      0x08000da9   Thumb Code   136  rtx_system.o(.text.osRtxPendSV_Handler)
    osRtxPostProcess                         0x08000e35   Thumb Code   108  rtx_system.o(.text.osRtxPostProcess)
    osRtxThreadDelayTick                     0x08000fa1   Thumb Code    80  rtx_thread.o(.text.osRtxThreadDelayTick)
    osRtxThreadDispatch                      0x08001019   Thumb Code    80  rtx_thread.o(.text.osRtxThreadDispatch)
    osRtxThreadListGet                       0x080010e3   Thumb Code    18  rtx_thread.o(.text.osRtxThreadListGet)
    osRtxThreadListPut                       0x080010f5   Thumb Code    44  rtx_thread.o(.text.osRtxThreadListPut)
    osRtxThreadListRemove                    0x08001121   Thumb Code    20  rtx_thread.o(.text.osRtxThreadListRemove)
    osRtxThreadListSort                      0x08001135   Thumb Code    38  rtx_thread.o(.text.osRtxThreadListSort)
    osRtxThreadReadyPut                      0x08001185   Thumb Code    16  rtx_thread.o(.text.osRtxThreadReadyPut)
    osRtxThreadRegPtr                        0x08001199   Thumb Code     6  rtx_thread.o(.text.osRtxThreadRegPtr)
    osRtxThreadStartup                       0x080011a1   Thumb Code    48  rtx_thread.o(.text.osRtxThreadStartup)
    osRtxThreadSwitch                        0x080011dd   Thumb Code    12  rtx_thread.o(.text.osRtxThreadSwitch)
    osRtxThreadWaitEnter                     0x080011ed   Thumb Code    56  rtx_thread.o(.text.osRtxThreadWaitEnter)
    osRtxThreadWaitExit                      0x08001229   Thumb Code    34  rtx_thread.o(.text.osRtxThreadWaitExit)
    osRtxTick_Handler                        0x0800124d   Thumb Code   116  rtx_system.o(.text.osRtxTick_Handler)
    osRtxTimerSetup                          0x080012c5   Thumb Code    24  rtx_timer.o(.text.osRtxTimerSetup)
    osRtxTimerThread                         0x080012e5   Thumb Code    32  rtx_timer.o(.text.osRtxTimerThread)
    osThreadExit                             0x08001375   Thumb Code     8  rtx_thread.o(.text.osThreadExit)
    osThreadNew                              0x08001381   Thumb Code    32  rtx_thread.o(.text.osThreadNew)
    BusFault_Handler                         0x08001c85   Thumb Code     4  stm32f4xx_it.o(i.BusFault_Handler)
    DebugMon_Handler                         0x08001c89   Thumb Code     2  stm32f4xx_it.o(i.DebugMon_Handler)
    HAL_GPIO_Init                            0x08001c91   Thumb Code   474  stm32f4xx_hal_gpio.o(i.HAL_GPIO_Init)
    HAL_GPIO_WritePin                        0x08001ea1   Thumb Code    12  stm32f4xx_hal_gpio.o(i.HAL_GPIO_WritePin)
    HAL_GetREVID                             0x08001ead   Thumb Code     8  stm32f4xx_hal.o(i.HAL_GetREVID)
    HAL_GetTick                              0x08001eb9   Thumb Code    66  main.o(i.HAL_GetTick)
    HAL_Init                                 0x08001f05   Thumb Code    44  stm32f4xx_hal.o(i.HAL_Init)
    HAL_InitTick                             0x08001f35   Thumb Code    64  stm32f4xx_hal.o(i.HAL_InitTick)
    HAL_MspInit                              0x08001f81   Thumb Code     2  stm32f4xx_hal.o(i.HAL_MspInit)
    HAL_NVIC_SetPriority                     0x08001f83   Thumb Code   124  stm32f4xx_hal_cortex.o(i.HAL_NVIC_SetPriority)
    HAL_NVIC_SetPriorityGrouping             0x08002001   Thumb Code    32  stm32f4xx_hal_cortex.o(i.HAL_NVIC_SetPriorityGrouping)
    HAL_RCC_ClockConfig                      0x08002029   Thumb Code   368  stm32f4xx_hal_rcc.o(i.HAL_RCC_ClockConfig)
    HAL_RCC_GetSysClockFreq                  0x080021ad   Thumb Code   162  stm32f4xx_hal_rcc.o(i.HAL_RCC_GetSysClockFreq)
    HAL_RCC_OscConfig                        0x0800225d   Thumb Code  1172  stm32f4xx_hal_rcc.o(i.HAL_RCC_OscConfig)
    HAL_SYSTICK_Config                       0x080026f9   Thumb Code    52  stm32f4xx_hal_cortex.o(i.HAL_SYSTICK_Config)
    HardFault_Handler                        0x0800272d   Thumb Code     4  stm32f4xx_it.o(i.HardFault_Handler)
    Init_MsgQueue_Leds                       0x08002731   Thumb Code    32  th_mod_leds.o(i.Init_MsgQueue_Leds)
    Init_Th_Leds_Test                        0x08002755   Thumb Code    32  th_mod_leds.o(i.Init_Th_Leds_Test)
    Init_Thread_Leds                         0x0800277d   Thumb Code    32  th_mod_leds.o(i.Init_Thread_Leds)
    MemManage_Handler                        0x080027a5   Thumb Code     4  stm32f4xx_it.o(i.MemManage_Handler)
    NMI_Handler                              0x080027a9   Thumb Code     2  stm32f4xx_it.o(i.NMI_Handler)
    SystemCoreClockUpdate                    0x0800286d   Thumb Code   170  system_stm32f4xx.o(i.SystemCoreClockUpdate)
    SystemInit                               0x0800292d   Thumb Code    10  system_stm32f4xx.o(i.SystemInit)
    Th_Leds_Test                             0x0800293d   Thumb Code    58  th_mod_leds.o(i.Th_Leds_Test)
    Thread_Leds                              0x0800297d   Thumb Code    90  th_mod_leds.o(i.Thread_Leds)
    UsageFault_Handler                       0x080029e1   Thumb Code     4  stm32f4xx_it.o(i.UsageFault_Handler)
    _mutex_acquire                           0x08002a1d   Thumb Code    22  rtx_lib.o(i._mutex_acquire)
    _mutex_free                              0x08002a33   Thumb Code    12  rtx_lib.o(i._mutex_free)
    _mutex_initialize                        0x08002a3f   Thumb Code    34  rtx_lib.o(i._mutex_initialize)
    _mutex_release                           0x08002a61   Thumb Code    18  rtx_lib.o(i._mutex_release)
    _platform_post_stackheap_init            0x08002a73   Thumb Code     8  rtx_lib.o(i._platform_post_stackheap_init)
    initModLeds                              0x08002a7d   Thumb Code    92  th_mod_leds.o(i.initModLeds)
    main                                     0x08002ae1   Thumb Code    32  main.o(i.main)
    osRtxErrorNotify                         0x08002b01   Thumb Code    32  rtx_config.o(i.osRtxErrorNotify)
    osRtxIdleThread                          0x08002b21   Thumb Code     4  rtx_config.o(i.osRtxIdleThread)
    irqRtxLibRef                             0x08002ba4   Data           4  rtx_lib.o(.constdata)
    osRtxUserSVC                             0x08002ba8   Data           4  rtx_lib.o(.constdata)
    AHBPrescTable                            0x08002bac   Data          16  system_stm32f4xx.o(.constdata)
    APBPrescTable                            0x08002bbc   Data           8  system_stm32f4xx.o(.constdata)
    osRtxConfig                              0x08002bc4   Data         112  rtx_lib.o(.rodata)
    os_cb_sections                           0x08002c34   Data          56  rtx_lib.o(.rodata)
    irqRtxLib                                0x08002c6c   Number         0  irq_armv7m.o(.rodata)
    Region$$Table$$Base                      0x08002c7c   Number         0  anon$$obj.o(Region$$Table)
    Region$$Table$$Limit                     0x08002c9c   Number         0  anon$$obj.o(Region$$Table)
    .bss.os.msgqueue.cb$$Base                0x20008040   Number         0  rtx_lib.o(.bss.os.msgqueue.cb)
    .bss.os.msgqueue.cb$$Limit               0x20008074   Number         0  rtx_lib.o(.bss.os.msgqueue.cb)
    .bss.os.thread.cb$$Base                  0x200080c4   Number         0  rtx_lib.o(.bss.os.thread.cb)
    .bss.os.thread.cb$$Limit                 0x2000814c   Number         0  rtx_lib.o(.bss.os.thread.cb)
    tid_Th_Leds                              0x20008554   Data           4  th_mod_leds.o(.data)
    mid_MsgQueueLeds                         0x20008558   Data           4  th_mod_leds.o(.data)
    tid_Th_Leds_Test                         0x2000855c   Data           4  th_mod_leds.o(.data)
    uwTick                                   0x20008564   Data           4  stm32f4xx_hal.o(.data)
    uwTickPrio                               0x20008568   Data           4  stm32f4xx_hal.o(.data)
    uwTickFreq                               0x2000856c   Data           1  stm32f4xx_hal.o(.data)
    SystemCoreClock                          0x20008570   Data           4  system_stm32f4xx.o(.data)
    osRtxInfo                                0x20008574   Data         164  rtx_kernel.o(.data.os)
    __libspace_start                         0x20008618   Data          96  libspace.o(.bss)
    __temporary_stack_top$libspace           0x20008678   Data           0  libspace.o(.bss)



==============================================================================

Memory Map of the image

  Image Entry point : 0x080001ad

  Load Region LR_IROM1 (Base: 0x08000000, Size: 0x0000b2b4, Max: 0x00200000, ABSOLUTE, COMPRESSED[0x00002dbc])

    Execution Region ER_IROM1 (Exec base: 0x08000000, Load base: 0x08000000, Size: 0x00002c9c, Max: 0x00200000, ABSOLUTE)

    Exec Addr    Load Addr    Size         Type   Attr      Idx    E Section Name        Object

    0x08000000   0x08000000   0x000001ac   Data   RO         1149    RESET               startup_stm32f429xx.o
    0x080001ac   0x080001ac   0x00000008   Code   RO         1689  * !!!main             c_w.l(__main.o)
    0x080001b4   0x080001b4   0x00000034   Code   RO         1860    !!!scatter          c_w.l(__scatter.o)
    0x080001e8   0x080001e8   0x0000003a   Code   RO         1858    !!dczerorl          c_w.l(__dczerorl.o)
    0x08000222   0x08000222   0x00000002   PAD
    0x08000224   0x08000224   0x0000001c   Code   RO         1862    !!handler_zi        c_w.l(__scatter_zi.o)
    0x08000240   0x08000240   0x00000002   Code   RO         1726    .ARM.Collect$$libinit$$00000000  c_w.l(libinit.o)
    0x08000242   0x08000242   0x00000000   Code   RO         1739    .ARM.Collect$$libinit$$00000002  c_w.l(libinit2.o)
    0x08000242   0x08000242   0x00000000   Code   RO         1741    .ARM.Collect$$libinit$$00000004  c_w.l(libinit2.o)
    0x08000242   0x08000242   0x00000000   Code   RO         1744    .ARM.Collect$$libinit$$0000000A  c_w.l(libinit2.o)
    0x08000242   0x08000242   0x00000000   Code   RO         1746    .ARM.Collect$$libinit$$0000000C  c_w.l(libinit2.o)
    0x08000242   0x08000242   0x00000000   Code   RO         1748    .ARM.Collect$$libinit$$0000000E  c_w.l(libinit2.o)
    0x08000242   0x08000242   0x00000000   Code   RO         1751    .ARM.Collect$$libinit$$00000011  c_w.l(libinit2.o)
    0x08000242   0x08000242   0x00000000   Code   RO         1753    .ARM.Collect$$libinit$$00000013  c_w.l(libinit2.o)
    0x08000242   0x08000242   0x00000000   Code   RO         1755    .ARM.Collect$$libinit$$00000015  c_w.l(libinit2.o)
    0x08000242   0x08000242   0x00000000   Code   RO         1757    .ARM.Collect$$libinit$$00000017  c_w.l(libinit2.o)
    0x08000242   0x08000242   0x00000000   Code   RO         1759    .ARM.Collect$$libinit$$00000019  c_w.l(libinit2.o)
    0x08000242   0x08000242   0x00000000   Code   RO         1761    .ARM.Collect$$libinit$$0000001B  c_w.l(libinit2.o)
    0x08000242   0x08000242   0x00000000   Code   RO         1763    .ARM.Collect$$libinit$$0000001D  c_w.l(libinit2.o)
    0x08000242   0x08000242   0x00000000   Code   RO         1765    .ARM.Collect$$libinit$$0000001F  c_w.l(libinit2.o)
    0x08000242   0x08000242   0x00000000   Code   RO         1767    .ARM.Collect$$libinit$$00000021  c_w.l(libinit2.o)
    0x08000242   0x08000242   0x00000000   Code   RO         1769    .ARM.Collect$$libinit$$00000023  c_w.l(libinit2.o)
    0x08000242   0x08000242   0x00000000   Code   RO         1771    .ARM.Collect$$libinit$$00000025  c_w.l(libinit2.o)
    0x08000242   0x08000242   0x00000000   Code   RO         1775    .ARM.Collect$$libinit$$0000002C  c_w.l(libinit2.o)
    0x08000242   0x08000242   0x00000000   Code   RO         1777    .ARM.Collect$$libinit$$0000002E  c_w.l(libinit2.o)
    0x08000242   0x08000242   0x00000000   Code   RO         1779    .ARM.Collect$$libinit$$00000030  c_w.l(libinit2.o)
    0x08000242   0x08000242   0x00000000   Code   RO         1781    .ARM.Collect$$libinit$$00000032  c_w.l(libinit2.o)
    0x08000242   0x08000242   0x00000002   Code   RO         1782    .ARM.Collect$$libinit$$00000033  c_w.l(libinit2.o)
    0x08000244   0x08000244   0x00000002   Code   RO         1813    .ARM.Collect$$libshutdown$$00000000  c_w.l(libshutdown.o)
    0x08000246   0x08000246   0x00000000   Code   RO         1839    .ARM.Collect$$libshutdown$$00000002  c_w.l(libshutdown2.o)
    0x08000246   0x08000246   0x00000000   Code   RO         1841    .ARM.Collect$$libshutdown$$00000004  c_w.l(libshutdown2.o)
    0x08000246   0x08000246   0x00000000   Code   RO         1843    .ARM.Collect$$libshutdown$$00000006  c_w.l(libshutdown2.o)
    0x08000246   0x08000246   0x00000000   Code   RO         1846    .ARM.Collect$$libshutdown$$00000009  c_w.l(libshutdown2.o)
    0x08000246   0x08000246   0x00000000   Code   RO         1849    .ARM.Collect$$libshutdown$$0000000C  c_w.l(libshutdown2.o)
    0x08000246   0x08000246   0x00000000   Code   RO         1851    .ARM.Collect$$libshutdown$$0000000E  c_w.l(libshutdown2.o)
    0x08000246   0x08000246   0x00000000   Code   RO         1854    .ARM.Collect$$libshutdown$$00000011  c_w.l(libshutdown2.o)
    0x08000246   0x08000246   0x00000002   Code   RO         1855    .ARM.Collect$$libshutdown$$00000012  c_w.l(libshutdown2.o)
    0x08000248   0x08000248   0x00000000   Code   RO         1691    .ARM.Collect$$rtentry$$00000000  c_w.l(__rtentry.o)
    0x08000248   0x08000248   0x00000000   Code   RO         1699    .ARM.Collect$$rtentry$$00000002  c_w.l(__rtentry2.o)
    0x08000248   0x08000248   0x00000006   Code   RO         1711    .ARM.Collect$$rtentry$$00000004  c_w.l(__rtentry4.o)
    0x0800024e   0x0800024e   0x00000008   Code   RO         1700    .ARM.Collect$$rtentry$$00000008  c_w.l(__rtentry2.o)
    0x08000256   0x08000256   0x00000004   Code   RO         1702    .ARM.Collect$$rtentry$$0000000A  c_w.l(__rtentry2.o)
    0x0800025a   0x0800025a   0x00000000   Code   RO         1704    .ARM.Collect$$rtentry$$0000000C  c_w.l(__rtentry2.o)
    0x0800025a   0x0800025a   0x00000008   Code   RO         1705    .ARM.Collect$$rtentry$$0000000D  c_w.l(__rtentry2.o)
    0x08000262   0x08000262   0x00000002   Code   RO         1730    .ARM.Collect$$rtexit$$00000000  c_w.l(rtexit.o)
    0x08000264   0x08000264   0x00000000   Code   RO         1786    .ARM.Collect$$rtexit$$00000002  c_w.l(rtexit2.o)
    0x08000264   0x08000264   0x00000004   Code   RO         1787    .ARM.Collect$$rtexit$$00000003  c_w.l(rtexit2.o)
    0x08000268   0x08000268   0x00000006   Code   RO         1788    .ARM.Collect$$rtexit$$00000004  c_w.l(rtexit2.o)
    0x0800026e   0x0800026e   0x00000002   PAD
    0x08000270   0x08000270   0x00000040   Code   RO         1150    .text               startup_stm32f429xx.o
    0x080002b0   0x080002b0   0x00000094   Code   RO         1563    .text               RTX_CM3.lib(irq_armv7m.o)
    0x08000344   0x08000344   0x000000ee   Code   RO         1679    .text               c_w.l(lludivv7m.o)
    0x08000432   0x08000432   0x0000008a   Code   RO         1681    .text               c_w.l(rt_memcpy_v6.o)
    0x080004bc   0x080004bc   0x00000044   Code   RO         1683    .text               c_w.l(rt_memclr.o)
    0x08000500   0x08000500   0x0000004e   Code   RO         1685    .text               c_w.l(rt_memclr_w.o)
    0x0800054e   0x0800054e   0x00000006   Code   RO         1687    .text               c_w.l(heapauxi.o)
    0x08000554   0x08000554   0x00000064   Code   RO         1696    .text               c_w.l(rt_memcpy_w.o)
    0x080005b8   0x080005b8   0x0000004a   Code   RO         1715    .text               c_w.l(sys_stackheap_outer.o)
    0x08000602   0x08000602   0x00000012   Code   RO         1717    .text               c_w.l(exit.o)
    0x08000614   0x08000614   0x00000008   Code   RO         1727    .text               c_w.l(libspace.o)
    0x0800061c   0x0800061c   0x0000000c   Code   RO         1783    .text               c_w.l(sys_exit.o)
    0x08000628   0x08000628   0x00000002   Code   RO         1802    .text               c_w.l(use_no_semi.o)
    0x0800062a   0x0800062a   0x00000000   Code   RO         1804    .text               c_w.l(indicate_semi.o)
    0x0800062a   0x0800062a   0x00000040   Code   RO         1544    .text.MessageQueueGet  RTX_CM3.lib(rtx_msgqueue.o)
    0x0800066a   0x0800066a   0x00000058   Code   RO         1538    .text.MessageQueuePut  RTX_CM3.lib(rtx_msgqueue.o)
    0x080006c2   0x080006c2   0x0000001c   Code   RO         1536    .text.MessageQueueRemove  RTX_CM3.lib(rtx_msgqueue.o)
    0x080006de   0x080006de   0x00000002   PAD
    0x080006e0   0x080006e0   0x0000000c   Code   RO         1657    .text.OS_Tick_AcknowledgeIRQ  RTX_CM3.lib(os_systick.o)
    0x080006ec   0x080006ec   0x0000002c   Code   RO         1653    .text.OS_Tick_Enable  RTX_CM3.lib(os_systick.o)
    0x08000718   0x08000718   0x00000006   Code   RO         1659    .text.OS_Tick_GetIRQn  RTX_CM3.lib(os_systick.o)
    0x0800071e   0x0800071e   0x00000002   PAD
    0x08000720   0x08000720   0x00000040   Code   RO         1651    .text.OS_Tick_Setup  RTX_CM3.lib(os_systick.o)
    0x08000760   0x08000760   0x0000000c   Code   RO         1250    .text.OUTLINED_FUNCTION_0  RTX_CM3.lib(rtx_kernel.o)
    0x0800076c   0x0800076c   0x0000000c   Code   RO         1552    .text.OUTLINED_FUNCTION_0  RTX_CM3.lib(rtx_msgqueue.o)
    0x08000778   0x08000778   0x00000006   Code   RO         1252    .text.OUTLINED_FUNCTION_1  RTX_CM3.lib(rtx_kernel.o)
    0x0800077e   0x0800077e   0x00000006   Code   RO         1554    .text.OUTLINED_FUNCTION_1  RTX_CM3.lib(rtx_msgqueue.o)
    0x08000784   0x08000784   0x00000064   Code   RO         1342    .text.ThreadFlagsCheck  RTX_CM3.lib(rtx_thread.o)
    0x080007e8   0x080007e8   0x00000048   Code   RO         1442    .text.TimerInsert   RTX_CM3.lib(rtx_timer.o)
    0x08000830   0x08000830   0x00000024   Code   RO         1408    .text.osDelay       RTX_CM3.lib(rtx_delay.o)
    0x08000854   0x08000854   0x00000030   Code   RO         1202    .text.osKernelGetState  RTX_CM3.lib(rtx_kernel.o)
    0x08000884   0x08000884   0x00000028   Code   RO         1218    .text.osKernelGetTickCount  RTX_CM3.lib(rtx_kernel.o)
    0x080008ac   0x080008ac   0x0000002c   Code   RO         1196    .text.osKernelInitialize  RTX_CM3.lib(rtx_kernel.o)
    0x080008d8   0x080008d8   0x00000024   Code   RO         1206    .text.osKernelStart  RTX_CM3.lib(rtx_kernel.o)
    0x080008fc   0x080008fc   0x00000070   Code   RO         1512    .text.osMessageQueueGet  RTX_CM3.lib(rtx_msgqueue.o)
    0x0800096c   0x0800096c   0x00000024   Code   RO         1506    .text.osMessageQueueNew  RTX_CM3.lib(rtx_msgqueue.o)
    0x08000990   0x08000990   0x00000080   Code   RO         1510    .text.osMessageQueuePut  RTX_CM3.lib(rtx_msgqueue.o)
    0x08000a10   0x08000a10   0x00000024   Code   RO         1474    .text.osMutexAcquire  RTX_CM3.lib(rtx_mutex.o)
    0x08000a34   0x08000a34   0x00000024   Code   RO         1480    .text.osMutexDelete  RTX_CM3.lib(rtx_mutex.o)
    0x08000a58   0x08000a58   0x00000024   Code   RO         1470    .text.osMutexNew    RTX_CM3.lib(rtx_mutex.o)
    0x08000a7c   0x08000a7c   0x00000024   Code   RO         1476    .text.osMutexRelease  RTX_CM3.lib(rtx_mutex.o)
    0x08000aa0   0x08000aa0   0x00000004   Code   RO         1194    .text.osRtxKernelErrorNotify  RTX_CM3.lib(rtx_kernel.o)
    0x08000aa4   0x08000aa4   0x00000002   Code   RO         1192    .text.osRtxKernelPreInit  RTX_CM3.lib(rtx_kernel.o)
    0x08000aa6   0x08000aa6   0x0000006c   Code   RO         1573    .text.osRtxMemoryAlloc  RTX_CM3.lib(rtx_memory.o)
    0x08000b12   0x08000b12   0x00000042   Code   RO         1575    .text.osRtxMemoryFree  RTX_CM3.lib(rtx_memory.o)
    0x08000b54   0x08000b54   0x00000036   Code   RO         1571    .text.osRtxMemoryInit  RTX_CM3.lib(rtx_memory.o)
    0x08000b8a   0x08000b8a   0x0000003a   Code   RO         1587    .text.osRtxMemoryPoolAlloc  RTX_CM3.lib(rtx_mempool.o)
    0x08000bc4   0x08000bc4   0x0000004a   Code   RO         1589    .text.osRtxMemoryPoolFree  RTX_CM3.lib(rtx_mempool.o)
    0x08000c0e   0x08000c0e   0x00000038   Code   RO         1585    .text.osRtxMemoryPoolInit  RTX_CM3.lib(rtx_mempool.o)
    0x08000c46   0x08000c46   0x000000aa   Code   RO         1534    .text.osRtxMessageQueuePostProcess  RTX_CM3.lib(rtx_msgqueue.o)
    0x08000cf0   0x08000cf0   0x00000028   Code   RO         1502    .text.osRtxMessageQueueTimerSetup  RTX_CM3.lib(rtx_msgqueue.o)
    0x08000d18   0x08000d18   0x00000048   Code   RO         1466    .text.osRtxMutexOwnerRelease  RTX_CM3.lib(rtx_mutex.o)
    0x08000d60   0x08000d60   0x00000048   Code   RO         1468    .text.osRtxMutexOwnerRestore  RTX_CM3.lib(rtx_mutex.o)
    0x08000da8   0x08000da8   0x0000008c   Code   RO         1639    .text.osRtxPendSV_Handler  RTX_CM3.lib(rtx_system.o)
    0x08000e34   0x08000e34   0x00000074   Code   RO         1641    .text.osRtxPostProcess  RTX_CM3.lib(rtx_system.o)
    0x08000ea8   0x08000ea8   0x00000038   Code   RO         1282    .text.osRtxThreadBlock  RTX_CM3.lib(rtx_thread.o)
    0x08000ee0   0x08000ee0   0x00000080   Code   RO         1290    .text.osRtxThreadDelayInsert  RTX_CM3.lib(rtx_thread.o)
    0x08000f60   0x08000f60   0x00000040   Code   RO         1286    .text.osRtxThreadDelayRemove  RTX_CM3.lib(rtx_thread.o)
    0x08000fa0   0x08000fa0   0x00000054   Code   RO         1274    .text.osRtxThreadDelayTick  RTX_CM3.lib(rtx_thread.o)
    0x08000ff4   0x08000ff4   0x00000024   Code   RO         1374    .text.osRtxThreadDestroy  RTX_CM3.lib(rtx_thread.o)
    0x08001018   0x08001018   0x00000054   Code   RO         1280    .text.osRtxThreadDispatch  RTX_CM3.lib(rtx_thread.o)
    0x0800106c   0x0800106c   0x00000058   Code   RO         1366    .text.osRtxThreadFree  RTX_CM3.lib(rtx_thread.o)
    0x080010c4   0x080010c4   0x0000001e   Code   RO         1372    .text.osRtxThreadJoinWakeup  RTX_CM3.lib(rtx_thread.o)
    0x080010e2   0x080010e2   0x00000012   Code   RO         1266    .text.osRtxThreadListGet  RTX_CM3.lib(rtx_thread.o)
    0x080010f4   0x080010f4   0x0000002c   Code   RO         1264    .text.osRtxThreadListPut  RTX_CM3.lib(rtx_thread.o)
    0x08001120   0x08001120   0x00000014   Code   RO         1270    .text.osRtxThreadListRemove  RTX_CM3.lib(rtx_thread.o)
    0x08001134   0x08001134   0x00000026   Code   RO         1268    .text.osRtxThreadListSort  RTX_CM3.lib(rtx_thread.o)
    0x0800115a   0x0800115a   0x00000028   Code   RO         1340    .text.osRtxThreadPostProcess  RTX_CM3.lib(rtx_thread.o)
    0x08001182   0x08001182   0x00000002   PAD
    0x08001184   0x08001184   0x00000014   Code   RO         1272    .text.osRtxThreadReadyPut  RTX_CM3.lib(rtx_thread.o)
    0x08001198   0x08001198   0x00000006   Code   RO         1276    .text.osRtxThreadRegPtr  RTX_CM3.lib(rtx_thread.o)
    0x0800119e   0x0800119e   0x00000002   PAD
    0x080011a0   0x080011a0   0x0000003c   Code   RO         1292    .text.osRtxThreadStartup  RTX_CM3.lib(rtx_thread.o)
    0x080011dc   0x080011dc   0x00000010   Code   RO         1278    .text.osRtxThreadSwitch  RTX_CM3.lib(rtx_thread.o)
    0x080011ec   0x080011ec   0x0000003c   Code   RO         1288    .text.osRtxThreadWaitEnter  RTX_CM3.lib(rtx_thread.o)
    0x08001228   0x08001228   0x00000022   Code   RO         1284    .text.osRtxThreadWaitExit  RTX_CM3.lib(rtx_thread.o)
    0x0800124a   0x0800124a   0x00000002   PAD
    0x0800124c   0x0800124c   0x00000078   Code   RO         1637    .text.osRtxTick_Handler  RTX_CM3.lib(rtx_system.o)
    0x080012c4   0x080012c4   0x00000020   Code   RO         1424    .text.osRtxTimerSetup  RTX_CM3.lib(rtx_timer.o)
    0x080012e4   0x080012e4   0x00000020   Code   RO         1428    .text.osRtxTimerThread  RTX_CM3.lib(rtx_timer.o)
    0x08001304   0x08001304   0x00000070   Code   RO         1426    .text.osRtxTimerTick  RTX_CM3.lib(rtx_timer.o)
    0x08001374   0x08001374   0x0000000c   Code   RO         1324    .text.osThreadExit  RTX_CM3.lib(rtx_thread.o)
    0x08001380   0x08001380   0x00000024   Code   RO         1296    .text.osThreadNew   RTX_CM3.lib(rtx_thread.o)
    0x080013a4   0x080013a4   0x00000016   Code   RO         1412    .text.svcRtxDelay   RTX_CM3.lib(rtx_delay.o)
    0x080013ba   0x080013ba   0x00000002   PAD
    0x080013bc   0x080013bc   0x0000000c   Code   RO         1204    .text.svcRtxKernelGetState  RTX_CM3.lib(rtx_kernel.o)
    0x080013c8   0x080013c8   0x0000000c   Code   RO         1220    .text.svcRtxKernelGetTickCount  RTX_CM3.lib(rtx_kernel.o)
    0x080013d4   0x080013d4   0x00000100   Code   RO         1234    .text.svcRtxKernelInitialize  RTX_CM3.lib(rtx_kernel.o)
    0x080014d4   0x080014d4   0x0000008c   Code   RO         1236    .text.svcRtxKernelStart  RTX_CM3.lib(rtx_kernel.o)
    0x08001560   0x08001560   0x000000cc   Code   RO         1546    .text.svcRtxMessageQueueGet  RTX_CM3.lib(rtx_msgqueue.o)
    0x0800162c   0x0800162c   0x00000118   Code   RO         1504    .text.svcRtxMessageQueueNew  RTX_CM3.lib(rtx_msgqueue.o)
    0x08001744   0x08001744   0x000000ac   Code   RO         1542    .text.svcRtxMessageQueuePut  RTX_CM3.lib(rtx_msgqueue.o)
    0x080017f0   0x080017f0   0x00000090   Code   RO         1486    .text.svcRtxMutexAcquire  RTX_CM3.lib(rtx_mutex.o)
    0x08001880   0x08001880   0x000000b0   Code   RO         1492    .text.svcRtxMutexDelete  RTX_CM3.lib(rtx_mutex.o)
    0x08001930   0x08001930   0x00000068   Code   RO         1482    .text.svcRtxMutexNew  RTX_CM3.lib(rtx_mutex.o)
    0x08001998   0x08001998   0x000000b4   Code   RO         1488    .text.svcRtxMutexRelease  RTX_CM3.lib(rtx_mutex.o)
    0x08001a4c   0x08001a4c   0x0000004c   Code   RO         1370    .text.svcRtxThreadExit  RTX_CM3.lib(rtx_thread.o)
    0x08001a98   0x08001a98   0x000001ec   Code   RO         1294    .text.svcRtxThreadNew  RTX_CM3.lib(rtx_thread.o)
    0x08001c84   0x08001c84   0x00000004   Code   RO          138    i.BusFault_Handler  stm32f4xx_it.o
    0x08001c88   0x08001c88   0x00000002   Code   RO          139    i.DebugMon_Handler  stm32f4xx_it.o
    0x08001c8a   0x08001c8a   0x00000006   Code   RO            4    i.Error_Handler     main.o
    0x08001c90   0x08001c90   0x00000210   Code   RO          727    i.HAL_GPIO_Init     stm32f4xx_hal_gpio.o
    0x08001ea0   0x08001ea0   0x0000000c   Code   RO          731    i.HAL_GPIO_WritePin  stm32f4xx_hal_gpio.o
    0x08001eac   0x08001eac   0x0000000c   Code   RO          400    i.HAL_GetREVID      stm32f4xx_hal.o
    0x08001eb8   0x08001eb8   0x0000004c   Code   RO            5    i.HAL_GetTick       main.o
    0x08001f04   0x08001f04   0x00000030   Code   RO          408    i.HAL_Init          stm32f4xx_hal.o
    0x08001f34   0x08001f34   0x0000004c   Code   RO          409    i.HAL_InitTick      stm32f4xx_hal.o
    0x08001f80   0x08001f80   0x00000002   Code   RO          411    i.HAL_MspInit       stm32f4xx_hal.o
    0x08001f82   0x08001f82   0x0000007c   Code   RO          595    i.HAL_NVIC_SetPriority  stm32f4xx_hal_cortex.o
    0x08001ffe   0x08001ffe   0x00000002   PAD
    0x08002000   0x08002000   0x00000028   Code   RO          596    i.HAL_NVIC_SetPriorityGrouping  stm32f4xx_hal_cortex.o
    0x08002028   0x08002028   0x00000184   Code   RO          983    i.HAL_RCC_ClockConfig  stm32f4xx_hal_rcc.o
    0x080021ac   0x080021ac   0x000000b0   Code   RO          992    i.HAL_RCC_GetSysClockFreq  stm32f4xx_hal_rcc.o
    0x0800225c   0x0800225c   0x0000049c   Code   RO          995    i.HAL_RCC_OscConfig  stm32f4xx_hal_rcc.o
    0x080026f8   0x080026f8   0x00000034   Code   RO          600    i.HAL_SYSTICK_Config  stm32f4xx_hal_cortex.o
    0x0800272c   0x0800272c   0x00000004   Code   RO          140    i.HardFault_Handler  stm32f4xx_it.o
    0x08002730   0x08002730   0x00000024   Code   RO          195    i.Init_MsgQueue_Leds  th_mod_leds.o
    0x08002754   0x08002754   0x00000028   Code   RO          196    i.Init_Th_Leds_Test  th_mod_leds.o
    0x0800277c   0x0800277c   0x00000028   Code   RO          197    i.Init_Thread_Leds  th_mod_leds.o
    0x080027a4   0x080027a4   0x00000004   Code   RO          141    i.MemManage_Handler  stm32f4xx_it.o
    0x080027a8   0x080027a8   0x00000002   Code   RO          142    i.NMI_Handler       stm32f4xx_it.o
    0x080027aa   0x080027aa   0x00000002   PAD
    0x080027ac   0x080027ac   0x000000c0   Code   RO            6    i.SystemClock_Config  main.o
    0x0800286c   0x0800286c   0x000000c0   Code   RO         1157    i.SystemCoreClockUpdate  system_stm32f4xx.o
    0x0800292c   0x0800292c   0x00000010   Code   RO         1158    i.SystemInit        system_stm32f4xx.o
    0x0800293c   0x0800293c   0x00000040   Code   RO          198    i.Th_Leds_Test      th_mod_leds.o
    0x0800297c   0x0800297c   0x00000064   Code   RO          199    i.Thread_Leds       th_mod_leds.o
    0x080029e0   0x080029e0   0x00000004   Code   RO          143    i.UsageFault_Handler  stm32f4xx_it.o
    0x080029e4   0x080029e4   0x00000010   Code   RO          602    i.__NVIC_GetPriorityGrouping  stm32f4xx_hal_cortex.o
    0x080029f4   0x080029f4   0x00000028   Code   RO          603    i.__NVIC_SetPriority  stm32f4xx_hal_cortex.o
    0x08002a1c   0x08002a1c   0x00000016   Code   RO          268    i._mutex_acquire    rtx_lib.o
    0x08002a32   0x08002a32   0x0000000c   Code   RO          269    i._mutex_free       rtx_lib.o
    0x08002a3e   0x08002a3e   0x00000022   Code   RO          270    i._mutex_initialize  rtx_lib.o
    0x08002a60   0x08002a60   0x00000012   Code   RO          271    i._mutex_release    rtx_lib.o
    0x08002a72   0x08002a72   0x00000008   Code   RO          272    i._platform_post_stackheap_init  rtx_lib.o
    0x08002a7a   0x08002a7a   0x00000002   PAD
    0x08002a7c   0x08002a7c   0x00000064   Code   RO          201    i.initModLeds       th_mod_leds.o
    0x08002ae0   0x08002ae0   0x00000020   Code   RO            7    i.main              main.o
    0x08002b00   0x08002b00   0x00000020   Code   RO          352    i.osRtxErrorNotify  rtx_config.o
    0x08002b20   0x08002b20   0x00000004   Code   RO          353    i.osRtxIdleThread   rtx_config.o
    0x08002b24   0x08002b24   0x00000020   Code   RO          273    i.os_kernel_is_active  rtx_lib.o
    0x08002b44   0x08002b44   0x00000068   Data   RO          281    .constdata          rtx_lib.o
    0x08002bac   0x08002bac   0x00000018   Data   RO         1159    .constdata          system_stm32f4xx.o
    0x08002bc4   0x08002bc4   0x000000a8   Data   RO          283    .rodata             rtx_lib.o
    0x08002c6c   0x08002c6c   0x00000001   Data   RO         1564    .rodata             RTX_CM3.lib(irq_armv7m.o)
    0x08002c6d   0x08002c6d   0x00000003   PAD
    0x08002c70   0x08002c70   0x0000000b   Data   RO         1254    .rodata.str1.4      RTX_CM3.lib(rtx_kernel.o)
    0x08002c7b   0x08002c7b   0x00000001   PAD
    0x08002c7c   0x08002c7c   0x00000020   Data   RO         1856    Region$$Table       anon$$obj.o


    Execution Region RW_IRAM1 (Exec base: 0x20000000, Load base: 0x08002c9c, Size: 0x00008c80, Max: 0x00030000, ABSOLUTE, COMPRESSED[0x00000120])

    Exec Addr    Load Addr    Size         Type   Attr      Idx    E Section Name        Object

    0x20000000   COMPRESSED   0x00008040   Data   RW          274    .bss.os             rtx_lib.o
    0x20008040   COMPRESSED   0x00000034   Data   RW          276    .bss.os.msgqueue.cb  rtx_lib.o
    0x20008074   COMPRESSED   0x00000050   Data   RW          277    .bss.os.msgqueue.mem  rtx_lib.o
    0x200080c4   COMPRESSED   0x00000088   Data   RW          278    .bss.os.thread.cb   rtx_lib.o
    0x2000814c   COMPRESSED   0x00000004   PAD
    0x20008150   COMPRESSED   0x00000200   Data   RW          279    .bss.os.thread.idle.stack  rtx_lib.o
    0x20008350   COMPRESSED   0x00000200   Data   RW          280    .bss.os.thread.timer.stack  rtx_lib.o
    0x20008550   COMPRESSED   0x00000004   Data   RW            8    .data               main.o
    0x20008554   COMPRESSED   0x0000000c   Data   RW          202    .data               th_mod_leds.o
    0x20008560   COMPRESSED   0x00000001   Data   RW          282    .data               rtx_lib.o
    0x20008561   COMPRESSED   0x00000003   PAD
    0x20008564   COMPRESSED   0x00000009   Data   RW          415    .data               stm32f4xx_hal.o
    0x2000856d   COMPRESSED   0x00000003   PAD
    0x20008570   COMPRESSED   0x00000004   Data   RW         1160    .data               system_stm32f4xx.o
    0x20008574   COMPRESSED   0x000000a4   Data   RW         1255    .data.os            RTX_CM3.lib(rtx_kernel.o)
    0x20008618        -       0x00000060   Zero   RW         1728    .bss                c_w.l(libspace.o)
    0x20008678        -       0x00000001   Zero   RW         1669    .bss.os             RTX_CM3.lib(os_systick.o)
    0x20008679   COMPRESSED   0x00000007   PAD
    0x20008680        -       0x00000200   Zero   RW         1148    HEAP                startup_stm32f429xx.o
    0x20008880        -       0x00000400   Zero   RW         1147    STACK               startup_stm32f429xx.o


==============================================================================

Image component sizes


      Code (inc. data)   RO Data    RW Data    ZI Data      Debug   Object Name

       306         22          0          4          0     699233   main.o
        36          6          0          0          0        989   rtx_config.o
       126          4        272      34125          0      12874   rtx_lib.o
        64         26        428          0       1536        828   startup_stm32f429xx.o
       138         20          0          9          0       9254   stm32f4xx_hal.o
       272         22          0          0          0      34034   stm32f4xx_hal_cortex.o
       540         54          0          0          0       2280   stm32f4xx_hal_gpio.o
      1744         58          0          0          0       4088   stm32f4xx_hal_rcc.o
        20          0          0          0          0       2433   stm32f4xx_it.o
       208         28         24          4          0       1931   system_stm32f4xx.o
       380         44          0         12          0       8103   th_mod_leds.o

    ----------------------------------------------------------------------
      3840        284        756      34164       1536     776047   Object Totals
         0          0         32          0          0          0   (incl. Generated)
         6          0          0         10          0          0   (incl. Padding)

    ----------------------------------------------------------------------

      Code (inc. data)   RO Data    RW Data    ZI Data      Debug   Library Member Name

       148          8          1          0          0        591   irq_armv7m.o
       126         32          0          0          1       3196   os_systick.o
        58          4          0          0          0       2797   rtx_delay.o
       612         60         11        164          0      16781   rtx_kernel.o
       228          0          0          0          0       2590   rtx_memory.o
       188          0          0          0          0      16188   rtx_mempool.o
      1340         36          0          0          0      18765   rtx_msgqueue.o
       892         32          0          0          0      10068   rtx_mutex.o
       376         26          0          0          0       5444   rtx_system.o
      1642         84          0          0          0      32441   rtx_thread.o
       248         16          0          0          0      10433   rtx_timer.o
        58          0          0          0          0          0   __dczerorl.o
         8          0          0          0          0         68   __main.o
         0          0          0          0          0          0   __rtentry.o
        20          0          0          0          0          0   __rtentry2.o
         6          0          0          0          0          0   __rtentry4.o
        52          8          0          0          0          0   __scatter.o
        28          0          0          0          0          0   __scatter_zi.o
        18          0          0          0          0         80   exit.o
         6          0          0          0          0        152   heapauxi.o
         0          0          0          0          0          0   indicate_semi.o
         2          0          0          0          0          0   libinit.o
         2          0          0          0          0          0   libinit2.o
         2          0          0          0          0          0   libshutdown.o
         2          0          0          0          0          0   libshutdown2.o
         8          4          0          0         96         68   libspace.o
       238          0          0          0          0        100   lludivv7m.o
        68          0          0          0          0         68   rt_memclr.o
        78          0          0          0          0         80   rt_memclr_w.o
       138          0          0          0          0         68   rt_memcpy_v6.o
       100          0          0          0          0         80   rt_memcpy_w.o
         2          0          0          0          0          0   rtexit.o
        10          0          0          0          0          0   rtexit2.o
        12          4          0          0          0         68   sys_exit.o
        74          0          0          0          0         80   sys_stackheap_outer.o
         2          0          0          0          0         68   use_no_semi.o

    ----------------------------------------------------------------------
      6808        314         16        164        104     120274   Library Totals
        16          0          4          0          7          0   (incl. Padding)

    ----------------------------------------------------------------------

      Code (inc. data)   RO Data    RW Data    ZI Data      Debug   Library Name

      5858        298         12        164          1     119294   RTX_CM3.lib
       934         16          0          0         96        980   c_w.l

    ----------------------------------------------------------------------
      6808        314         16        164        104     120274   Library Totals

    ----------------------------------------------------------------------

==============================================================================


      Code (inc. data)   RO Data    RW Data    ZI Data      Debug   

     10648        598        772      34328       1640     893849   Grand Totals
     10648        598        772        288       1640     893849   ELF Image Totals (compressed)
     10648        598        772        288          0          0   ROM Totals

==============================================================================

    Total RO  Size (Code + RO Data)                11420 (  11.15kB)
    Total RW  Size (RW Data + ZI Data)             35968 (  35.13kB)
    Total ROM Size (Code + RO Data + RW Data)      11708 (  11.43kB)

==============================================================================

